Archive member included to satisfy reference by file (symbol)

C:/ST/STM32CubeIDE_1.10.1/STM32CubeIDE/plugins/com.st.stm32cube.ide.mcu.externaltools.gnu-tools-for-stm32.11.3.rel1.win32_1.1.0.202305231506/tools/bin/../lib/gcc/arm-none-eabi/11.3.1/../../../../arm-none-eabi/lib/thumb/v7e-m+fp/hard\libc_nano.a(libc_a-exit.o)
                              C:/ST/STM32CubeIDE_1.10.1/STM32CubeIDE/plugins/com.st.stm32cube.ide.mcu.externaltools.gnu-tools-for-stm32.11.3.rel1.win32_1.1.0.202305231506/tools/bin/../lib/gcc/arm-none-eabi/11.3.1/../../../../arm-none-eabi/lib/thumb/v7e-m+fp/hard/crt0.o (exit)
C:/ST/STM32CubeIDE_1.10.1/STM32CubeIDE/plugins/com.st.stm32cube.ide.mcu.externaltools.gnu-tools-for-stm32.11.3.rel1.win32_1.1.0.202305231506/tools/bin/../lib/gcc/arm-none-eabi/11.3.1/../../../../arm-none-eabi/lib/thumb/v7e-m+fp/hard\libc_nano.a(libc_a-malloc.o)
                              ./Middlewares/ST/STM32_USB_Device_Library/Class/CDC/Src/usbd_cdc.o (malloc)
C:/ST/STM32CubeIDE_1.10.1/STM32CubeIDE/plugins/com.st.stm32cube.ide.mcu.externaltools.gnu-tools-for-stm32.11.3.rel1.win32_1.1.0.202305231506/tools/bin/../lib/gcc/arm-none-eabi/11.3.1/../../../../arm-none-eabi/lib/thumb/v7e-m+fp/hard\libc_nano.a(libc_a-mallocr.o)
                              C:/ST/STM32CubeIDE_1.10.1/STM32CubeIDE/plugins/com.st.stm32cube.ide.mcu.externaltools.gnu-tools-for-stm32.11.3.rel1.win32_1.1.0.202305231506/tools/bin/../lib/gcc/arm-none-eabi/11.3.1/../../../../arm-none-eabi/lib/thumb/v7e-m+fp/hard\libc_nano.a(libc_a-malloc.o) (_malloc_r)
C:/ST/STM32CubeIDE_1.10.1/STM32CubeIDE/plugins/com.st.stm32cube.ide.mcu.externaltools.gnu-tools-for-stm32.11.3.rel1.win32_1.1.0.202305231506/tools/bin/../lib/gcc/arm-none-eabi/11.3.1/../../../../arm-none-eabi/lib/thumb/v7e-m+fp/hard\libc_nano.a(libc_a-mlock.o)
                              C:/ST/STM32CubeIDE_1.10.1/STM32CubeIDE/plugins/com.st.stm32cube.ide.mcu.externaltools.gnu-tools-for-stm32.11.3.rel1.win32_1.1.0.202305231506/tools/bin/../lib/gcc/arm-none-eabi/11.3.1/../../../../arm-none-eabi/lib/thumb/v7e-m+fp/hard\libc_nano.a(libc_a-mallocr.o) (__malloc_lock)
C:/ST/STM32CubeIDE_1.10.1/STM32CubeIDE/plugins/com.st.stm32cube.ide.mcu.externaltools.gnu-tools-for-stm32.11.3.rel1.win32_1.1.0.202305231506/tools/bin/../lib/gcc/arm-none-eabi/11.3.1/../../../../arm-none-eabi/lib/thumb/v7e-m+fp/hard\libc_nano.a(libc_a-findfp.o)
                              C:/ST/STM32CubeIDE_1.10.1/STM32CubeIDE/plugins/com.st.stm32cube.ide.mcu.externaltools.gnu-tools-for-stm32.11.3.rel1.win32_1.1.0.202305231506/tools/bin/../lib/gcc/arm-none-eabi/11.3.1/../../../../arm-none-eabi/lib/thumb/v7e-m+fp/hard\libc_nano.a(libc_a-exit.o) (__stdio_exit_handler)
C:/ST/STM32CubeIDE_1.10.1/STM32CubeIDE/plugins/com.st.stm32cube.ide.mcu.externaltools.gnu-tools-for-stm32.11.3.rel1.win32_1.1.0.202305231506/tools/bin/../lib/gcc/arm-none-eabi/11.3.1/../../../../arm-none-eabi/lib/thumb/v7e-m+fp/hard\libc_nano.a(libc_a-fwalk.o)
                              C:/ST/STM32CubeIDE_1.10.1/STM32CubeIDE/plugins/com.st.stm32cube.ide.mcu.externaltools.gnu-tools-for-stm32.11.3.rel1.win32_1.1.0.202305231506/tools/bin/../lib/gcc/arm-none-eabi/11.3.1/../../../../arm-none-eabi/lib/thumb/v7e-m+fp/hard\libc_nano.a(libc_a-findfp.o) (_fwalk_sglue)
C:/ST/STM32CubeIDE_1.10.1/STM32CubeIDE/plugins/com.st.stm32cube.ide.mcu.externaltools.gnu-tools-for-stm32.11.3.rel1.win32_1.1.0.202305231506/tools/bin/../lib/gcc/arm-none-eabi/11.3.1/../../../../arm-none-eabi/lib/thumb/v7e-m+fp/hard\libc_nano.a(libc_a-stdio.o)
                              C:/ST/STM32CubeIDE_1.10.1/STM32CubeIDE/plugins/com.st.stm32cube.ide.mcu.externaltools.gnu-tools-for-stm32.11.3.rel1.win32_1.1.0.202305231506/tools/bin/../lib/gcc/arm-none-eabi/11.3.1/../../../../arm-none-eabi/lib/thumb/v7e-m+fp/hard\libc_nano.a(libc_a-findfp.o) (__sread)
C:/ST/STM32CubeIDE_1.10.1/STM32CubeIDE/plugins/com.st.stm32cube.ide.mcu.externaltools.gnu-tools-for-stm32.11.3.rel1.win32_1.1.0.202305231506/tools/bin/../lib/gcc/arm-none-eabi/11.3.1/../../../../arm-none-eabi/lib/thumb/v7e-m+fp/hard\libc_nano.a(libc_a-vsnprintf.o)
                              ./USB_DEVICE/App/usbd_cdc_if.o (vsnprintf)
C:/ST/STM32CubeIDE_1.10.1/STM32CubeIDE/plugins/com.st.stm32cube.ide.mcu.externaltools.gnu-tools-for-stm32.11.3.rel1.win32_1.1.0.202305231506/tools/bin/../lib/gcc/arm-none-eabi/11.3.1/../../../../arm-none-eabi/lib/thumb/v7e-m+fp/hard\libc_nano.a(libc_a-memcmp.o)
                              ./Core/Src/lt7911ux.o (memcmp)
C:/ST/STM32CubeIDE_1.10.1/STM32CubeIDE/plugins/com.st.stm32cube.ide.mcu.externaltools.gnu-tools-for-stm32.11.3.rel1.win32_1.1.0.202305231506/tools/bin/../lib/gcc/arm-none-eabi/11.3.1/../../../../arm-none-eabi/lib/thumb/v7e-m+fp/hard\libc_nano.a(libc_a-memset.o)
[...]
Memory Configuration

Name             Origin             Length             Attributes
RAM              0x0000000020000000 0x0000000000040000 xrw
FLASH            0x0000000008020000 0x0000000000060000 xr
*default*        0x0000000000000000 0xffffffffffffffff

Linker script and memory map

LOAD C:/ST/STM32CubeIDE_1.10.1/STM32CubeIDE/plugins/com.st.stm32cube.ide.mcu.externaltools.gnu-tools-for-stm32.11.3.rel1.win32_1.1.0.202305231506/tools/bin/../lib/gcc/arm-none-eabi/11.3.1/thumb/v7e-m+fp/hard/crti.o
LOAD C:/ST/STM32CubeIDE_1.10.1/STM32CubeIDE/plugins/com.st.stm32cube.ide.mcu.externaltools.gnu-tools-for-stm32.11.3.rel1.win32_1.1.0.202305231506/tools/bin/../lib/gcc/arm-none-eabi/11.3.1/thumb/v7e-m+fp/hard/crtbegin.o
LOAD C:/ST/STM32CubeIDE_1.10.1/STM32CubeIDE/plugins/com.st.stm32cube.ide.mcu.externaltools.gnu-tools-for-stm32.11.3.rel1.win32_1.1.0.202305231506/tools/bin/../lib/gcc/arm-none-eabi/11.3.1/../../../../arm-none-eabi/lib/thumb/v7e-m+fp/hard/crt0.o
LOAD ./Core/Src/al3010.o
LOAD ./Core/Src/dma.o
LOAD ./Core/Src/ecx343.o
LOAD ./Core/Src/gpio.o
LOAD ./Core/Src/i2c.o
LOAD ./Core/Src/i2s.o
LOAD ./Core/Src/lt7911_fw.o
LOAD ./Core/Src/lt7911ux.o
LOAD ./Core/Src/main.o
LOAD ./Core/Src/pingpong_buf.o
LOAD ./Core/Src/rpr0521.o
LOAD ./Core/Src/spi.o
LOAD ./Core/Src/stm32f7xx_hal_msp.o
LOAD ./Core/Src/stm32f7xx_it.o
LOAD ./Core/Src/syscalls.o
LOAD ./Core/Src/sysmem.o
LOAD ./Core/Src/system_stm32f7xx.o
LOAD ./Core/Startup/startup_stm32f723veyx.o
LOAD ./Drivers/STM32F7xx_HAL_Driver/Src/stm32f7xx_hal.o
LOAD ./Drivers/STM32F7xx_HAL_Driver/Src/stm32f7xx_hal_cortex.o
LOAD ./Drivers/STM32F7xx_HAL_Driver/Src/stm32f7xx_hal_dma.o
LOAD ./Drivers/STM32F7xx_HAL_Driver/Src/stm32f7xx_hal_dma_ex.o
LOAD ./Drivers/STM32F7xx_HAL_Driver/Src/stm32f7xx_hal_exti.o
LOAD ./Drivers/STM32F7xx_HAL_Driver/Src/stm32f7xx_hal_flash.o
LOAD ./Drivers/STM32F7xx_HAL_Driver/Src/stm32f7xx_hal_flash_ex.o
LOAD ./Drivers/STM32F7xx_HAL_Driver/Src/stm32f7xx_hal_gpio.o
LOAD ./Drivers/STM32F7xx_HAL_Driver/Src/stm32f7xx_hal_i2c.o
LOAD ./Drivers/STM32F7xx_HAL_Driver/Src/stm32f7xx_hal_i2c_ex.o
LOAD ./Drivers/STM32F7xx_HAL_Driver/Src/stm32f7xx_hal_i2s.o
LOAD ./Drivers/STM32F7xx_HAL_Driver/Src/stm32f7xx_hal_pcd.o
LOAD ./Drivers/STM32F7xx_HAL_Driver/Src/stm32f7xx_hal_pcd_ex.o
LOAD ./Drivers/STM32F7xx_HAL_Driver/Src/stm32f7xx_hal_pwr.o
LOAD ./Drivers/STM32F7xx_HAL_Driver/Src/stm32f7xx_hal_pwr_ex.o
LOAD ./Drivers/STM32F7xx_HAL_Driver/Src/stm32f7xx_hal_rcc.o
LOAD ./Drivers/STM32F7xx_HAL_Driver/Src/stm32f7xx_hal_rcc_ex.o
LOAD ./Drivers/STM32F7xx_HAL_Driver/Src/stm32f7xx_hal_spi.o
LOAD ./Drivers/STM32F7xx_HAL_Driver/Src/stm32f7xx_hal_spi_ex.o
LOAD ./Drivers/STM32F7xx_HAL_Driver/Src/stm32f7xx_hal_tim.o
LOAD ./Drivers/STM32F7xx_HAL_Driver/Src/stm32f7xx_hal_tim_ex.o
LOAD ./Drivers/STM32F7xx_HAL_Driver/Src/stm32f7xx_ll_usb.o
LOAD ./Middlewares/ST/STM32_USB_Device_Library/Class/CDC/Src/usbd_cdc.o
LOAD ./Middlewares/ST/STM32_USB_Device_Library/Core/Src/usbd_core.o
LOAD ./Middlewares/ST/STM32_USB_Device_Library/Core/Src/usbd_ctlreq.o
LOAD ./Middlewares/ST/STM32_USB_Device_Library/Core/Src/usbd_ioreq.o
LOAD ./USB_DEVICE/App/usb_device.o
LOAD ./USB_DEVICE/App/usbd_cdc_if.o
LOAD ./USB_DEVICE/App/usbd_desc.o
LOAD ./USB_DEVICE/Target/usbd_conf.o
START GROUP
LOAD C:/ST/STM32CubeIDE_1.10.1/STM32CubeIDE/plugins/com.st.stm32cube.ide.mcu.externaltools.gnu-tools-for-stm32.11.3.rel1.win32_1.1.0.202305231506/tools/bin/../lib/gcc/arm-none-eabi/11.3.1/../../../../arm-none-eabi/lib/thumb/v7e-m+fp/hard\libc_nano.a
LOAD C:/ST/STM32CubeIDE_1.10.1/STM32CubeIDE/plugins/com.st.stm32cube.ide.mcu.externaltools.gnu-tools-for-stm32.11.3.rel1.win32_1.1.0.202305231506/tools/bin/../lib/gcc/arm-none-eabi/11.3.1/../../../../arm-none-eabi/lib/thumb/v7e-m+fp/hard\libm.a
END GROUP
START GROUP
LOAD C:/ST/STM32CubeIDE_1.10.1/STM32CubeIDE/plugins/com.st.stm32cube.ide.mcu.externaltools.gnu-tools-for-stm32.11.3.rel1.win32_1.1.0.202305231506/tools/bin/../lib/gcc/arm-none-eabi/11.3.1/thumb/v7e-m+fp/hard\libgcc.a
LOAD C:/ST/STM32CubeIDE_1.10.1/STM32CubeIDE/plugins/com.st.stm32cube.ide.mcu.externaltools.gnu-tools-for-stm32.11.3.rel1.win32_1.1.0.202305231506/tools/bin/../lib/gcc/arm-none-eabi/11.3.1/../../../../arm-none-eabi/lib/thumb/v7e-m+fp/hard\libc_nano.a
END GROUP
START GROUP
LOAD C:/ST/STM32CubeIDE_1.10.1/STM32CubeIDE/plugins/com.st.stm32cube.ide.mcu.externaltools.gnu-tools-for-stm32.11.3.rel1.win32_1.1.0.202305231506/tools/bin/../lib/gcc/arm-none-eabi/11.3.1/thumb/v7e-m+fp/hard\libgcc.a
LOAD C:/ST/STM32CubeIDE_1.10.1/STM32CubeIDE/plugins/com.st.stm32cube.ide.mcu.externaltools.gnu-tools-for-stm32.11.3.rel1.win32_1.1.0.202305231506/tools/bin/../lib/gcc/arm-none-eabi/11.3.1/../../../../arm-none-eabi/lib/thumb/v7e-m+fp/hard\libc_nano.a
LOAD C:/ST/STM32CubeIDE_1.10.1/STM32CubeIDE/plugins/com.st.stm32cube.ide.mcu.externaltools.gnu-tools-for-stm32.11.3.rel1.win32_1.1.0.202305231506/tools/bin/../lib/gcc/arm-none-eabi/11.3.1/../../../../arm-none-eabi/lib/thumb/v7e-m+fp/hard\libnosys.a
END GROUP
START GROUP
LOAD C:/ST/STM32CubeIDE_1.10.1/STM32CubeIDE/plugins/com.st.stm32cube.ide.mcu.externaltools.gnu-tools-for-stm32.11.3.rel1.win32_1.1.0.202305231506/tools/bin/../lib/gcc/arm-none-eabi/11.3.1/thumb/v7e-m+fp/hard\libgcc.a
LOAD C:/ST/STM32CubeIDE_1.10.1/STM32CubeIDE/plugins/com.st.stm32cube.ide.mcu.externaltools.gnu-tools-for-stm32.11.3.rel1.win32_1.1.0.202305231506/tools/bin/../lib/gcc/arm-none-eabi/11.3.1/../../../../arm-none-eabi/lib/thumb/v7e-m+fp/hard\libc_nano.a
LOAD C:/ST/STM32CubeIDE_1.10.1/STM32CubeIDE/plugins/com.st.stm32cube.ide.mcu.externaltools.gnu-tools-for-stm32.11.3.rel1.win32_1.1.0.202305231506/tools/bin/../lib/gcc/arm-none-eabi/11.3.1/../../../../arm-none-eabi/lib/thumb/v7e-m+fp/hard\libnosys.a
END GROUP
LOAD C:/ST/STM32CubeIDE_1.10.1/STM32CubeIDE/plugins/com.st.stm32cube.ide.mcu.externaltools.gnu-tools-for-stm32.11.3.rel1.win32_1.1.0.202305231506/tools/bin/../lib/gcc/arm-none-eabi/11.3.1/thumb/v7e-m+fp/hard/crtend.o
LOAD C:/ST/STM32CubeIDE_1.10.1/STM32CubeIDE/plugins/com.st.stm32cube.ide.mcu.externaltools.gnu-tools-for-stm32.11.3.rel1.win32_1.1.0.202305231506/tools/bin/../lib/gcc/arm-none-eabi/11.3.1/thumb/v7e-m+fp/hard/crtn.o
                0x0000000020040000                _estack = (ORIGIN (RAM) + LENGTH (RAM))
                0x0000000000000200                _Min_Heap_Size = 0x200
                0x0000000000000400                _Min_Stack_Size = 0x400

.isr_vector     0x0000000008020000      0x1e0
                0x0000000008020000                . = ALIGN (0x4)
 *(.isr_vector)
 .isr_vector    0x0000000008020000      0x1e0 ./Core/Startup/startup_stm32f723veyx.o
                0x0000000008020000                g_pfnVectors
                0x00000000080201e0                . = ALIGN (0x4)

.text           0x00000000080201e0     0xc004
                0x00000000080201e0                . = ALIGN (0x4)
 *(.text)
 .text          0x00000000080201e0       0x40 C:/ST/STM32CubeIDE_1.10.1/STM32CubeIDE/plugins/com.st.stm32cube.ide.mcu.externaltools.gnu-tools-for-stm32.11.3.rel1.win32_1.1.0.202305231506/tools/bin/../lib/gcc/arm-none-eabi/11.3.1/thumb/v7e-m+fp/hard/crtbegin.o
 .text          0x0000000008020220       0xa0 C:/ST/STM32CubeIDE_1.10.1/STM32CubeIDE/plugins/com.st.stm32cube.ide.mcu.externaltools.gnu-tools-for-stm32.11.3.rel1.win32_1.1.0.202305231506/tools/bin/../lib/gcc/arm-none-eabi/11.3.1/../../../../arm-none-eabi/lib/thumb/v7e-m+fp/hard\libc_nano.a(libc_a-memchr.o)
                0x0000000008020220                memchr
 .text          0x00000000080202c0       0x30 C:/ST/STM32CubeIDE_1.10.1/STM32CubeIDE/plugins/com.st.stm32cube.ide.mcu.externaltools.gnu-tools-for-stm32.11.3.rel1.win32_1.1.0.202305231506/tools/bin/../lib/gcc/arm-none-eabi/11.3.1/thumb/v7e-m+fp/hard\libgcc.a(_aeabi_uldivmod.o)
                0x00000000080202c0                __aeabi_uldivmod
 .text          0x00000000080202f0      0x2c8 C:/ST/STM32CubeIDE_1.10.1/STM32CubeIDE/plugins/com.st.stm32cube.ide.mcu.externaltools.gnu-tools-for-stm32.11.3.rel1.win32_1.1.0.202305231506/tools/bin/../lib/gcc/arm-none-eabi/11.3.1/thumb/v7e-m+fp/hard\libgcc.a(_udivmoddi4.o)
                0x00000000080202f0                __udivmoddi4
 .text          0x00000000080205b8        0x4 C:/ST/STM32CubeIDE_1.10.1/STM32CubeIDE/plugins/com.st.stm32cube.ide.mcu.externaltools.gnu-tools-for-stm32.11.3.rel1.win32_1.1.0.202305231506/tools/bin/../lib/gcc/arm-none-eabi/11.3.1/thumb/v7e-m+fp/hard\libgcc.a(_dvmd_tls.o)
                0x00000000080205b8                __aeabi_idiv0
                0x00000000080205b8                __aeabi_ldiv0
 *(.text*)
 .text.MX_DMA_Init
                0x00000000080205bc       0x3c ./Core/Src/dma.o
                0x00000000080205bc                MX_DMA_Init
 .text.MX_GPIO_Init
                0x00000000080205f8      0x1e4 ./Core/Src/gpio.o
                0x00000000080205f8                MX_GPIO_Init
 .text.MX_I2C1_Init
                0x00000000080207dc       0x80 ./Core/Src/i2c.o
                0x00000000080207dc                MX_I2C1_Init
 .text.MX_I2C3_Init
                0x000000000802085c       0x80 ./Core/Src/i2c.o
                0x000000000802085c                MX_I2C3_Init
 .text.HAL_I2C_MspInit
                0x00000000080208dc      0x1d4 ./Core/Src/i2c.o
                0x00000000080208dc                HAL_I2C_MspInit
 .text.MX_I2S3_Init
                0x0000000008020ab0       0x54 ./Core/Src/i2s.o
                0x0000000008020ab0                MX_I2S3_Init
 .text.HAL_I2S_MspInit
                0x0000000008020b04      0x18c ./Core/Src/i2s.o
                0x0000000008020b04                HAL_I2S_MspInit
 .text.LT7911_Init
                0x0000000008020c90       0x2c ./Core/Src/lt7911ux.o
                0x0000000008020c90                LT7911_Init
 .text.HDMI_WriteI2C_Byte
                0x0000000008020cbc       0x3c ./Core/Src/lt7911ux.o
                0x0000000008020cbc                HDMI_WriteI2C_Byte
 .text.HDMI_WriteI2C_ByteN
                0x0000000008020cf8       0x3c ./Core/Src/lt7911ux.o
                0x0000000008020cf8                HDMI_WriteI2C_ByteN
 .text.HDMI_ReadI2C_ByteN
                0x0000000008020d34       0x38 ./Core/Src/lt7911ux.o
                0x0000000008020d34                HDMI_ReadI2C_ByteN
 .text.LT7911_ReadChipId
                0x0000000008020d6c       0x4e ./Core/Src/lt7911ux.o
                0x0000000008020d6c                LT7911_ReadChipId
 .text.LT7911_Config
                0x0000000008020dba       0x48 ./Core/Src/lt7911ux.o
                0x0000000008020dba                LT7911_Config
 .text.LT7911_BlockErase
                0x0000000008020e02       0xa8 ./Core/Src/lt7911ux.o
                0x0000000008020e02                LT7911_BlockErase
 *fill*         0x0000000008020eaa        0x2 
 .text.LT7911_WriteFirmware
                0x0000000008020eac      0x164 ./Core/Src/lt7911ux.o
                0x0000000008020eac                LT7911_WriteFirmware
 .text.LT7911_ReadbackFirmware
                0x0000000008021010      0x16c ./Core/Src/lt7911ux.o
                0x0000000008021010                LT7911_ReadbackFirmware
 .text.LT7911_WriteCRC
                0x000000000802117c       0xd0 ./Core/Src/lt7911ux.o
                0x000000000802117c                LT7911_WriteCRC
 .text.lt7911_firmware_update_init
                0x000000000802124c      0x11c ./Core/Src/lt7911ux.o
                0x000000000802124c                lt7911_firmware_update_init
 .text.BitsReverse
                0x0000000008021368       0x5a ./Core/Src/lt7911ux.o
                0x0000000008021368                BitsReverse
 .text.GetCRC   0x00000000080213c2      0x136 ./Core/Src/lt7911ux.o
                0x00000000080213c2                GetCRC
 .text.lt7911uxc_get_crc
                0x00000000080214f8       0x7c ./Core/Src/lt7911ux.o
 .text.lt7911uxc_version
                0x0000000008021574       0x28 ./Core/Src/lt7911ux.o
                0x0000000008021574                lt7911uxc_version
 .text.__NVIC_SystemReset
                0x000000000802159c       0x2c ./Core/Src/main.o
 .text.SCB_EnableICache
                0x00000000080215c8       0x4c ./Core/Src/main.o
 .text.SCB_DisableICache
                0x0000000008021614       0x40 ./Core/Src/main.o
 .text.SCB_EnableDCache
                0x0000000008021654       0x88 ./Core/Src/main.o
 .text.SCB_DisableDCache
                0x00000000080216dc       0x88 ./Core/Src/main.o
 .text.boot_UserDFU
                0x0000000008021764       0x4c ./Core/Src/main.o
                0x0000000008021764                boot_UserDFU
 .text.main     0x00000000080217b0       0xa0 ./Core/Src/main.o
                0x00000000080217b0                main
 .text.SystemClock_Config
                0x0000000008021850       0xd8 ./Core/Src/main.o
                0x0000000008021850                SystemClock_Config
 .text.HAL_GPIO_EXTI_Callback
                0x0000000008021928       0x3c ./Core/Src/main.o
                0x0000000008021928                HAL_GPIO_EXTI_Callback
 .text.HAL_I2S_RxCpltCallback
                0x0000000008021964       0x44 ./Core/Src/main.o
                0x0000000008021964                HAL_I2S_RxCpltCallback
 .text.MPU_Config
                0x00000000080219a8       0x58 ./Core/Src/main.o
                0x00000000080219a8                MPU_Config
 .text.Error_Handler
                0x0000000008021a00        0xa ./Core/Src/main.o
                0x0000000008021a00                Error_Handler
 *fill*         0x0000000008021a0a        0x2 
 .text.MX_SPI2_Init
                0x0000000008021a0c       0x7c ./Core/Src/spi.o
                0x0000000008021a0c                MX_SPI2_Init
 .text.MX_SPI4_Init
                0x0000000008021a88       0x7c ./Core/Src/spi.o
                0x0000000008021a88                MX_SPI4_Init
 .text.HAL_SPI_MspInit
                0x0000000008021b04      0x128 ./Core/Src/spi.o
                0x0000000008021b04                HAL_SPI_MspInit
 .text.HAL_MspInit
                0x0000000008021c2c       0x48 ./Core/Src/stm32f7xx_hal_msp.o
                0x0000000008021c2c                HAL_MspInit
 .text.NMI_Handler
                0x0000000008021c74        0x6 ./Core/Src/stm32f7xx_it.o
                0x0000000008021c74                NMI_Handler
 .text.HardFault_Handler
                0x0000000008021c7a        0x6 ./Core/Src/stm32f7xx_it.o
                0x0000000008021c7a                HardFault_Handler
 .text.MemManage_Handler
                0x0000000008021c80        0x6 ./Core/Src/stm32f7xx_it.o
                0x0000000008021c80                MemManage_Handler
 .text.BusFault_Handler
                0x0000000008021c86        0x6 ./Core/Src/stm32f7xx_it.o
                0x0000000008021c86                BusFault_Handler
 .text.UsageFault_Handler
                0x0000000008021c8c        0x6 ./Core/Src/stm32f7xx_it.o
                0x0000000008021c8c                UsageFault_Handler
 .text.SVC_Handler
                0x0000000008021c92        0xe ./Core/Src/stm32f7xx_it.o
                0x0000000008021c92                SVC_Handler
 .text.DebugMon_Handler
                0x0000000008021ca0        0xe ./Core/Src/stm32f7xx_it.o
                0x0000000008021ca0                DebugMon_Handler
 .text.PendSV_Handler
                0x0000000008021cae        0xe ./Core/Src/stm32f7xx_it.o
                0x0000000008021cae                PendSV_Handler
 .text.SysTick_Handler
                0x0000000008021cbc        0xc ./Core/Src/stm32f7xx_it.o
                0x0000000008021cbc                SysTick_Handler
 .text.EXTI0_IRQHandler
                0x0000000008021cc8        0xe ./Core/Src/stm32f7xx_it.o
                0x0000000008021cc8                EXTI0_IRQHandler
 *fill*         0x0000000008021cd6        0x2 
 .text.DMA1_Stream0_IRQHandler
                0x0000000008021cd8       0x14 ./Core/Src/stm32f7xx_it.o
                0x0000000008021cd8                DMA1_Stream0_IRQHandler
 .text.EXTI9_5_IRQHandler
                0x0000000008021cec       0x10 ./Core/Src/stm32f7xx_it.o
                0x0000000008021cec                EXTI9_5_IRQHandler
 .text.I2C1_EV_IRQHandler
                0x0000000008021cfc       0x14 ./Core/Src/stm32f7xx_it.o
                0x0000000008021cfc                I2C1_EV_IRQHandler
 .text.I2C1_ER_IRQHandler
                0x0000000008021d10       0x14 ./Core/Src/stm32f7xx_it.o
                0x0000000008021d10                I2C1_ER_IRQHandler
 .text.SPI3_IRQHandler
                0x0000000008021d24       0x14 ./Core/Src/stm32f7xx_it.o
                0x0000000008021d24                SPI3_IRQHandler
 .text.OTG_FS_IRQHandler
                0x0000000008021d38       0x14 ./Core/Src/stm32f7xx_it.o
                0x0000000008021d38                OTG_FS_IRQHandler
 .text.I2C3_EV_IRQHandler
                0x0000000008021d4c       0x14 ./Core/Src/stm32f7xx_it.o
                0x0000000008021d4c                I2C3_EV_IRQHandler
 .text.I2C3_ER_IRQHandler
                0x0000000008021d60       0x14 ./Core/Src/stm32f7xx_it.o
                0x0000000008021d60                I2C3_ER_IRQHandler
 .text._sbrk    0x0000000008021d74       0x6c ./Core/Src/sysmem.o
                0x0000000008021d74                _sbrk
 .text.SystemInit
                0x0000000008021de0       0x2c ./Core/Src/system_stm32f7xx.o
                0x0000000008021de0                SystemInit
 .text.Reset_Handler
                0x0000000008021e0c       0x50 ./Core/Startup/startup_stm32f723veyx.o
                0x0000000008021e0c                Reset_Handler
 .text.Default_Handler
                0x0000000008021e5c        0x2 ./Core/Startup/startup_stm32f723veyx.o
                0x0000000008021e5c                RTC_Alarm_IRQHandler
                0x0000000008021e5c                EXTI2_IRQHandler
                0x0000000008021e5c                TIM8_CC_IRQHandler
                0x0000000008021e5c                UART8_IRQHandler
                0x0000000008021e5c                SPI4_IRQHandler
                0x0000000008021e5c                TIM1_CC_IRQHandler
                0x0000000008021e5c                DMA2_Stream5_IRQHandler
                0x0000000008021e5c                DMA1_Stream5_IRQHandler
                0x0000000008021e5c                PVD_IRQHandler
                0x0000000008021e5c                TAMP_STAMP_IRQHandler
                0x0000000008021e5c                EXTI3_IRQHandler
                0x0000000008021e5c                TIM8_TRG_COM_TIM14_IRQHandler
                0x0000000008021e5c                TIM1_UP_TIM10_IRQHandler
                0x0000000008021e5c                TIM8_UP_TIM13_IRQHandler
                0x0000000008021e5c                I2C2_EV_IRQHandler
                0x0000000008021e5c                DMA1_Stream2_IRQHandler
                0x0000000008021e5c                CAN1_RX0_IRQHandler
                0x0000000008021e5c                FPU_IRQHandler
                0x0000000008021e5c                OTG_HS_WKUP_IRQHandler
                0x0000000008021e5c                DMA2_Stream2_IRQHandler
                0x0000000008021e5c                SPI1_IRQHandler
                0x0000000008021e5c                TIM6_DAC_IRQHandler
                0x0000000008021e5c                TIM1_BRK_TIM9_IRQHandler
                0x0000000008021e5c                DMA2_Stream3_IRQHandler
                0x0000000008021e5c                SAI2_IRQHandler
                0x0000000008021e5c                USART6_IRQHandler
                0x0000000008021e5c                USART3_IRQHandler
                0x0000000008021e5c                CAN1_RX1_IRQHandler
                0x0000000008021e5c                UART5_IRQHandler
                0x0000000008021e5c                DMA2_Stream0_IRQHandler
                0x0000000008021e5c                TIM4_IRQHandler
                0x0000000008021e5c                QUADSPI_IRQHandler
                0x0000000008021e5c                DMA1_Stream6_IRQHandler
                0x0000000008021e5c                DMA1_Stream1_IRQHandler
                0x0000000008021e5c                UART4_IRQHandler
                0x0000000008021e5c                TIM3_IRQHandler
                0x0000000008021e5c                RCC_IRQHandler
                0x0000000008021e5c                TIM8_BRK_TIM12_IRQHandler
                0x0000000008021e5c                Default_Handler
                0x0000000008021e5c                EXTI15_10_IRQHandler
                0x0000000008021e5c                ADC_IRQHandler
                0x0000000008021e5c                DMA1_Stream7_IRQHandler
                0x0000000008021e5c                SPI5_IRQHandler
                0x0000000008021e5c                TIM7_IRQHandler
                0x0000000008021e5c                SDMMC1_IRQHandler
                0x0000000008021e5c                TIM5_IRQHandler
                0x0000000008021e5c                DMA2_Stream7_IRQHandler
                0x0000000008021e5c                RTC_WKUP_IRQHandler
                0x0000000008021e5c                SPI2_IRQHandler
                0x0000000008021e5c                OTG_HS_EP1_IN_IRQHandler
                0x0000000008021e5c                CAN1_TX_IRQHandler
                0x0000000008021e5c                EXTI4_IRQHandler
                0x0000000008021e5c                RNG_IRQHandler
                0x0000000008021e5c                OTG_HS_EP1_OUT_IRQHandler
                0x0000000008021e5c                WWDG_IRQHandler
                0x0000000008021e5c                TIM2_IRQHandler
                0x0000000008021e5c                OTG_FS_WKUP_IRQHandler
                0x0000000008021e5c                TIM1_TRG_COM_TIM11_IRQHandler
                0x0000000008021e5c                OTG_HS_IRQHandler
                0x0000000008021e5c                EXTI1_IRQHandler
                0x0000000008021e5c                SDMMC2_IRQHandler
                0x0000000008021e5c                UART7_IRQHandler
                0x0000000008021e5c                USART2_IRQHandler
                0x0000000008021e5c                I2C2_ER_IRQHandler
                0x0000000008021e5c                DMA2_Stream1_IRQHandler
                0x0000000008021e5c                CAN1_SCE_IRQHandler
                0x0000000008021e5c                FLASH_IRQHandler
                0x0000000008021e5c                DMA2_Stream4_IRQHandler
                0x0000000008021e5c                USART1_IRQHandler
                0x0000000008021e5c                DMA1_Stream4_IRQHandler
                0x0000000008021e5c                FMC_IRQHandler
                0x0000000008021e5c                LPTIM1_IRQHandler
                0x0000000008021e5c                DMA2_Stream6_IRQHandler
                0x0000000008021e5c                SAI1_IRQHandler
                0x0000000008021e5c                DMA1_Stream3_IRQHandler
 .text.HAL_Init
                0x0000000008021e5e       0x1a ./Drivers/STM32F7xx_HAL_Driver/Src/stm32f7xx_hal.o
                0x0000000008021e5e                HAL_Init
 .text.HAL_InitTick
                0x0000000008021e78       0x60 ./Drivers/STM32F7xx_HAL_Driver/Src/stm32f7xx_hal.o
                0x0000000008021e78                HAL_InitTick
 .text.HAL_IncTick
                0x0000000008021ed8       0x28 ./Drivers/STM32F7xx_HAL_Driver/Src/stm32f7xx_hal.o
                0x0000000008021ed8                HAL_IncTick
 .text.HAL_GetTick
                0x0000000008021f00       0x18 ./Drivers/STM32F7xx_HAL_Driver/Src/stm32f7xx_hal.o
                0x0000000008021f00                HAL_GetTick
 .text.HAL_Delay
                0x0000000008021f18       0x48 ./Drivers/STM32F7xx_HAL_Driver/Src/stm32f7xx_hal.o
                0x0000000008021f18                HAL_Delay
 .text.__NVIC_SetPriorityGrouping
                0x0000000008021f60       0x48 ./Drivers/STM32F7xx_HAL_Driver/Src/stm32f7xx_hal_cortex.o
 .text.__NVIC_GetPriorityGrouping
                0x0000000008021fa8       0x1c ./Drivers/STM32F7xx_HAL_Driver/Src/stm32f7xx_hal_cortex.o
 .text.__NVIC_EnableIRQ
                0x0000000008021fc4       0x3c ./Drivers/STM32F7xx_HAL_Driver/Src/stm32f7xx_hal_cortex.o
 .text.__NVIC_DisableIRQ
                0x0000000008022000       0x48 ./Drivers/STM32F7xx_HAL_Driver/Src/stm32f7xx_hal_cortex.o
 .text.__NVIC_SetPriority
                0x0000000008022048       0x54 ./Drivers/STM32F7xx_HAL_Driver/Src/stm32f7xx_hal_cortex.o
 .text.NVIC_EncodePriority
                0x000000000802209c       0x66 ./Drivers/STM32F7xx_HAL_Driver/Src/stm32f7xx_hal_cortex.o
 *fill*         0x0000000008022102        0x2 
 .text.SysTick_Config
                0x0000000008022104       0x44 ./Drivers/STM32F7xx_HAL_Driver/Src/stm32f7xx_hal_cortex.o
 .text.HAL_NVIC_SetPriorityGrouping
                0x0000000008022148       0x16 ./Drivers/STM32F7xx_HAL_Driver/Src/stm32f7xx_hal_cortex.o
                0x0000000008022148                HAL_NVIC_SetPriorityGrouping
 .text.HAL_NVIC_SetPriority
                0x000000000802215e       0x38 ./Drivers/STM32F7xx_HAL_Driver/Src/stm32f7xx_hal_cortex.o
                0x000000000802215e                HAL_NVIC_SetPriority
 .text.HAL_NVIC_EnableIRQ
                0x0000000008022196       0x1c ./Drivers/STM32F7xx_HAL_Driver/Src/stm32f7xx_hal_cortex.o
                0x0000000008022196                HAL_NVIC_EnableIRQ
 .text.HAL_NVIC_DisableIRQ
                0x00000000080221b2       0x1c ./Drivers/STM32F7xx_HAL_Driver/Src/stm32f7xx_hal_cortex.o
                0x00000000080221b2                HAL_NVIC_DisableIRQ
 .text.HAL_SYSTICK_Config
                0x00000000080221ce       0x18 ./Drivers/STM32F7xx_HAL_Driver/Src/stm32f7xx_hal_cortex.o
                0x00000000080221ce                HAL_SYSTICK_Config
 *fill*         0x00000000080221e6        0x2 
 .text.HAL_MPU_Disable
                0x00000000080221e8       0x30 ./Drivers/STM32F7xx_HAL_Driver/Src/stm32f7xx_hal_cortex.o
                0x00000000080221e8                HAL_MPU_Disable
 .text.HAL_MPU_Enable
                0x0000000008022218       0x40 ./Drivers/STM32F7xx_HAL_Driver/Src/stm32f7xx_hal_cortex.o
                0x0000000008022218                HAL_MPU_Enable
 .text.HAL_MPU_ConfigRegion
                0x0000000008022258       0x88 ./Drivers/STM32F7xx_HAL_Driver/Src/stm32f7xx_hal_cortex.o
                0x0000000008022258                HAL_MPU_ConfigRegion
 .text.HAL_DMA_Init
                0x00000000080222e0      0x15c ./Drivers/STM32F7xx_HAL_Driver/Src/stm32f7xx_hal_dma.o
                0x00000000080222e0                HAL_DMA_Init
 .text.HAL_DMA_Abort_IT
                0x000000000802243c       0x44 ./Drivers/STM32F7xx_HAL_Driver/Src/stm32f7xx_hal_dma.o
                0x000000000802243c                HAL_DMA_Abort_IT
 .text.HAL_DMA_IRQHandler
                0x0000000008022480      0x314 ./Drivers/STM32F7xx_HAL_Driver/Src/stm32f7xx_hal_dma.o
                0x0000000008022480                HAL_DMA_IRQHandler
 .text.HAL_DMA_GetState
                0x0000000008022794       0x1c ./Drivers/STM32F7xx_HAL_Driver/Src/stm32f7xx_hal_dma.o
                0x0000000008022794                HAL_DMA_GetState
 .text.DMA_CalcBaseAndBitshift
                0x00000000080227b0       0x6c ./Drivers/STM32F7xx_HAL_Driver/Src/stm32f7xx_hal_dma.o
 .text.DMA_CheckFifoParam
                0x000000000802281c       0xf8 ./Drivers/STM32F7xx_HAL_Driver/Src/stm32f7xx_hal_dma.o
 .text.HAL_GPIO_Init
                0x0000000008022914      0x338 ./Drivers/STM32F7xx_HAL_Driver/Src/stm32f7xx_hal_gpio.o
                0x0000000008022914                HAL_GPIO_Init
 .text.HAL_GPIO_DeInit
                0x0000000008022c4c      0x1f8 ./Drivers/STM32F7xx_HAL_Driver/Src/stm32f7xx_hal_gpio.o
                0x0000000008022c4c                HAL_GPIO_DeInit
 .text.HAL_GPIO_WritePin
                0x0000000008022e44       0x32 ./Drivers/STM32F7xx_HAL_Driver/Src/stm32f7xx_hal_gpio.o
                0x0000000008022e44                HAL_GPIO_WritePin
 *fill*         0x0000000008022e76        0x2 
 .text.HAL_GPIO_EXTI_IRQHandler
                0x0000000008022e78       0x30 ./Drivers/STM32F7xx_HAL_Driver/Src/stm32f7xx_hal_gpio.o
                0x0000000008022e78                HAL_GPIO_EXTI_IRQHandler
 .text.HAL_I2C_Init
                0x0000000008022ea8      0x120 ./Drivers/STM32F7xx_HAL_Driver/Src/stm32f7xx_hal_i2c.o
                0x0000000008022ea8                HAL_I2C_Init
 .text.HAL_I2C_Mem_Write
                0x0000000008022fc8      0x228 ./Drivers/STM32F7xx_HAL_Driver/Src/stm32f7xx_hal_i2c.o
                0x0000000008022fc8                HAL_I2C_Mem_Write
 .text.HAL_I2C_Mem_Read
                0x00000000080231f0      0x234 ./Drivers/STM32F7xx_HAL_Driver/Src/stm32f7xx_hal_i2c.o
                0x00000000080231f0                HAL_I2C_Mem_Read
 .text.HAL_I2C_EV_IRQHandler
                0x0000000008023424       0x34 ./Drivers/STM32F7xx_HAL_Driver/Src/stm32f7xx_hal_i2c.o
                0x0000000008023424                HAL_I2C_EV_IRQHandler
 .text.HAL_I2C_ER_IRQHandler
                0x0000000008023458       0xb6 ./Drivers/STM32F7xx_HAL_Driver/Src/stm32f7xx_hal_i2c.o
                0x0000000008023458                HAL_I2C_ER_IRQHandler
 .text.HAL_I2C_SlaveTxCpltCallback
                0x000000000802350e       0x14 ./Drivers/STM32F7xx_HAL_Driver/Src/stm32f7xx_hal_i2c.o
                0x000000000802350e                HAL_I2C_SlaveTxCpltCallback
 .text.HAL_I2C_SlaveRxCpltCallback
                0x0000000008023522       0x14 ./Drivers/STM32F7xx_HAL_Driver/Src/stm32f7xx_hal_i2c.o
                0x0000000008023522                HAL_I2C_SlaveRxCpltCallback
 .text.HAL_I2C_AddrCallback
                0x0000000008023536       0x1c ./Drivers/STM32F7xx_HAL_Driver/Src/stm32f7xx_hal_i2c.o
                0x0000000008023536                HAL_I2C_AddrCallback
 .text.HAL_I2C_ListenCpltCallback
                0x0000000008023552       0x14 ./Drivers/STM32F7xx_HAL_Driver/Src/stm32f7xx_hal_i2c.o
                0x0000000008023552                HAL_I2C_ListenCpltCallback
 .text.HAL_I2C_ErrorCallback
                0x0000000008023566       0x14 ./Drivers/STM32F7xx_HAL_Driver/Src/stm32f7xx_hal_i2c.o
                0x0000000008023566                HAL_I2C_ErrorCallback
 .text.HAL_I2C_AbortCpltCallback
                0x000000000802357a       0x14 ./Drivers/STM32F7xx_HAL_Driver/Src/stm32f7xx_hal_i2c.o
                0x000000000802357a                HAL_I2C_AbortCpltCallback
 .text.I2C_Slave_ISR_IT
                0x000000000802358e      0x1f0 ./Drivers/STM32F7xx_HAL_Driver/Src/stm32f7xx_hal_i2c.o
 *fill*         0x000000000802377e        0x2 
 .text.I2C_RequestMemoryWrite
                0x0000000008023780       0xa8 ./Drivers/STM32F7xx_HAL_Driver/Src/stm32f7xx_hal_i2c.o
 .text.I2C_RequestMemoryRead
                0x0000000008023828       0xa8 ./Drivers/STM32F7xx_HAL_Driver/Src/stm32f7xx_hal_i2c.o
 .text.I2C_ITAddrCplt
                0x00000000080238d0      0x108 ./Drivers/STM32F7xx_HAL_Driver/Src/stm32f7xx_hal_i2c.o
 .text.I2C_ITSlaveSeqCplt
                0x00000000080239d8       0xb8 ./Drivers/STM32F7xx_HAL_Driver/Src/stm32f7xx_hal_i2c.o
 .text.I2C_ITSlaveCplt
                0x0000000008023a90      0x20c ./Drivers/STM32F7xx_HAL_Driver/Src/stm32f7xx_hal_i2c.o
 .text.I2C_ITListenCplt
                0x0000000008023c9c       0xa8 ./Drivers/STM32F7xx_HAL_Driver/Src/stm32f7xx_hal_i2c.o
 .text.I2C_ITError
                0x0000000008023d44      0x1a0 ./Drivers/STM32F7xx_HAL_Driver/Src/stm32f7xx_hal_i2c.o
 .text.I2C_TreatErrorCallback
                0x0000000008023ee4       0x4e ./Drivers/STM32F7xx_HAL_Driver/Src/stm32f7xx_hal_i2c.o
 .text.I2C_Flush_TXDR
                0x0000000008023f32       0x48 ./Drivers/STM32F7xx_HAL_Driver/Src/stm32f7xx_hal_i2c.o
 .text.I2C_DMAAbort
                0x0000000008023f7a       0x3c ./Drivers/STM32F7xx_HAL_Driver/Src/stm32f7xx_hal_i2c.o
 .text.I2C_WaitOnFlagUntilTimeout
                0x0000000008023fb6       0x80 ./Drivers/STM32F7xx_HAL_Driver/Src/stm32f7xx_hal_i2c.o
 .text.I2C_WaitOnTXISFlagUntilTimeout
                0x0000000008024036       0x80 ./Drivers/STM32F7xx_HAL_Driver/Src/stm32f7xx_hal_i2c.o
 .text.I2C_WaitOnSTOPFlagUntilTimeout
                0x00000000080240b6       0x78 ./Drivers/STM32F7xx_HAL_Driver/Src/stm32f7xx_hal_i2c.o
 *fill*         0x000000000802412e        0x2 
 .text.I2C_IsErrorOccurred
                0x0000000008024130      0x1c0 ./Drivers/STM32F7xx_HAL_Driver/Src/stm32f7xx_hal_i2c.o
 .text.I2C_TransferConfig
                0x00000000080242f0       0x64 ./Drivers/STM32F7xx_HAL_Driver/Src/stm32f7xx_hal_i2c.o
 .text.I2C_Disable_IRQ
                0x0000000008024354       0xbc ./Drivers/STM32F7xx_HAL_Driver/Src/stm32f7xx_hal_i2c.o
 .text.HAL_I2CEx_ConfigAnalogFilter
                0x0000000008024410       0x96 ./Drivers/STM32F7xx_HAL_Driver/Src/stm32f7xx_hal_i2c_ex.o
                0x0000000008024410                HAL_I2CEx_ConfigAnalogFilter
 .text.HAL_I2CEx_ConfigDigitalFilter
                0x00000000080244a6       0x98 ./Drivers/STM32F7xx_HAL_Driver/Src/stm32f7xx_hal_i2c_ex.o
                0x00000000080244a6                HAL_I2CEx_ConfigDigitalFilter
 *fill*         0x000000000802453e        0x2 
 .text.HAL_I2S_Init
                0x0000000008024540      0x1cc ./Drivers/STM32F7xx_HAL_Driver/Src/stm32f7xx_hal_i2s.o
                0x0000000008024540                HAL_I2S_Init
 .text.HAL_I2S_IRQHandler
                0x000000000802470c       0xc4 ./Drivers/STM32F7xx_HAL_Driver/Src/stm32f7xx_hal_i2s.o
                0x000000000802470c                HAL_I2S_IRQHandler
 .text.HAL_I2S_TxCpltCallback
                0x00000000080247d0       0x14 ./Drivers/STM32F7xx_HAL_Driver/Src/stm32f7xx_hal_i2s.o
                0x00000000080247d0                HAL_I2S_TxCpltCallback
 .text.HAL_I2S_ErrorCallback
                0x00000000080247e4       0x14 ./Drivers/STM32F7xx_HAL_Driver/Src/stm32f7xx_hal_i2s.o
                0x00000000080247e4                HAL_I2S_ErrorCallback
 .text.I2S_GetClockFreq
                0x00000000080247f8       0x98 ./Drivers/STM32F7xx_HAL_Driver/Src/stm32f7xx_hal_i2s.o
 .text.I2S_Transmit_IT
                0x0000000008024890       0x5c ./Drivers/STM32F7xx_HAL_Driver/Src/stm32f7xx_hal_i2s.o
 .text.I2S_Receive_IT
                0x00000000080248ec       0x5e ./Drivers/STM32F7xx_HAL_Driver/Src/stm32f7xx_hal_i2s.o
 .text.HAL_PCD_Init
                0x000000000802494a      0x248 ./Drivers/STM32F7xx_HAL_Driver/Src/stm32f7xx_hal_pcd.o
                0x000000000802494a                HAL_PCD_Init
 .text.HAL_PCD_DeInit
                0x0000000008024b92       0x46 ./Drivers/STM32F7xx_HAL_Driver/Src/stm32f7xx_hal_pcd.o
                0x0000000008024b92                HAL_PCD_DeInit
 .text.HAL_PCD_Start
                0x0000000008024bd8       0x44 ./Drivers/STM32F7xx_HAL_Driver/Src/stm32f7xx_hal_pcd.o
                0x0000000008024bd8                HAL_PCD_Start
 .text.HAL_PCD_Stop
                0x0000000008024c1c       0x50 ./Drivers/STM32F7xx_HAL_Driver/Src/stm32f7xx_hal_pcd.o
                0x0000000008024c1c                HAL_PCD_Stop
 .text.HAL_PCD_IRQHandler
                0x0000000008024c6c      0x998 ./Drivers/STM32F7xx_HAL_Driver/Src/stm32f7xx_hal_pcd.o
                0x0000000008024c6c                HAL_PCD_IRQHandler
 .text.HAL_PCD_SetAddress
                0x0000000008025604       0x4a ./Drivers/STM32F7xx_HAL_Driver/Src/stm32f7xx_hal_pcd.o
                0x0000000008025604                HAL_PCD_SetAddress
 .text.HAL_PCD_EP_Open
                0x000000000802564e       0xd0 ./Drivers/STM32F7xx_HAL_Driver/Src/stm32f7xx_hal_pcd.o
                0x000000000802564e                HAL_PCD_EP_Open
 .text.HAL_PCD_EP_Close
                0x000000000802571e       0x94 ./Drivers/STM32F7xx_HAL_Driver/Src/stm32f7xx_hal_pcd.o
                0x000000000802571e                HAL_PCD_EP_Close
 .text.HAL_PCD_EP_Receive
                0x00000000080257b2       0x96 ./Drivers/STM32F7xx_HAL_Driver/Src/stm32f7xx_hal_pcd.o
                0x00000000080257b2                HAL_PCD_EP_Receive
 .text.HAL_PCD_EP_GetRxCount
                0x0000000008025848       0x30 ./Drivers/STM32F7xx_HAL_Driver/Src/stm32f7xx_hal_pcd.o
                0x0000000008025848                HAL_PCD_EP_GetRxCount
 .text.HAL_PCD_EP_Transmit
                0x0000000008025878       0x94 ./Drivers/STM32F7xx_HAL_Driver/Src/stm32f7xx_hal_pcd.o
                0x0000000008025878                HAL_PCD_EP_Transmit
 .text.HAL_PCD_EP_SetStall
                0x000000000802590c       0xc8 ./Drivers/STM32F7xx_HAL_Driver/Src/stm32f7xx_hal_pcd.o
                0x000000000802590c                HAL_PCD_EP_SetStall
 .text.HAL_PCD_EP_ClrStall
                0x00000000080259d4       0xac ./Drivers/STM32F7xx_HAL_Driver/Src/stm32f7xx_hal_pcd.o
                0x00000000080259d4                HAL_PCD_EP_ClrStall
 .text.HAL_PCD_EP_Abort
                0x0000000008025a80       0x62 ./Drivers/STM32F7xx_HAL_Driver/Src/stm32f7xx_hal_pcd.o
                0x0000000008025a80                HAL_PCD_EP_Abort
 .text.PCD_WriteEmptyTxFifo
                0x0000000008025ae2      0x11a ./Drivers/STM32F7xx_HAL_Driver/Src/stm32f7xx_hal_pcd.o
 .text.PCD_EP_OutXfrComplete_int
                0x0000000008025bfc      0x1d0 ./Drivers/STM32F7xx_HAL_Driver/Src/stm32f7xx_hal_pcd.o
 .text.PCD_EP_OutSetupPacket_int
                0x0000000008025dcc       0x8c ./Drivers/STM32F7xx_HAL_Driver/Src/stm32f7xx_hal_pcd.o
 .text.HAL_PCDEx_SetTxFiFo
                0x0000000008025e58       0x8e ./Drivers/STM32F7xx_HAL_Driver/Src/stm32f7xx_hal_pcd_ex.o
                0x0000000008025e58                HAL_PCDEx_SetTxFiFo
 .text.HAL_PCDEx_SetRxFiFo
                0x0000000008025ee6       0x22 ./Drivers/STM32F7xx_HAL_Driver/Src/stm32f7xx_hal_pcd_ex.o
                0x0000000008025ee6                HAL_PCDEx_SetRxFiFo
 .text.HAL_PCDEx_ActivateLPM
                0x0000000008025f08       0x48 ./Drivers/STM32F7xx_HAL_Driver/Src/stm32f7xx_hal_pcd_ex.o
                0x0000000008025f08                HAL_PCDEx_ActivateLPM
 .text.HAL_PWREx_EnableOverDrive
                0x0000000008025f50       0xa0 ./Drivers/STM32F7xx_HAL_Driver/Src/stm32f7xx_hal_pwr_ex.o
                0x0000000008025f50                HAL_PWREx_EnableOverDrive
 .text.HAL_RCC_OscConfig
                0x0000000008025ff0      0x548 ./Drivers/STM32F7xx_HAL_Driver/Src/stm32f7xx_hal_rcc.o
                0x0000000008025ff0                HAL_RCC_OscConfig
 .text.HAL_RCC_ClockConfig
                0x0000000008026538      0x1d8 ./Drivers/STM32F7xx_HAL_Driver/Src/stm32f7xx_hal_rcc.o
                0x0000000008026538                HAL_RCC_ClockConfig
 .text.HAL_RCC_GetSysClockFreq
                0x0000000008026710      0x18c ./Drivers/STM32F7xx_HAL_Driver/Src/stm32f7xx_hal_rcc.o
                0x0000000008026710                HAL_RCC_GetSysClockFreq
 .text.HAL_RCC_GetHCLKFreq
                0x000000000802689c       0x18 ./Drivers/STM32F7xx_HAL_Driver/Src/stm32f7xx_hal_rcc.o
                0x000000000802689c                HAL_RCC_GetHCLKFreq
 .text.HAL_RCCEx_PeriphCLKConfig
                0x00000000080268b4      0x694 ./Drivers/STM32F7xx_HAL_Driver/Src/stm32f7xx_hal_rcc_ex.o
                0x00000000080268b4                HAL_RCCEx_PeriphCLKConfig
 .text.HAL_SPI_Init
                0x0000000008026f48      0x156 ./Drivers/STM32F7xx_HAL_Driver/Src/stm32f7xx_hal_spi.o
                0x0000000008026f48                HAL_SPI_Init
 *fill*         0x000000000802709e        0x2 
 .text.USB_CoreInit
                0x00000000080270a0      0x12c ./Drivers/STM32F7xx_HAL_Driver/Src/stm32f7xx_ll_usb.o
                0x00000000080270a0                USB_CoreInit
 .text.USB_SetTurnaroundTime
                0x00000000080271cc      0x144 ./Drivers/STM32F7xx_HAL_Driver/Src/stm32f7xx_ll_usb.o
                0x00000000080271cc                USB_SetTurnaroundTime
 .text.USB_EnableGlobalInt
                0x0000000008027310       0x22 ./Drivers/STM32F7xx_HAL_Driver/Src/stm32f7xx_ll_usb.o
                0x0000000008027310                USB_EnableGlobalInt
 .text.USB_DisableGlobalInt
                0x0000000008027332       0x22 ./Drivers/STM32F7xx_HAL_Driver/Src/stm32f7xx_ll_usb.o
                0x0000000008027332                USB_DisableGlobalInt
 .text.USB_SetCurrentMode
                0x0000000008027354       0x98 ./Drivers/STM32F7xx_HAL_Driver/Src/stm32f7xx_ll_usb.o
                0x0000000008027354                USB_SetCurrentMode
 .text.USB_DevInit
                0x00000000080273ec      0x2dc ./Drivers/STM32F7xx_HAL_Driver/Src/stm32f7xx_ll_usb.o
                0x00000000080273ec                USB_DevInit
 .text.USB_FlushTxFifo
                0x00000000080276c8       0x68 ./Drivers/STM32F7xx_HAL_Driver/Src/stm32f7xx_ll_usb.o
                0x00000000080276c8                USB_FlushTxFifo
 .text.USB_FlushRxFifo
                0x0000000008027730       0x60 ./Drivers/STM32F7xx_HAL_Driver/Src/stm32f7xx_ll_usb.o
                0x0000000008027730                USB_FlushRxFifo
 .text.USB_SetDevSpeed
                0x0000000008027790       0x32 ./Drivers/STM32F7xx_HAL_Driver/Src/stm32f7xx_ll_usb.o
                0x0000000008027790                USB_SetDevSpeed
 .text.USB_GetDevSpeed
                0x00000000080277c2       0x4a ./Drivers/STM32F7xx_HAL_Driver/Src/stm32f7xx_ll_usb.o
                0x00000000080277c2                USB_GetDevSpeed
 .text.USB_ActivateEndpoint
                0x000000000802780c      0x110 ./Drivers/STM32F7xx_HAL_Driver/Src/stm32f7xx_ll_usb.o
                0x000000000802780c                USB_ActivateEndpoint
 .text.USB_DeactivateEndpoint
                0x000000000802791c      0x1b8 ./Drivers/STM32F7xx_HAL_Driver/Src/stm32f7xx_ll_usb.o
                0x000000000802791c                USB_DeactivateEndpoint
 .text.USB_EPStartXfer
                0x0000000008027ad4      0x4a0 ./Drivers/STM32F7xx_HAL_Driver/Src/stm32f7xx_ll_usb.o
                0x0000000008027ad4                USB_EPStartXfer
 .text.USB_EP0StartXfer
                0x0000000008027f74      0x2b8 ./Drivers/STM32F7xx_HAL_Driver/Src/stm32f7xx_ll_usb.o
                0x0000000008027f74                USB_EP0StartXfer
 .text.USB_EPStopXfer
                0x000000000802822c      0x154 ./Drivers/STM32F7xx_HAL_Driver/Src/stm32f7xx_ll_usb.o
                0x000000000802822c                USB_EPStopXfer
 .text.USB_WritePacket
                0x0000000008028380       0x7c ./Drivers/STM32F7xx_HAL_Driver/Src/stm32f7xx_ll_usb.o
                0x0000000008028380                USB_WritePacket
 .text.USB_ReadPacket
                0x00000000080283fc       0xb0 ./Drivers/STM32F7xx_HAL_Driver/Src/stm32f7xx_ll_usb.o
                0x00000000080283fc                USB_ReadPacket
 .text.USB_EPSetStall
                0x00000000080284ac       0xdc ./Drivers/STM32F7xx_HAL_Driver/Src/stm32f7xx_ll_usb.o
                0x00000000080284ac                USB_EPSetStall
 .text.USB_EPClearStall
                0x0000000008028588       0xcc ./Drivers/STM32F7xx_HAL_Driver/Src/stm32f7xx_ll_usb.o
                0x0000000008028588                USB_EPClearStall
 .text.USB_StopDevice
                0x0000000008028654       0x9e ./Drivers/STM32F7xx_HAL_Driver/Src/stm32f7xx_ll_usb.o
                0x0000000008028654                USB_StopDevice
 .text.USB_SetDevAddress
                0x00000000080286f2       0x4c ./Drivers/STM32F7xx_HAL_Driver/Src/stm32f7xx_ll_usb.o
                0x00000000080286f2                USB_SetDevAddress
 .text.USB_DevConnect
                0x000000000802873e       0x42 ./Drivers/STM32F7xx_HAL_Driver/Src/stm32f7xx_ll_usb.o
                0x000000000802873e                USB_DevConnect
 .text.USB_DevDisconnect
                0x0000000008028780       0x42 ./Drivers/STM32F7xx_HAL_Driver/Src/stm32f7xx_ll_usb.o
                0x0000000008028780                USB_DevDisconnect
 .text.USB_ReadInterrupts
                0x00000000080287c2       0x26 ./Drivers/STM32F7xx_HAL_Driver/Src/stm32f7xx_ll_usb.o
                0x00000000080287c2                USB_ReadInterrupts
 .text.USB_ReadDevAllOutEpInterrupt
                0x00000000080287e8       0x34 ./Drivers/STM32F7xx_HAL_Driver/Src/stm32f7xx_ll_usb.o
                0x00000000080287e8                USB_ReadDevAllOutEpInterrupt
 .text.USB_ReadDevAllInEpInterrupt
                0x000000000802881c       0x34 ./Drivers/STM32F7xx_HAL_Driver/Src/stm32f7xx_ll_usb.o
                0x000000000802881c                USB_ReadDevAllInEpInterrupt
 .text.USB_ReadDevOutEPInterrupt
                0x0000000008028850       0x3c ./Drivers/STM32F7xx_HAL_Driver/Src/stm32f7xx_ll_usb.o
                0x0000000008028850                USB_ReadDevOutEPInterrupt
 .text.USB_ReadDevInEPInterrupt
                0x000000000802888c       0x5c ./Drivers/STM32F7xx_HAL_Driver/Src/stm32f7xx_ll_usb.o
                0x000000000802888c                USB_ReadDevInEPInterrupt
 .text.USB_GetMode
                0x00000000080288e8       0x1c ./Drivers/STM32F7xx_HAL_Driver/Src/stm32f7xx_ll_usb.o
                0x00000000080288e8                USB_GetMode
 .text.USB_ActivateSetup
                0x0000000008028904       0x48 ./Drivers/STM32F7xx_HAL_Driver/Src/stm32f7xx_ll_usb.o
                0x0000000008028904                USB_ActivateSetup
 .text.USB_EP0_OutStart
                0x000000000802894c       0xbc ./Drivers/STM32F7xx_HAL_Driver/Src/stm32f7xx_ll_usb.o
                0x000000000802894c                USB_EP0_OutStart
 .text.USB_CoreReset
                0x0000000008028a08       0x68 ./Drivers/STM32F7xx_HAL_Driver/Src/stm32f7xx_ll_usb.o
 .text.USB_HS_PHYCInit
                0x0000000008028a70       0x70 ./Drivers/STM32F7xx_HAL_Driver/Src/stm32f7xx_ll_usb.o
 .text.USBD_CDC_Init
                0x0000000008028ae0      0x1f0 ./Middlewares/ST/STM32_USB_Device_Library/Class/CDC/Src/usbd_cdc.o
 .text.USBD_CDC_DeInit
                0x0000000008028cd0      0x104 ./Middlewares/ST/STM32_USB_Device_Library/Class/CDC/Src/usbd_cdc.o
 .text.USBD_CDC_Setup
                0x0000000008028dd4      0x1b8 ./Middlewares/ST/STM32_USB_Device_Library/Class/CDC/Src/usbd_cdc.o
 .text.USBD_CDC_DataIn
                0x0000000008028f8c       0xfe ./Middlewares/ST/STM32_USB_Device_Library/Class/CDC/Src/usbd_cdc.o
 .text.USBD_CDC_DataOut
                0x000000000802908a       0x70 ./Middlewares/ST/STM32_USB_Device_Library/Class/CDC/Src/usbd_cdc.o
 .text.USBD_CDC_EP0_RxReady
                0x00000000080290fa       0x76 ./Middlewares/ST/STM32_USB_Device_Library/Class/CDC/Src/usbd_cdc.o
 .text.USBD_CDC_GetFSCfgDesc
                0x0000000008029170       0x70 ./Middlewares/ST/STM32_USB_Device_Library/Class/CDC/Src/usbd_cdc.o
 .text.USBD_CDC_GetHSCfgDesc
                0x00000000080291e0       0x70 ./Middlewares/ST/STM32_USB_Device_Library/Class/CDC/Src/usbd_cdc.o
 .text.USBD_CDC_GetOtherSpeedCfgDesc
                0x0000000008029250       0x70 ./Middlewares/ST/STM32_USB_Device_Library/Class/CDC/Src/usbd_cdc.o
 .text.USBD_CDC_GetDeviceQualifierDescriptor
                0x00000000080292c0       0x20 ./Middlewares/ST/STM32_USB_Device_Library/Class/CDC/Src/usbd_cdc.o
                0x00000000080292c0                USBD_CDC_GetDeviceQualifierDescriptor
 .text.USBD_CDC_RegisterInterface
                0x00000000080292e0       0x34 ./Middlewares/ST/STM32_USB_Device_Library/Class/CDC/Src/usbd_cdc.o
                0x00000000080292e0                USBD_CDC_RegisterInterface
 .text.USBD_CDC_SetTxBuffer
                0x0000000008029314       0x44 ./Middlewares/ST/STM32_USB_Device_Library/Class/CDC/Src/usbd_cdc.o
                0x0000000008029314                USBD_CDC_SetTxBuffer
 .text.USBD_CDC_SetRxBuffer
                0x0000000008029358       0x3a ./Middlewares/ST/STM32_USB_Device_Library/Class/CDC/Src/usbd_cdc.o
                0x0000000008029358                USBD_CDC_SetRxBuffer
 *fill*         0x0000000008029392        0x2 
 .text.USBD_CDC_TransmitPacket
                0x0000000008029394       0x80 ./Middlewares/ST/STM32_USB_Device_Library/Class/CDC/Src/usbd_cdc.o
                0x0000000008029394                USBD_CDC_TransmitPacket
 .text.USBD_CDC_ReceivePacket
                0x0000000008029414       0x6c ./Middlewares/ST/STM32_USB_Device_Library/Class/CDC/Src/usbd_cdc.o
                0x0000000008029414                USBD_CDC_ReceivePacket
 .text.USBD_Init
                0x0000000008029480       0x60 ./Middlewares/ST/STM32_USB_Device_Library/Core/Src/usbd_core.o
                0x0000000008029480                USBD_Init
 .text.USBD_DeInit
                0x00000000080294e0       0x60 ./Middlewares/ST/STM32_USB_Device_Library/Core/Src/usbd_core.o
                0x00000000080294e0                USBD_DeInit
 .text.USBD_RegisterClass
                0x0000000008029540       0x6c ./Middlewares/ST/STM32_USB_Device_Library/Core/Src/usbd_core.o
                0x0000000008029540                USBD_RegisterClass
 .text.USBD_Start
                0x00000000080295ac       0x18 ./Middlewares/ST/STM32_USB_Device_Library/Core/Src/usbd_core.o
                0x00000000080295ac                USBD_Start
 .text.USBD_Stop
                0x00000000080295c4       0x36 ./Middlewares/ST/STM32_USB_Device_Library/Core/Src/usbd_core.o
                0x00000000080295c4                USBD_Stop
 .text.USBD_RunTestMode
                0x00000000080295fa       0x16 ./Middlewares/ST/STM32_USB_Device_Library/Core/Src/usbd_core.o
                0x00000000080295fa                USBD_RunTestMode
 .text.USBD_SetClassConfig
                0x0000000008029610       0x38 ./Middlewares/ST/STM32_USB_Device_Library/Core/Src/usbd_core.o
                0x0000000008029610                USBD_SetClassConfig
 .text.USBD_ClrClassConfig
                0x0000000008029648       0x34 ./Middlewares/ST/STM32_USB_Device_Library/Core/Src/usbd_core.o
                0x0000000008029648                USBD_ClrClassConfig
 .text.USBD_LL_SetupStage
                0x000000000802967c       0xaa ./Middlewares/ST/STM32_USB_Device_Library/Core/Src/usbd_core.o
                0x000000000802967c                USBD_LL_SetupStage
 .text.USBD_LL_DataOutStage
                0x0000000008029726      0x166 ./Middlewares/ST/STM32_USB_Device_Library/Core/Src/usbd_core.o
                0x0000000008029726                USBD_LL_DataOutStage
 .text.USBD_LL_DataInStage
                0x000000000802988c      0x164 ./Middlewares/ST/STM32_USB_Device_Library/Core/Src/usbd_core.o
                0x000000000802988c                USBD_LL_DataInStage
 .text.USBD_LL_Reset
                0x00000000080299f0       0xa4 ./Middlewares/ST/STM32_USB_Device_Library/Core/Src/usbd_core.o
                0x00000000080299f0                USBD_LL_Reset
 .text.USBD_LL_SetSpeed
                0x0000000008029a94       0x20 ./Middlewares/ST/STM32_USB_Device_Library/Core/Src/usbd_core.o
                0x0000000008029a94                USBD_LL_SetSpeed
 .text.USBD_LL_Suspend
                0x0000000008029ab4       0x2c ./Middlewares/ST/STM32_USB_Device_Library/Core/Src/usbd_core.o
                0x0000000008029ab4                USBD_LL_Suspend
 .text.USBD_LL_Resume
                0x0000000008029ae0       0x30 ./Middlewares/ST/STM32_USB_Device_Library/Core/Src/usbd_core.o
                0x0000000008029ae0                USBD_LL_Resume
 .text.USBD_LL_SOF
                0x0000000008029b10       0x40 ./Middlewares/ST/STM32_USB_Device_Library/Core/Src/usbd_core.o
                0x0000000008029b10                USBD_LL_SOF
 .text.USBD_LL_IsoINIncomplete
                0x0000000008029b50       0x64 ./Middlewares/ST/STM32_USB_Device_Library/Core/Src/usbd_core.o
                0x0000000008029b50                USBD_LL_IsoINIncomplete
 .text.USBD_LL_IsoOUTIncomplete
                0x0000000008029bb4       0x64 ./Middlewares/ST/STM32_USB_Device_Library/Core/Src/usbd_core.o
                0x0000000008029bb4                USBD_LL_IsoOUTIncomplete
 .text.USBD_LL_DevConnected
                0x0000000008029c18       0x16 ./Middlewares/ST/STM32_USB_Device_Library/Core/Src/usbd_core.o
                0x0000000008029c18                USBD_LL_DevConnected
 .text.USBD_LL_DevDisconnected
                0x0000000008029c2e       0x46 ./Middlewares/ST/STM32_USB_Device_Library/Core/Src/usbd_core.o
                0x0000000008029c2e                USBD_LL_DevDisconnected
 .text.USBD_CoreFindIF
                0x0000000008029c74       0x1a ./Middlewares/ST/STM32_USB_Device_Library/Core/Src/usbd_core.o
                0x0000000008029c74                USBD_CoreFindIF
 .text.USBD_CoreFindEP
                0x0000000008029c8e       0x1a ./Middlewares/ST/STM32_USB_Device_Library/Core/Src/usbd_core.o
                0x0000000008029c8e                USBD_CoreFindEP
 .text.USBD_GetEpDesc
                0x0000000008029ca8       0x74 ./Middlewares/ST/STM32_USB_Device_Library/Core/Src/usbd_core.o
                0x0000000008029ca8                USBD_GetEpDesc
 .text.USBD_GetNextDesc
                0x0000000008029d1c       0x3a ./Middlewares/ST/STM32_USB_Device_Library/Core/Src/usbd_core.o
                0x0000000008029d1c                USBD_GetNextDesc
 .text.SWAPBYTE
                0x0000000008029d56       0x3c ./Middlewares/ST/STM32_USB_Device_Library/Core/Src/usbd_ctlreq.o
 *fill*         0x0000000008029d92        0x2 
 .text.USBD_StdDevReq
                0x0000000008029d94       0xe4 ./Middlewares/ST/STM32_USB_Device_Library/Core/Src/usbd_ctlreq.o
                0x0000000008029d94                USBD_StdDevReq
 .text.USBD_StdItfReq
                0x0000000008029e78       0xd8 ./Middlewares/ST/STM32_USB_Device_Library/Core/Src/usbd_ctlreq.o
                0x0000000008029e78                USBD_StdItfReq
 .text.USBD_StdEPReq
                0x0000000008029f50      0x33a ./Middlewares/ST/STM32_USB_Device_Library/Core/Src/usbd_ctlreq.o
                0x0000000008029f50                USBD_StdEPReq
 *fill*         0x000000000802a28a        0x2 
 .text.USBD_GetDescriptor
                0x000000000802a28c      0x328 ./Middlewares/ST/STM32_USB_Device_Library/Core/Src/usbd_ctlreq.o
 .text.USBD_SetAddress
                0x000000000802a5b4       0x88 ./Middlewares/ST/STM32_USB_Device_Library/Core/Src/usbd_ctlreq.o
 .text.USBD_SetConfig
                0x000000000802a63c      0x154 ./Middlewares/ST/STM32_USB_Device_Library/Core/Src/usbd_ctlreq.o
 .text.USBD_GetConfig
                0x000000000802a790       0x6c ./Middlewares/ST/STM32_USB_Device_Library/Core/Src/usbd_ctlreq.o
 .text.USBD_GetStatus
                0x000000000802a7fc       0x68 ./Middlewares/ST/STM32_USB_Device_Library/Core/Src/usbd_ctlreq.o
 .text.USBD_SetFeature
                0x000000000802a864       0x52 ./Middlewares/ST/STM32_USB_Device_Library/Core/Src/usbd_ctlreq.o
 .text.USBD_ClrFeature
                0x000000000802a8b6       0x44 ./Middlewares/ST/STM32_USB_Device_Library/Core/Src/usbd_ctlreq.o
 .text.USBD_ParseSetupRequest
                0x000000000802a8fa       0x74 ./Middlewares/ST/STM32_USB_Device_Library/Core/Src/usbd_ctlreq.o
                0x000000000802a8fa                USBD_ParseSetupRequest
 .text.USBD_CtlError
                0x000000000802a96e       0x22 ./Middlewares/ST/STM32_USB_Device_Library/Core/Src/usbd_ctlreq.o
                0x000000000802a96e                USBD_CtlError
 .text.USBD_GetString
                0x000000000802a990       0x8c ./Middlewares/ST/STM32_USB_Device_Library/Core/Src/usbd_ctlreq.o
                0x000000000802a990                USBD_GetString
 .text.USBD_GetLen
                0x000000000802aa1c       0x34 ./Middlewares/ST/STM32_USB_Device_Library/Core/Src/usbd_ctlreq.o
 .text.USBD_CtlSendData
                0x000000000802aa50       0x36 ./Middlewares/ST/STM32_USB_Device_Library/Core/Src/usbd_ioreq.o
                0x000000000802aa50                USBD_CtlSendData
 .text.USBD_CtlContinueSendData
                0x000000000802aa86       0x22 ./Middlewares/ST/STM32_USB_Device_Library/Core/Src/usbd_ioreq.o
                0x000000000802aa86                USBD_CtlContinueSendData
 .text.USBD_CtlPrepareRx
                0x000000000802aaa8       0x3a ./Middlewares/ST/STM32_USB_Device_Library/Core/Src/usbd_ioreq.o
                0x000000000802aaa8                USBD_CtlPrepareRx
 .text.USBD_CtlContinueRx
                0x000000000802aae2       0x22 ./Middlewares/ST/STM32_USB_Device_Library/Core/Src/usbd_ioreq.o
                0x000000000802aae2                USBD_CtlContinueRx
 .text.USBD_CtlSendStatus
                0x000000000802ab04       0x26 ./Middlewares/ST/STM32_USB_Device_Library/Core/Src/usbd_ioreq.o
                0x000000000802ab04                USBD_CtlSendStatus
 .text.USBD_CtlReceiveStatus
                0x000000000802ab2a       0x26 ./Middlewares/ST/STM32_USB_Device_Library/Core/Src/usbd_ioreq.o
                0x000000000802ab2a                USBD_CtlReceiveStatus
 .text.MX_USB_DEVICE_Init
                0x000000000802ab50       0x60 ./USB_DEVICE/App/usb_device.o
                0x000000000802ab50                MX_USB_DEVICE_Init
 .text.CDC_Init_FS
                0x000000000802abb0       0x34 ./USB_DEVICE/App/usbd_cdc_if.o
 .text.CDC_DeInit_FS
                0x000000000802abe4       0x10 ./USB_DEVICE/App/usbd_cdc_if.o
 .text.CDC_Control_FS
                0x000000000802abf4      0x15c ./USB_DEVICE/App/usbd_cdc_if.o
 .text.CDC_Receive_FS
                0x000000000802ad50       0x28 ./USB_DEVICE/App/usbd_cdc_if.o
 .text.CDC_Transmit_FS
                0x000000000802ad78       0x4c ./USB_DEVICE/App/usbd_cdc_if.o
                0x000000000802ad78                CDC_Transmit_FS
 .text.CDC_TransmitCplt_FS
                0x000000000802adc4       0x22 ./USB_DEVICE/App/usbd_cdc_if.o
 *fill*         0x000000000802ade6        0x2 
 .text.usb_printf
                0x000000000802ade8       0x5c ./USB_DEVICE/App/usbd_cdc_if.o
                0x000000000802ade8                usb_printf
 .text.USBD_FS_DeviceDescriptor
                0x000000000802ae44       0x24 ./USB_DEVICE/App/usbd_desc.o
                0x000000000802ae44                USBD_FS_DeviceDescriptor
 .text.USBD_FS_LangIDStrDescriptor
                0x000000000802ae68       0x24 ./USB_DEVICE/App/usbd_desc.o
                0x000000000802ae68                USBD_FS_LangIDStrDescriptor
 .text.USBD_FS_ProductStrDescriptor
                0x000000000802ae8c       0x3c ./USB_DEVICE/App/usbd_desc.o
                0x000000000802ae8c                USBD_FS_ProductStrDescriptor
 .text.USBD_FS_ManufacturerStrDescriptor
                0x000000000802aec8       0x28 ./USB_DEVICE/App/usbd_desc.o
                0x000000000802aec8                USBD_FS_ManufacturerStrDescriptor
 .text.USBD_FS_SerialStrDescriptor
                0x000000000802aef0       0x24 ./USB_DEVICE/App/usbd_desc.o
                0x000000000802aef0                USBD_FS_SerialStrDescriptor
 .text.USBD_FS_ConfigStrDescriptor
                0x000000000802af14       0x3c ./USB_DEVICE/App/usbd_desc.o
                0x000000000802af14                USBD_FS_ConfigStrDescriptor
 .text.USBD_FS_InterfaceStrDescriptor
                0x000000000802af50       0x3c ./USB_DEVICE/App/usbd_desc.o
                0x000000000802af50                USBD_FS_InterfaceStrDescriptor
 .text.USBD_FS_USR_BOSDescriptor
                0x000000000802af8c       0x24 ./USB_DEVICE/App/usbd_desc.o
                0x000000000802af8c                USBD_FS_USR_BOSDescriptor
 .text.Get_SerialNum
                0x000000000802afb0       0x58 ./USB_DEVICE/App/usbd_desc.o
 .text.IntToUnicode
                0x000000000802b008       0x7e ./USB_DEVICE/App/usbd_desc.o
 *fill*         0x000000000802b086        0x2 
 .text.HAL_PCD_MspInit
                0x000000000802b088       0xe4 ./USB_DEVICE/Target/usbd_conf.o
                0x000000000802b088                HAL_PCD_MspInit
 .text.HAL_PCD_MspDeInit
                0x000000000802b16c       0x40 ./USB_DEVICE/Target/usbd_conf.o
                0x000000000802b16c                HAL_PCD_MspDeInit
 .text.HAL_PCD_SetupStageCallback
                0x000000000802b1ac       0x24 ./USB_DEVICE/Target/usbd_conf.o
                0x000000000802b1ac                HAL_PCD_SetupStageCallback
 .text.HAL_PCD_DataOutStageCallback
                0x000000000802b1d0       0x36 ./USB_DEVICE/Target/usbd_conf.o
                0x000000000802b1d0                HAL_PCD_DataOutStageCallback
 .text.HAL_PCD_DataInStageCallback
                0x000000000802b206       0x34 ./USB_DEVICE/Target/usbd_conf.o
                0x000000000802b206                HAL_PCD_DataInStageCallback
 .text.HAL_PCD_SOFCallback
                0x000000000802b23a       0x1c ./USB_DEVICE/Target/usbd_conf.o
                0x000000000802b23a                HAL_PCD_SOFCallback
 .text.HAL_PCD_ResetCallback
                0x000000000802b256       0x50 ./USB_DEVICE/Target/usbd_conf.o
                0x000000000802b256                HAL_PCD_ResetCallback
 *fill*         0x000000000802b2a6        0x2 
 .text.HAL_PCD_SuspendCallback
                0x000000000802b2a8       0x4c ./USB_DEVICE/Target/usbd_conf.o
                0x000000000802b2a8                HAL_PCD_SuspendCallback
 .text.HAL_PCD_ResumeCallback
                0x000000000802b2f4       0x1c ./USB_DEVICE/Target/usbd_conf.o
                0x000000000802b2f4                HAL_PCD_ResumeCallback
 .text.HAL_PCD_ISOOUTIncompleteCallback
                0x000000000802b310       0x24 ./USB_DEVICE/Target/usbd_conf.o
                0x000000000802b310                HAL_PCD_ISOOUTIncompleteCallback
 .text.HAL_PCD_ISOINIncompleteCallback
                0x000000000802b334       0x24 ./USB_DEVICE/Target/usbd_conf.o
                0x000000000802b334                HAL_PCD_ISOINIncompleteCallback
 .text.HAL_PCD_ConnectCallback
                0x000000000802b358       0x1c ./USB_DEVICE/Target/usbd_conf.o
                0x000000000802b358                HAL_PCD_ConnectCallback
 .text.HAL_PCD_DisconnectCallback
                0x000000000802b374       0x1c ./USB_DEVICE/Target/usbd_conf.o
                0x000000000802b374                HAL_PCD_DisconnectCallback
 .text.USBD_LL_Init
                0x000000000802b390       0x98 ./USB_DEVICE/Target/usbd_conf.o
                0x000000000802b390                USBD_LL_Init
 .text.USBD_LL_DeInit
                0x000000000802b428       0x36 ./USB_DEVICE/Target/usbd_conf.o
                0x000000000802b428                USBD_LL_DeInit
 .text.USBD_LL_Start
                0x000000000802b45e       0x36 ./USB_DEVICE/Target/usbd_conf.o
                0x000000000802b45e                USBD_LL_Start
 .text.USBD_LL_Stop
                0x000000000802b494       0x36 ./USB_DEVICE/Target/usbd_conf.o
                0x000000000802b494                USBD_LL_Stop
 .text.USBD_LL_OpenEP
                0x000000000802b4ca       0x4c ./USB_DEVICE/Target/usbd_conf.o
                0x000000000802b4ca                USBD_LL_OpenEP
 .text.USBD_LL_CloseEP
                0x000000000802b516       0x3e ./USB_DEVICE/Target/usbd_conf.o
                0x000000000802b516                USBD_LL_CloseEP
 .text.USBD_LL_StallEP
                0x000000000802b554       0x3e ./USB_DEVICE/Target/usbd_conf.o
                0x000000000802b554                USBD_LL_StallEP
 .text.USBD_LL_ClearStallEP
                0x000000000802b592       0x3e ./USB_DEVICE/Target/usbd_conf.o
                0x000000000802b592                USBD_LL_ClearStallEP
 .text.USBD_LL_IsStallEP
                0x000000000802b5d0       0x58 ./USB_DEVICE/Target/usbd_conf.o
                0x000000000802b5d0                USBD_LL_IsStallEP
 .text.USBD_LL_SetUSBAddress
                0x000000000802b628       0x3e ./USB_DEVICE/Target/usbd_conf.o
                0x000000000802b628                USBD_LL_SetUSBAddress
 .text.USBD_LL_Transmit
                0x000000000802b666       0x42 ./USB_DEVICE/Target/usbd_conf.o
                0x000000000802b666                USBD_LL_Transmit
 .text.USBD_LL_PrepareReceive
                0x000000000802b6a8       0x42 ./USB_DEVICE/Target/usbd_conf.o
                0x000000000802b6a8                USBD_LL_PrepareReceive
 .text.USBD_LL_GetRxDataSize
                0x000000000802b6ea       0x26 ./USB_DEVICE/Target/usbd_conf.o
                0x000000000802b6ea                USBD_LL_GetRxDataSize
 .text.HAL_PCDEx_LPM_Callback
                0x000000000802b710       0x9c ./USB_DEVICE/Target/usbd_conf.o
                0x000000000802b710                HAL_PCDEx_LPM_Callback
 .text.SystemClockConfig_Resume
                0x000000000802b7ac        0xc ./USB_DEVICE/Target/usbd_conf.o
 .text.USBD_Get_USB_Status
                0x000000000802b7b8       0x58 ./USB_DEVICE/Target/usbd_conf.o
                0x000000000802b7b8                USBD_Get_USB_Status
 .text.malloc   0x000000000802b810       0x10 C:/ST/STM32CubeIDE_1.10.1/STM32CubeIDE/plugins/com.st.stm32cube.ide.mcu.externaltools.gnu-tools-for-stm32.11.3.rel1.win32_1.1.0.202305231506/tools/bin/../lib/gcc/arm-none-eabi/11.3.1/../../../../arm-none-eabi/lib/thumb/v7e-m+fp/hard\libc_nano.a(libc_a-malloc.o)
                0x000000000802b810                malloc
 .text.free     0x000000000802b820       0x10 C:/ST/STM32CubeIDE_1.10.1/STM32CubeIDE/plugins/com.st.stm32cube.ide.mcu.externaltools.gnu-tools-for-stm32.11.3.rel1.win32_1.1.0.202305231506/tools/bin/../lib/gcc/arm-none-eabi/11.3.1/../../../../arm-none-eabi/lib/thumb/v7e-m+fp/hard\libc_nano.a(libc_a-malloc.o)
                0x000000000802b820                free
 .text.sbrk_aligned
                0x000000000802b830       0x40 C:/ST/STM32CubeIDE_1.10.1/STM32CubeIDE/plugins/com.st.stm32cube.ide.mcu.externaltools.gnu-tools-for-stm32.11.3.rel1.win32_1.1.0.202305231506/tools/bin/../lib/gcc/arm-none-eabi/11.3.1/../../../../arm-none-eabi/lib/thumb/v7e-m+fp/hard\libc_nano.a(libc_a-mallocr.o)
 .text._malloc_r
                0x000000000802b870      0x100 C:/ST/STM32CubeIDE_1.10.1/STM32CubeIDE/plugins/com.st.stm32cube.ide.mcu.externaltools.gnu-tools-for-stm32.11.3.rel1.win32_1.1.0.202305231506/tools/bin/../lib/gcc/arm-none-eabi/11.3.1/../../../../arm-none-eabi/lib/thumb/v7e-m+fp/hard\libc_nano.a(libc_a-mallocr.o)
                0x000000000802b870                _malloc_r
 .text.__malloc_lock
                0x000000000802b970        0xc C:/ST/STM32CubeIDE_1.10.1/STM32CubeIDE/plugins/com.st.stm32cube.ide.mcu.externaltools.gnu-tools-for-stm32.11.3.rel1.win32_1.1.0.202305231506/tools/bin/../lib/gcc/arm-none-eabi/11.3.1/../../../../arm-none-eabi/lib/thumb/v7e-m+fp/hard\libc_nano.a(libc_a-mlock.o)
                0x000000000802b970                __malloc_lock
 .text.__malloc_unlock
                0x000000000802b97c        0xc C:/ST/STM32CubeIDE_1.10.1/STM32CubeIDE/plugins/com.st.stm32cube.ide.mcu.externaltools.gnu-tools-for-stm32.11.3.rel1.win32_1.1.0.202305231506/tools/bin/../lib/gcc/arm-none-eabi/11.3.1/../../../../arm-none-eabi/lib/thumb/v7e-m+fp/hard\libc_nano.a(libc_a-mlock.o)
                0x000000000802b97c                __malloc_unlock
 .text._vsnprintf_r
                0x000000000802b988       0x56 C:/ST/STM32CubeIDE_1.10.1/STM32CubeIDE/plugins/com.st.stm32cube.ide.mcu.externaltools.gnu-tools-for-stm32.11.3.rel1.win32_1.1.0.202305231506/tools/bin/../lib/gcc/arm-none-eabi/11.3.1/../../../../arm-none-eabi/lib/thumb/v7e-m+fp/hard\libc_nano.a(libc_a-vsnprintf.o)
                0x000000000802b988                _vsniprintf_r
                0x000000000802b988                _vsnprintf_r
 *fill*         0x000000000802b9de        0x2 
 .text.vsnprintf
                0x000000000802b9e0       0x1c C:/ST/STM32CubeIDE_1.10.1/STM32CubeIDE/plugins/com.st.stm32cube.ide.mcu.externaltools.gnu-tools-for-stm32.11.3.rel1.win32_1.1.0.202305231506/tools/bin/../lib/gcc/arm-none-eabi/11.3.1/../../../../arm-none-eabi/lib/thumb/v7e-m+fp/hard\libc_nano.a(libc_a-vsnprintf.o)
                0x000000000802b9e0                vsniprintf
                0x000000000802b9e0                vsnprintf
 .text.memcmp   0x000000000802b9fc       0x20 C:/ST/STM32CubeIDE_1.10.1/STM32CubeIDE/plugins/com.st.stm32cube.ide.mcu.externaltools.gnu-tools-for-stm32.11.3.rel1.win32_1.1.0.202305231506/tools/bin/../lib/gcc/arm-none-eabi/11.3.1/../../../../arm-none-eabi/lib/thumb/v7e-m+fp/hard\libc_nano.a(libc_a-memcmp.o)
                0x000000000802b9fc                memcmp
 .text.memset   0x000000000802ba1c       0x10 C:/ST/STM32CubeIDE_1.10.1/STM32CubeIDE/plugins/com.st.stm32cube.ide.mcu.externaltools.gnu-tools-for-stm32.11.3.rel1.win32_1.1.0.202305231506/tools/bin/../lib/gcc/arm-none-eabi/11.3.1/../../../../arm-none-eabi/lib/thumb/v7e-m+fp/hard\libc_nano.a(libc_a-memset.o)
                0x000000000802ba1c                memset
 .text._sbrk_r  0x000000000802ba2c       0x20 C:/ST/STM32CubeIDE_1.10.1/STM32CubeIDE/plugins/com.st.stm32cube.ide.mcu.externaltools.gnu-tools-for-stm32.11.3.rel1.win32_1.1.0.202305231506/tools/bin/../lib/gcc/arm-none-eabi/11.3.1/../../../../arm-none-eabi/lib/thumb/v7e-m+fp/hard\libc_nano.a(libc_a-sbrkr.o)
                0x000000000802ba2c                _sbrk_r
 .text.__errno  0x000000000802ba4c        0xc C:/ST/STM32CubeIDE_1.10.1/STM32CubeIDE/plugins/com.st.stm32cube.ide.mcu.externaltools.gnu-tools-for-stm32.11.3.rel1.win32_1.1.0.202305231506/tools/bin/../lib/gcc/arm-none-eabi/11.3.1/../../../../arm-none-eabi/lib/thumb/v7e-m+fp/hard\libc_nano.a(libc_a-errno.o)
                0x000000000802ba4c                __errno
 .text.__libc_init_array
                0x000000000802ba58       0x48 C:/ST/STM32CubeIDE_1.10.1/STM32CubeIDE/plugins/com.st.stm32cube.ide.mcu.externaltools.gnu-tools-for-stm32.11.3.rel1.win32_1.1.0.202305231506/tools/bin/../lib/gcc/arm-none-eabi/11.3.1/../../../../arm-none-eabi/lib/thumb/v7e-m+fp/hard\libc_nano.a(libc_a-init.o)
                0x000000000802ba58                __libc_init_array
 .text.__retarget_lock_acquire_recursive
                0x000000000802baa0        0x2 C:/ST/STM32CubeIDE_1.10.1/STM32CubeIDE/plugins/com.st.stm32cube.ide.mcu.externaltools.gnu-tools-for-stm32.11.3.rel1.win32_1.1.0.202305231506/tools/bin/../lib/gcc/arm-none-eabi/11.3.1/../../../../arm-none-eabi/lib/thumb/v7e-m+fp/hard\libc_nano.a(libc_a-lock.o)
                0x000000000802baa0                __retarget_lock_acquire_recursive
 .text.__retarget_lock_release_recursive
                0x000000000802baa2        0x2 C:/ST/STM32CubeIDE_1.10.1/STM32CubeIDE/plugins/com.st.stm32cube.ide.mcu.externaltools.gnu-tools-for-stm32.11.3.rel1.win32_1.1.0.202305231506/tools/bin/../lib/gcc/arm-none-eabi/11.3.1/../../../../arm-none-eabi/lib/thumb/v7e-m+fp/hard\libc_nano.a(libc_a-lock.o)
                0x000000000802baa2                __retarget_lock_release_recursive
 .text.memcpy   0x000000000802baa4       0x1c C:/ST/STM32CubeIDE_1.10.1/STM32CubeIDE/plugins/com.st.stm32cube.ide.mcu.externaltools.gnu-tools-for-stm32.11.3.rel1.win32_1.1.0.202305231506/tools/bin/../lib/gcc/arm-none-eabi/11.3.1/../../../../arm-none-eabi/lib/thumb/v7e-m+fp/hard\libc_nano.a(libc_a-memcpy-stub.o)
                0x000000000802baa4                memcpy
 .text._free_r  0x000000000802bac0       0x98 C:/ST/STM32CubeIDE_1.10.1/STM32CubeIDE/plugins/com.st.stm32cube.ide.mcu.externaltools.gnu-tools-for-stm32.11.3.rel1.win32_1.1.0.202305231506/tools/bin/../lib/gcc/arm-none-eabi/11.3.1/../../../../arm-none-eabi/lib/thumb/v7e-m+fp/hard\libc_nano.a(libc_a-freer.o)
                0x000000000802bac0                _free_r
 .text.__ssputs_r
                0x000000000802bb58       0xb4 C:/ST/STM32CubeIDE_1.10.1/STM32CubeIDE/plugins/com.st.stm32cube.ide.mcu.externaltools.gnu-tools-for-stm32.11.3.rel1.win32_1.1.0.202305231506/tools/bin/../lib/gcc/arm-none-eabi/11.3.1/../../../../arm-none-eabi/lib/thumb/v7e-m+fp/hard\libc_nano.a(libc_a-nano-svfprintf.o)
                0x000000000802bb58                __ssputs_r
 .text._svfprintf_r
                0x000000000802bc0c      0x1fc C:/ST/STM32CubeIDE_1.10.1/STM32CubeIDE/plugins/com.st.stm32cube.ide.mcu.externaltools.gnu-tools-for-stm32.11.3.rel1.win32_1.1.0.202305231506/tools/bin/../lib/gcc/arm-none-eabi/11.3.1/../../../../arm-none-eabi/lib/thumb/v7e-m+fp/hard\libc_nano.a(libc_a-nano-svfprintf.o)
                0x000000000802bc0c                _svfiprintf_r
                0x000000000802bc0c                _svfprintf_r
 .text._printf_common
                0x000000000802be08       0xda C:/ST/STM32CubeIDE_1.10.1/STM32CubeIDE/plugins/com.st.stm32cube.ide.mcu.externaltools.gnu-tools-for-stm32.11.3.rel1.win32_1.1.0.202305231506/tools/bin/../lib/gcc/arm-none-eabi/11.3.1/../../../../arm-none-eabi/lib/thumb/v7e-m+fp/hard\libc_nano.a(libc_a-nano-vfprintf_i.o)
                0x000000000802be08                _printf_common
 *fill*         0x000000000802bee2        0x2 
 .text._printf_i
                0x000000000802bee4      0x244 C:/ST/STM32CubeIDE_1.10.1/STM32CubeIDE/plugins/com.st.stm32cube.ide.mcu.externaltools.gnu-tools-for-stm32.11.3.rel1.win32_1.1.0.202305231506/tools/bin/../lib/gcc/arm-none-eabi/11.3.1/../../../../arm-none-eabi/lib/thumb/v7e-m+fp/hard\libc_nano.a(libc_a-nano-vfprintf_i.o)
                0x000000000802bee4                _printf_i
 .text.memmove  0x000000000802c128       0x34 C:/ST/STM32CubeIDE_1.10.1/STM32CubeIDE/plugins/com.st.stm32cube.ide.mcu.externaltools.gnu-tools-for-stm32.11.3.rel1.win32_1.1.0.202305231506/tools/bin/../lib/gcc/arm-none-eabi/11.3.1/../../../../arm-none-eabi/lib/thumb/v7e-m+fp/hard\libc_nano.a(libc_a-memmove.o)
                0x000000000802c128                memmove
 .text._realloc_r
                0x000000000802c15c       0x5e C:/ST/STM32CubeIDE_1.10.1/STM32CubeIDE/plugins/com.st.stm32cube.ide.mcu.externaltools.gnu-tools-for-stm32.11.3.rel1.win32_1.1.0.202305231506/tools/bin/../lib/gcc/arm-none-eabi/11.3.1/../../../../arm-none-eabi/lib/thumb/v7e-m+fp/hard\libc_nano.a(libc_a-reallocr.o)
                0x000000000802c15c                _realloc_r
 .text._malloc_usable_size_r
                0x000000000802c1ba       0x10 C:/ST/STM32CubeIDE_1.10.1/STM32CubeIDE/plugins/com.st.stm32cube.ide.mcu.externaltools.gnu-tools-for-stm32.11.3.rel1.win32_1.1.0.202305231506/tools/bin/../lib/gcc/arm-none-eabi/11.3.1/../../../../arm-none-eabi/lib/thumb/v7e-m+fp/hard\libc_nano.a(libc_a-msizer.o)
                0x000000000802c1ba                _malloc_usable_size_r
 *(.glue_7)
 .glue_7        0x000000000802c1ca        0x0 linker stubs
 *(.glue_7t)
 .glue_7t       0x000000000802c1ca        0x0 linker stubs
 *(.eh_frame)
 *fill*         0x000000000802c1ca        0x2 
 .eh_frame      0x000000000802c1cc        0x0 C:/ST/STM32CubeIDE_1.10.1/STM32CubeIDE/plugins/com.st.stm32cube.ide.mcu.externaltools.gnu-tools-for-stm32.11.3.rel1.win32_1.1.0.202305231506/tools/bin/../lib/gcc/arm-none-eabi/11.3.1/thumb/v7e-m+fp/hard/crtbegin.o
 *(.init)
 .init          0x000000000802c1cc        0x4 C:/ST/STM32CubeIDE_1.10.1/STM32CubeIDE/plugins/com.st.stm32cube.ide.mcu.externaltools.gnu-tools-for-stm32.11.3.rel1.win32_1.1.0.202305231506/tools/bin/../lib/gcc/arm-none-eabi/11.3.1/thumb/v7e-m+fp/hard/crti.o
                0x000000000802c1cc                _init
 .init          0x000000000802c1d0        0x8 C:/ST/STM32CubeIDE_1.10.1/STM32CubeIDE/plugins/com.st.stm32cube.ide.mcu.externaltools.gnu-tools-for-stm32.11.3.rel1.win32_1.1.0.202305231506/tools/bin/../lib/gcc/arm-none-eabi/11.3.1/thumb/v7e-m+fp/hard/crtn.o
 *(.fini)
 .fini          0x000000000802c1d8        0x4 C:/ST/STM32CubeIDE_1.10.1/STM32CubeIDE/plugins/com.st.stm32cube.ide.mcu.externaltools.gnu-tools-for-stm32.11.3.rel1.win32_1.1.0.202305231506/tools/bin/../lib/gcc/arm-none-eabi/11.3.1/thumb/v7e-m+fp/hard/crti.o
                0x000000000802c1d8                _fini
 .fini          0x000000000802c1dc        0x8 C:/ST/STM32CubeIDE_1.10.1/STM32CubeIDE/plugins/com.st.stm32cube.ide.mcu.externaltools.gnu-tools-for-stm32.11.3.rel1.win32_1.1.0.202305231506/tools/bin/../lib/gcc/arm-none-eabi/11.3.1/thumb/v7e-m+fp/hard/crtn.o
                0x000000000802c1e4                . = ALIGN (0x4)
                0x000000000802c1e4                _etext = .

.vfp11_veneer   0x000000000802c1e4        0x0
 .vfp11_veneer  0x000000000802c1e4        0x0 linker stubs

.v4_bx          0x000000000802c1e4        0x0
 .v4_bx         0x000000000802c1e4        0x0 linker stubs

.iplt           0x000000000802c1e4        0x0
 .iplt          0x000000000802c1e4        0x0 C:/ST/STM32CubeIDE_1.10.1/STM32CubeIDE/plugins/com.st.stm32cube.ide.mcu.externaltools.gnu-tools-for-stm32.11.3.rel1.win32_1.1.0.202305231506/tools/bin/../lib/gcc/arm-none-eabi/11.3.1/thumb/v7e-m+fp/hard/crtbegin.o

.rodata         0x000000000802c1e4     0xb840
                0x000000000802c1e4                . = ALIGN (0x4)
 *(.rodata)
 .rodata        0x000000000802c1e4      0x134 ./Core/Src/lt7911ux.o
 .rodata        0x000000000802c318       0x46 ./USB_DEVICE/App/usbd_desc.o
 *(.rodata*)
 *fill*         0x000000000802c35e        0x2 
 .rodata.LT7911_FW
                0x000000000802c360     0xb65f ./Core/Src/lt7911_fw.o
                0x000000000802c360                LT7911_FW
 *fill*         0x00000000080379bf        0x1 
 .rodata.__FUNCTION__.0
                0x00000000080379c0       0x15 ./Core/Src/lt7911ux.o
 *fill*         0x00000000080379d5        0x3 
 .rodata.AHBPrescTable
                0x00000000080379d8       0x10 ./Core/Src/system_stm32f7xx.o
                0x00000000080379d8                AHBPrescTable
 .rodata.flagBitshiftOffset.0
                0x00000000080379e8        0x8 ./Drivers/STM32F7xx_HAL_Driver/Src/stm32f7xx_hal_dma.o
 .rodata._svfprintf_r.str1.1
                0x00000000080379f0       0x11 C:/ST/STM32CubeIDE_1.10.1/STM32CubeIDE/plugins/com.st.stm32cube.ide.mcu.externaltools.gnu-tools-for-stm32.11.3.rel1.win32_1.1.0.202305231506/tools/bin/../lib/gcc/arm-none-eabi/11.3.1/../../../../arm-none-eabi/lib/thumb/v7e-m+fp/hard\libc_nano.a(libc_a-nano-svfprintf.o)
 .rodata._printf_i.str1.1
                0x0000000008037a01       0x22 C:/ST/STM32CubeIDE_1.10.1/STM32CubeIDE/plugins/com.st.stm32cube.ide.mcu.externaltools.gnu-tools-for-stm32.11.3.rel1.win32_1.1.0.202305231506/tools/bin/../lib/gcc/arm-none-eabi/11.3.1/../../../../arm-none-eabi/lib/thumb/v7e-m+fp/hard\libc_nano.a(libc_a-nano-vfprintf_i.o)
                0x0000000008037a24                . = ALIGN (0x4)
 *fill*         0x0000000008037a23        0x1 

.ARM.extab      0x0000000008037a24        0x0
                0x0000000008037a24                . = ALIGN (0x4)
 *(.ARM.extab* .gnu.linkonce.armextab.*)
                0x0000000008037a24                . = ALIGN (0x4)

.ARM            0x0000000008037a24        0x8
                0x0000000008037a24                . = ALIGN (0x4)
                0x0000000008037a24                __exidx_start = .
 *(.ARM.exidx*)
 .ARM.exidx     0x0000000008037a24        0x8 C:/ST/STM32CubeIDE_1.10.1/STM32CubeIDE/plugins/com.st.stm32cube.ide.mcu.externaltools.gnu-tools-for-stm32.11.3.rel1.win32_1.1.0.202305231506/tools/bin/../lib/gcc/arm-none-eabi/11.3.1/thumb/v7e-m+fp/hard\libgcc.a(_udivmoddi4.o)
                0x0000000008037a2c                __exidx_end = .
                0x0000000008037a2c                . = ALIGN (0x4)

.rel.dyn        0x0000000008037a2c        0x0
 .rel.iplt      0x0000000008037a2c        0x0 C:/ST/STM32CubeIDE_1.10.1/STM32CubeIDE/plugins/com.st.stm32cube.ide.mcu.externaltools.gnu-tools-for-stm32.11.3.rel1.win32_1.1.0.202305231506/tools/bin/../lib/gcc/arm-none-eabi/11.3.1/thumb/v7e-m+fp/hard/crtbegin.o

.preinit_array  0x0000000008037a2c        0x0
                0x0000000008037a2c                . = ALIGN (0x4)
                0x0000000008037a2c                PROVIDE (__preinit_array_start = .)
 *(.preinit_array*)
                0x0000000008037a2c                PROVIDE (__preinit_array_end = .)
                0x0000000008037a2c                . = ALIGN (0x4)

.init_array     0x0000000008037a2c        0x4
                0x0000000008037a2c                . = ALIGN (0x4)
                0x0000000008037a2c                PROVIDE (__init_array_start = .)
 *(SORT_BY_NAME(.init_array.*))
 *(.init_array*)
 .init_array    0x0000000008037a2c        0x4 C:/ST/STM32CubeIDE_1.10.1/STM32CubeIDE/plugins/com.st.stm32cube.ide.mcu.externaltools.gnu-tools-for-stm32.11.3.rel1.win32_1.1.0.202305231506/tools/bin/../lib/gcc/arm-none-eabi/11.3.1/thumb/v7e-m+fp/hard/crtbegin.o
                0x0000000008037a30                PROVIDE (__init_array_end = .)
                0x0000000008037a30                . = ALIGN (0x4)

.fini_array     0x0000000008037a30        0x4
                0x0000000008037a30                . = ALIGN (0x4)
                [!provide]                        PROVIDE (__fini_array_start = .)
 *(SORT_BY_NAME(.fini_array.*))
 *(.fini_array*)
 .fini_array    0x0000000008037a30        0x4 C:/ST/STM32CubeIDE_1.10.1/STM32CubeIDE/plugins/com.st.stm32cube.ide.mcu.externaltools.gnu-tools-for-stm32.11.3.rel1.win32_1.1.0.202305231506/tools/bin/../lib/gcc/arm-none-eabi/11.3.1/thumb/v7e-m+fp/hard/crtbegin.o
                [!provide]                        PROVIDE (__fini_array_end = .)
                0x0000000008037a34                . = ALIGN (0x4)
                0x0000000008037a34                _sidata = LOADADDR (.data)

.data           0x0000000020000000      0x164 load address 0x0000000008037a34
                0x0000000020000000                . = ALIGN (0x4)
                0x0000000020000000                _sdata = .
 *(.data)
 *(.data*)
 .data.SystemCoreClock
                0x0000000020000000        0x4 ./Core/Src/system_stm32f7xx.o
                0x0000000020000000                SystemCoreClock
 .data.uwTickPrio
                0x0000000020000004        0x4 ./Drivers/STM32F7xx_HAL_Driver/Src/stm32f7xx_hal.o
                0x0000000020000004                uwTickPrio
 .data.uwTickFreq
                0x0000000020000008        0x1 ./Drivers/STM32F7xx_HAL_Driver/Src/stm32f7xx_hal.o
                0x0000000020000008                uwTickFreq
 *fill*         0x0000000020000009        0x3 
 .data.USBD_CDC_DeviceQualifierDesc
                0x000000002000000c        0xa ./Middlewares/ST/STM32_USB_Device_Library/Class/CDC/Src/usbd_cdc.o
 *fill*         0x0000000020000016        0x2 
 .data.USBD_CDC
                0x0000000020000018       0x38 ./Middlewares/ST/STM32_USB_Device_Library/Class/CDC/Src/usbd_cdc.o
                0x0000000020000018                USBD_CDC
 .data.USBD_CDC_CfgDesc
                0x0000000020000050       0x43 ./Middlewares/ST/STM32_USB_Device_Library/Class/CDC/Src/usbd_cdc.o
 .data.CDCInEpAdd
                0x0000000020000093        0x1 ./Middlewares/ST/STM32_USB_Device_Library/Class/CDC/Src/usbd_cdc.o
 .data.CDCOutEpAdd
                0x0000000020000094        0x1 ./Middlewares/ST/STM32_USB_Device_Library/Class/CDC/Src/usbd_cdc.o
 .data.CDCCmdEpAdd
                0x0000000020000095        0x1 ./Middlewares/ST/STM32_USB_Device_Library/Class/CDC/Src/usbd_cdc.o
 *fill*         0x0000000020000096        0x2 
 .data.LineCoding
                0x0000000020000098        0x8 ./USB_DEVICE/App/usbd_cdc_if.o
                0x0000000020000098                LineCoding
 .data.USBD_Interface_fops_FS
                0x00000000200000a0       0x14 ./USB_DEVICE/App/usbd_cdc_if.o
                0x00000000200000a0                USBD_Interface_fops_FS
 .data.FS_Desc  0x00000000200000b4       0x20 ./USB_DEVICE/App/usbd_desc.o
                0x00000000200000b4                FS_Desc
 .data.USBD_FS_DeviceDesc
                0x00000000200000d4       0x12 ./USB_DEVICE/App/usbd_desc.o
                0x00000000200000d4                USBD_FS_DeviceDesc
 *fill*         0x00000000200000e6        0x2 
 .data.USBD_FS_BOSDesc
                0x00000000200000e8        0xc ./USB_DEVICE/App/usbd_desc.o
                0x00000000200000e8                USBD_FS_BOSDesc
 .data.USBD_LangIDDesc
                0x00000000200000f4        0x4 ./USB_DEVICE/App/usbd_desc.o
                0x00000000200000f4                USBD_LangIDDesc
 .data.USBD_StringSerial
                0x00000000200000f8       0x1a ./USB_DEVICE/App/usbd_desc.o
                0x00000000200000f8                USBD_StringSerial
 *fill*         0x0000000020000112        0x2 
 .data._impure_data
                0x0000000020000114       0x4c C:/ST/STM32CubeIDE_1.10.1/STM32CubeIDE/plugins/com.st.stm32cube.ide.mcu.externaltools.gnu-tools-for-stm32.11.3.rel1.win32_1.1.0.202305231506/tools/bin/../lib/gcc/arm-none-eabi/11.3.1/../../../../arm-none-eabi/lib/thumb/v7e-m+fp/hard\libc_nano.a(libc_a-impure.o)
                0x0000000020000114                _impure_data
 .data._impure_ptr
                0x0000000020000160        0x4 C:/ST/STM32CubeIDE_1.10.1/STM32CubeIDE/plugins/com.st.stm32cube.ide.mcu.externaltools.gnu-tools-for-stm32.11.3.rel1.win32_1.1.0.202305231506/tools/bin/../lib/gcc/arm-none-eabi/11.3.1/../../../../arm-none-eabi/lib/thumb/v7e-m+fp/hard\libc_nano.a(libc_a-impure.o)
                0x0000000020000160                _impure_ptr
 *(.RamFunc)
 *(.RamFunc*)
                0x0000000020000164                . = ALIGN (0x4)
                0x0000000020000164                _edata = .

.igot.plt       0x0000000020000164        0x0 load address 0x0000000008037b98
 .igot.plt      0x0000000020000164        0x0 C:/ST/STM32CubeIDE_1.10.1/STM32CubeIDE/plugins/com.st.stm32cube.ide.mcu.externaltools.gnu-tools-for-stm32.11.3.rel1.win32_1.1.0.202305231506/tools/bin/../lib/gcc/arm-none-eabi/11.3.1/thumb/v7e-m+fp/hard/crtbegin.o
                0x0000000020000164                . = ALIGN (0x4)

.bss            0x0000000020000164     0xd44c load address 0x0000000008037b98
                0x0000000020000164                _sbss = .
                0x0000000020000164                __bss_start__ = _sbss
 *(.bss)
 .bss           0x0000000020000164       0x1c C:/ST/STM32CubeIDE_1.10.1/STM32CubeIDE/plugins/com.st.stm32cube.ide.mcu.externaltools.gnu-tools-for-stm32.11.3.rel1.win32_1.1.0.202305231506/tools/bin/../lib/gcc/arm-none-eabi/11.3.1/thumb/v7e-m+fp/hard/crtbegin.o
 *(.bss*)
 .bss.hi2c1     0x0000000020000180       0x54 ./Core/Src/i2c.o
                0x0000000020000180                hi2c1
 .bss.hi2c3     0x00000000200001d4       0x54 ./Core/Src/i2c.o
                0x00000000200001d4                hi2c3
 .bss.hi2s3     0x0000000020000228       0x40 ./Core/Src/i2s.o
                0x0000000020000228                hi2s3
 .bss.hdma_spi3_rx
                0x0000000020000268       0x60 ./Core/Src/i2s.o
                0x0000000020000268                hdma_spi3_rx
 .bss.compare_bin
                0x00000000200002c8     0xb67f ./Core/Src/lt7911ux.o
                0x00000000200002c8                compare_bin
 .bss.FW_CRC    0x000000002000b947        0x1 ./Core/Src/lt7911ux.o
                0x000000002000b947                FW_CRC
 .bss.i2s_data  0x000000002000b948       0x40 ./Core/Src/main.o
                0x000000002000b948                i2s_data
 .bss.sample_data
                0x000000002000b988       0x20 ./Core/Src/main.o
                0x000000002000b988                sample_data
 .bss.als_ready
                0x000000002000b9a8        0x1 ./Core/Src/main.o
                0x000000002000b9a8                als_ready
 .bss.ps_ready  0x000000002000b9a9        0x1 ./Core/Src/main.o
                0x000000002000b9a9                ps_ready
 *fill*         0x000000002000b9aa        0x2 
 .bss.hspi2     0x000000002000b9ac       0x64 ./Core/Src/spi.o
                0x000000002000b9ac                hspi2
 .bss.hspi4     0x000000002000ba10       0x64 ./Core/Src/spi.o
                0x000000002000ba10                hspi4
 .bss.__sbrk_heap_end
                0x000000002000ba74        0x4 ./Core/Src/sysmem.o
 .bss.uwTick    0x000000002000ba78        0x4 ./Drivers/STM32F7xx_HAL_Driver/Src/stm32f7xx_hal.o
                0x000000002000ba78                uwTick
 .bss.cfgidx.0  0x000000002000ba7c        0x1 ./Middlewares/ST/STM32_USB_Device_Library/Core/Src/usbd_ctlreq.o
 *fill*         0x000000002000ba7d        0x3 
 .bss.hUsbDeviceFS
                0x000000002000ba80      0x2dc ./USB_DEVICE/App/usb_device.o
                0x000000002000ba80                hUsbDeviceFS
 .bss.nCdcRxIdx
                0x000000002000bd5c        0x4 ./USB_DEVICE/App/usbd_cdc_if.o
 .bss.UserRxBufferFS
                0x000000002000bd60      0x800 ./USB_DEVICE/App/usbd_cdc_if.o
                0x000000002000bd60                UserRxBufferFS
 .bss.UserTxBufferFS
                0x000000002000c560      0x800 ./USB_DEVICE/App/usbd_cdc_if.o
                0x000000002000c560                UserTxBufferFS
 .bss.USBD_StrDesc
                0x000000002000cd60      0x200 ./USB_DEVICE/App/usbd_desc.o
                0x000000002000cd60                USBD_StrDesc
 .bss.hpcd_USB_OTG_FS
                0x000000002000cf60      0x508 ./USB_DEVICE/Target/usbd_conf.o
                0x000000002000cf60                hpcd_USB_OTG_FS
 .bss.__malloc_free_list
                0x000000002000d468        0x4 C:/ST/STM32CubeIDE_1.10.1/STM32CubeIDE/plugins/com.st.stm32cube.ide.mcu.externaltools.gnu-tools-for-stm32.11.3.rel1.win32_1.1.0.202305231506/tools/bin/../lib/gcc/arm-none-eabi/11.3.1/../../../../arm-none-eabi/lib/thumb/v7e-m+fp/hard\libc_nano.a(libc_a-mallocr.o)
                0x000000002000d468                __malloc_free_list
 .bss.__malloc_sbrk_start
                0x000000002000d46c        0x4 C:/ST/STM32CubeIDE_1.10.1/STM32CubeIDE/plugins/com.st.stm32cube.ide.mcu.externaltools.gnu-tools-for-stm32.11.3.rel1.win32_1.1.0.202305231506/tools/bin/../lib/gcc/arm-none-eabi/11.3.1/../../../../arm-none-eabi/lib/thumb/v7e-m+fp/hard\libc_nano.a(libc_a-mallocr.o)
                0x000000002000d46c                __malloc_sbrk_start
 .bss.__sf      0x000000002000d470      0x138 C:/ST/STM32CubeIDE_1.10.1/STM32CubeIDE/plugins/com.st.stm32cube.ide.mcu.externaltools.gnu-tools-for-stm32.11.3.rel1.win32_1.1.0.202305231506/tools/bin/../lib/gcc/arm-none-eabi/11.3.1/../../../../arm-none-eabi/lib/thumb/v7e-m+fp/hard\libc_nano.a(libc_a-findfp.o)
                0x000000002000d470                __sf
 .bss.errno     0x000000002000d5a8        0x4 C:/ST/STM32CubeIDE_1.10.1/STM32CubeIDE/plugins/com.st.stm32cube.ide.mcu.externaltools.gnu-tools-for-stm32.11.3.rel1.win32_1.1.0.202305231506/tools/bin/../lib/gcc/arm-none-eabi/11.3.1/../../../../arm-none-eabi/lib/thumb/v7e-m+fp/hard\libc_nano.a(libc_a-reent.o)
                0x000000002000d5a8                errno
 .bss.__lock___malloc_recursive_mutex
                0x000000002000d5ac        0x1 C:/ST/STM32CubeIDE_1.10.1/STM32CubeIDE/plugins/com.st.stm32cube.ide.mcu.externaltools.gnu-tools-for-stm32.11.3.rel1.win32_1.1.0.202305231506/tools/bin/../lib/gcc/arm-none-eabi/11.3.1/../../../../arm-none-eabi/lib/thumb/v7e-m+fp/hard\libc_nano.a(libc_a-lock.o)
                0x000000002000d5ac                __lock___malloc_recursive_mutex
 *(COMMON)
                0x000000002000d5b0                . = ALIGN (0x4)
 *fill*         0x000000002000d5ad        0x3 
                0x000000002000d5b0                _ebss = .
                0x000000002000d5b0                __bss_end__ = _ebss

._user_heap_stack
                0x000000002000d5b0      0x600 load address 0x0000000008037b98
                0x000000002000d5b0                . = ALIGN (0x8)
                [!provide]                        PROVIDE (end = .)
                0x000000002000d5b0                PROVIDE (_end = .)
                0x000000002000d7b0                . = (. + _Min_Heap_Size)
 *fill*         0x000000002000d5b0      0x200 
                0x000000002000dbb0                . = (. + _Min_Stack_Size)
 *fill*         0x000000002000d7b0      0x400 
                0x000000002000dbb0                . = ALIGN (0x8)

/DISCARD/
 libc.a(*)
 libm.a(*)
 libgcc.a(*)

.ARM.attributes
                0x0000000000000000       0x30
 *(.ARM.attributes)
 .ARM.attributes
                0x0000000000000000       0x1e C:/ST/STM32CubeIDE_1.10.1/STM32CubeIDE/plugins/com.st.stm32cube.ide.mcu.externaltools.gnu-tools-for-stm32.11.3.rel1.win32_1.1.0.202305231506/tools/bin/../lib/gcc/arm-none-eabi/11.3.1/thumb/v7e-m+fp/hard/crti.o
 .ARM.attributes
                0x000000000000001e       0x34 C:/ST/STM32CubeIDE_1.10.1/STM32CubeIDE/plugins/com.st.stm32cube.ide.mcu.externaltools.gnu-tools-for-stm32.11.3.rel1.win32_1.1.0.202305231506/tools/bin/../lib/gcc/arm-none-eabi/11.3.1/thumb/v7e-m+fp/hard/crtbegin.o
 .ARM.attributes
                0x0000000000000052       0x34 ./Core/Src/dma.o
 .ARM.attributes
                0x0000000000000086       0x34 ./Core/Src/gpio.o
 .ARM.attributes
                0x00000000000000ba       0x34 ./Core/Src/i2c.o
 .ARM.attributes
                0x00000000000000ee       0x34 ./Core/Src/i2s.o
 .ARM.attributes
                0x0000000000000122       0x34 ./Core/Src/lt7911_fw.o
 .ARM.attributes
                0x0000000000000156       0x34 ./Core/Src/lt7911ux.o
 .ARM.attributes
                0x000000000000018a       0x34 ./Core/Src/main.o
 .ARM.attributes
                0x00000000000001be       0x34 ./Core/Src/spi.o
 .ARM.attributes
                0x00000000000001f2       0x34 ./Core/Src/stm32f7xx_hal_msp.o
 .ARM.attributes
                0x0000000000000226       0x34 ./Core/Src/stm32f7xx_it.o
 .ARM.attributes
                0x000000000000025a       0x34 ./Core/Src/sysmem.o
 .ARM.attributes
                0x000000000000028e       0x34 ./Core/Src/system_stm32f7xx.o
 .ARM.attributes
                0x00000000000002c2       0x21 ./Core/Startup/startup_stm32f723veyx.o
 .ARM.attributes
                0x00000000000002e3       0x34 ./Drivers/STM32F7xx_HAL_Driver/Src/stm32f7xx_hal.o
 .ARM.attributes
                0x0000000000000317       0x34 ./Drivers/STM32F7xx_HAL_Driver/Src/stm32f7xx_hal_cortex.o
 .ARM.attributes
                0x000000000000034b       0x34 ./Drivers/STM32F7xx_HAL_Driver/Src/stm32f7xx_hal_dma.o
 .ARM.attributes
                0x000000000000037f       0x34 ./Drivers/STM32F7xx_HAL_Driver/Src/stm32f7xx_hal_gpio.o
 .ARM.attributes
                0x00000000000003b3       0x34 ./Drivers/STM32F7xx_HAL_Driver/Src/stm32f7xx_hal_i2c.o
 .ARM.attributes
                0x00000000000003e7       0x34 ./Drivers/STM32F7xx_HAL_Driver/Src/stm32f7xx_hal_i2c_ex.o
 .ARM.attributes
                0x000000000000041b       0x34 ./Drivers/STM32F7xx_HAL_Driver/Src/stm32f7xx_hal_i2s.o
 .ARM.attributes
                0x000000000000044f       0x34 ./Drivers/STM32F7xx_HAL_Driver/Src/stm32f7xx_hal_pcd.o
 .ARM.attributes
                0x0000000000000483       0x34 ./Drivers/STM32F7xx_HAL_Driver/Src/stm32f7xx_hal_pcd_ex.o
 .ARM.attributes
                0x00000000000004b7       0x34 ./Drivers/STM32F7xx_HAL_Driver/Src/stm32f7xx_hal_pwr_ex.o
 .ARM.attributes
                0x00000000000004eb       0x34 ./Drivers/STM32F7xx_HAL_Driver/Src/stm32f7xx_hal_rcc.o
 .ARM.attributes