../Core/Src/ecx343.c:42:6:ECX343EN_Init	8	static
../Core/Src/ecx343.c:48:6:ECX343EN_Run	8	static
../Core/Src/ecx343.c:54:6:ECX343EN_PowerOn	8	static
../Core/Src/ecx343.c:63:6:ECX343EN_PowerOff	8	static
../Core/Src/ecx343.c:72:22:pow_on_sequence	16	static
../Core/Src/ecx343.c:155:22:panel_reg_setting	16	static
../Core/Src/ecx343.c:199:22:panel_luminance_setting	16	static
../Core/Src/ecx343.c:243:22:panel_ps_release	16	static
../Core/Src/ecx343.c:265:22:pow_off_sequence	16	static
../Core/Src/ecx343.c:322:22:panel_ps_transition	16	static
../Core/Src/ecx343.c:344:13:panel_reg_rw_init	16	static
../Core/Src/ecx343.c:363:23:panel_reg_read_value	48	static
../Core/Src/ecx343.c:424:23:panel_reg_write_value	32	static
../Core/Src/ecx343.c:452:16:panel_reg_read	16	static
../Core/Src/ecx343.c:475:16:panel_reg_write	16	static
../Core/Src/ecx343.c:499:6:ECX343EN_Inversion	16	static
../Core/Src/ecx343.c:527:6:ECX343EN_LuminanceModeSetting	16	static
../Core/Src/ecx343.c:543:6:ECX343EN_ArbitraryLuminanceH	16	static
../Core/Src/ecx343.c:558:6:ECX343EN_ArbitraryLuminanceL	16	static
../Core/Src/ecx343.c:573:6:ECX343EN_PresetLuminanceValue	16	static
../Core/Src/ecx343.c:585:6:ECX343EN_OrbitH	16	static
../Core/Src/ecx343.c:599:6:ECX343EN_OrbitV	16	static
