../Core/Src/lt7911ux.c:26:6:LT7911_Init	8	static
../Core/Src/lt7911ux.c:37:6:LT7911_ModeSwitch	8	static
../Core/Src/lt7911ux.c:48:19:HDMI_WriteI2C_Byte	40	static
../Core/Src/lt7911ux.c:63:19:HDMI_WriteI2C_ByteN	40	static
../Core/Src/lt7911ux.c:79:9:HDMI_ReadI2C_Byte	40	static
../Core/Src/lt7911ux.c:98:19:HDMI_ReadI2C_ByteN	32	static
../Core/Src/lt7911ux.c:113:10:LT7911_ReadChipId	16	static
../Core/Src/lt7911ux.c:133:6:LT7911_Config	8	static
../Core/Src/lt7911ux.c:158:19:LT7911_ReadHDCPKey	296	static
../Core/Src/lt7911ux.c:272:19:LT7911_WriteHDCPKey	40	static
../Core/Src/lt7911ux.c:352:6:LT7911_BlockErase	8	static
../Core/Src/lt7911ux.c:403:6:LT7911_WriteFirmware	40	static
../Core/Src/lt7911ux.c:478:6:LT7911_ReadbackFirmware	72	static
../Core/Src/lt7911ux.c:548:6:LT7911_WriteCRC	24	static
../Core/Src/lt7911ux.c:591:6:LT7911_ReadbackAllFlash	88	static
../Core/Src/lt7911ux.c:684:6:lt7911_firmware_update_init	16	static
../Core/Src/lt7911ux.c:783:14:BitsReverse	24	static
../Core/Src/lt7911ux.c:806:14:GetCRC	40	static
../Core/Src/lt7911ux.c:849:17:lt7911uxc_get_crc	72	static
../Core/Src/lt7911ux.c:873:6:lt7911uxc_version	16	static
