../Drivers/CMSIS/Include/core_cm7.h:2147:34:__NVIC_SystemReset	4	static,ignoring_inline_asm
../Drivers/CMSIS/Include/core_cm7.h:2229:22:SCB_EnableICache	4	static,ignoring_inline_asm
../Drivers/CMSIS/Include/core_cm7.h:2248:22:SCB_DisableICache	4	static,ignoring_inline_asm
../Drivers/CMSIS/Include/core_cm7.h:2281:22:SCB_EnableDCache	24	static,ignoring_inline_asm
../Drivers/CMSIS/Include/core_cm7.h:2319:22:SCB_DisableDCache	24	static,ignoring_inline_asm
../Core/Src/main.c:73:6:boot_UserDFU	8	static,ignoring_inline_asm
../Core/Src/main.c:94:6:delay_us	32	static
../Core/Src/main.c:115:5:main	8	static
../Core/Src/main.c:374:6:SystemClock_Config	88	static
../Core/Src/main.c:423:6:HAL_GPIO_EXTI_Callback	16	static
../Core/Src/main.c:435:6:HAL_I2S_RxCpltCallback	24	static
../Core/Src/main.c:442:6:MPU_Config	24	static
../Core/Src/main.c:473:6:Error_Handler	4	static,ignoring_inline_asm
