Archive member included to satisfy reference by file (symbol)

C:/ST/STM32CubeIDE_1.10.1/STM32CubeIDE/plugins/com.st.stm32cube.ide.mcu.externaltools.gnu-tools-for-stm32.11.3.rel1.win32_1.1.1.202309131626/tools/bin/../lib/gcc/arm-none-eabi/11.3.1/../../../../arm-none-eabi/lib/thumb/v7e-m+fp/hard\libc_nano.a(libc_a-exit.o)
                              C:/ST/STM32CubeIDE_1.10.1/STM32CubeIDE/plugins/com.st.stm32cube.ide.mcu.externaltools.gnu-tools-for-stm32.11.3.rel1.win32_1.1.1.202309131626/tools/bin/../lib/gcc/arm-none-eabi/11.3.1/../../../../arm-none-eabi/lib/thumb/v7e-m+fp/hard/crt0.o (exit)
C:/ST/STM32CubeIDE_1.10.1/STM32CubeIDE/plugins/com.st.stm32cube.ide.mcu.externaltools.gnu-tools-for-stm32.11.3.rel1.win32_1.1.1.202309131626/tools/bin/../lib/gcc/arm-none-eabi/11.3.1/../../../../arm-none-eabi/lib/thumb/v7e-m+fp/hard\libc_nano.a(libc_a-malloc.o)
                              ./Middlewares/ST/STM32_USB_Device_Library/Class/CDC/Src/usbd_cdc.o (malloc)
C:/ST/STM32CubeIDE_1.10.1/STM32CubeIDE/plugins/com.st.stm32cube.ide.mcu.externaltools.gnu-tools-for-stm32.11.3.rel1.win32_1.1.1.202309131626/tools/bin/../lib/gcc/arm-none-eabi/11.3.1/../../../../arm-none-eabi/lib/thumb/v7e-m+fp/hard\libc_nano.a(libc_a-mallocr.o)
                              C:/ST/STM32CubeIDE_1.10.1/STM32CubeIDE/plugins/com.st.stm32cube.ide.mcu.externaltools.gnu-tools-for-stm32.11.3.rel1.win32_1.1.1.202309131626/tools/bin/../lib/gcc/arm-none-eabi/11.3.1/../../../../arm-none-eabi/lib/thumb/v7e-m+fp/hard\libc_nano.a(libc_a-malloc.o) (_malloc_r)
C:/ST/STM32CubeIDE_1.10.1/STM32CubeIDE/plugins/com.st.stm32cube.ide.mcu.externaltools.gnu-tools-for-stm32.11.3.rel1.win32_1.1.1.202309131626/tools/bin/../lib/gcc/arm-none-eabi/11.3.1/../../../../arm-none-eabi/lib/thumb/v7e-m+fp/hard\libc_nano.a(libc_a-mlock.o)
                              C:/ST/STM32CubeIDE_1.10.1/STM32CubeIDE/plugins/com.st.stm32cube.ide.mcu.externaltools.gnu-tools-for-stm32.11.3.rel1.win32_1.1.1.202309131626/tools/bin/../lib/gcc/arm-none-eabi/11.3.1/../../../../arm-none-eabi/lib/thumb/v7e-m+fp/hard\libc_nano.a(libc_a-mallocr.o) (__malloc_lock)
C:/ST/STM32CubeIDE_1.10.1/STM32CubeIDE/plugins/com.st.stm32cube.ide.mcu.externaltools.gnu-tools-for-stm32.11.3.rel1.win32_1.1.1.202309131626/tools/bin/../lib/gcc/arm-none-eabi/11.3.1/../../../../arm-none-eabi/lib/thumb/v7e-m+fp/hard\libc_nano.a(libc_a-findfp.o)
                              C:/ST/STM32CubeIDE_1.10.1/STM32CubeIDE/plugins/com.st.stm32cube.ide.mcu.externaltools.gnu-tools-for-stm32.11.3.rel1.win32_1.1.1.202309131626/tools/bin/../lib/gcc/arm-none-eabi/11.3.1/../../../../arm-none-eabi/lib/thumb/v7e-m+fp/hard\libc_nano.a(libc_a-exit.o) (__stdio_exit_handler)
C:/ST/STM32CubeIDE_1.10.1/STM32CubeIDE/plugins/com.st.stm32cube.ide.mcu.externaltools.gnu-tools-for-stm32.11.3.rel1.win32_1.1.1.202309131626/tools/bin/../lib/gcc/arm-none-eabi/11.3.1/../../../../arm-none-eabi/lib/thumb/v7e-m+fp/hard\libc_nano.a(libc_a-fwalk.o)
                              C:/ST/STM32CubeIDE_1.10.1/STM32CubeIDE/plugins/com.st.stm32cube.ide.mcu.externaltools.gnu-tools-for-stm32.11.3.rel1.win32_1.1.1.202309131626/tools/bin/../lib/gcc/arm-none-eabi/11.3.1/../../../../arm-none-eabi/lib/thumb/v7e-m+fp/hard\libc_nano.a(libc_a-findfp.o) (_fwalk_sglue)
C:/ST/STM32CubeIDE_1.10.1/STM32CubeIDE/plugins/com.st.stm32cube.ide.mcu.externaltools.gnu-tools-for-stm32.11.3.rel1.win32_1.1.1.202309131626/tools/bin/../lib/gcc/arm-none-eabi/11.3.1/../../../../arm-none-eabi/lib/thumb/v7e-m+fp/hard\libc_nano.a(libc_a-stdio.o)
                              C:/ST/STM32CubeIDE_1.10.1/STM32CubeIDE/plugins/com.st.stm32cube.ide.mcu.externaltools.gnu-tools-for-stm32.11.3.rel1.win32_1.1.1.202309131626/tools/bin/../lib/gcc/arm-none-eabi/11.3.1/../../../../arm-none-eabi/lib/thumb/v7e-m+fp/hard\libc_nano.a(libc_a-findfp.o) (__sread)
C:/ST/STM32CubeIDE_1.10.1/STM32CubeIDE/plugins/com.st.stm32cube.ide.mcu.externaltools.gnu-tools-for-stm32.11.3.rel1.win32_1.1.1.202309131626/tools/bin/../lib/gcc/arm-none-eabi/11.3.1/../../../../arm-none-eabi/lib/thumb/v7e-m+fp/hard\libc_nano.a(libc_a-vsnprintf.o)
                              ./USB_DEVICE/App/usbd_cdc_if.o (vsnprintf)
C:/ST/STM32CubeIDE_1.10.1/STM32CubeIDE/plugins/com.st.stm32cube.ide.mcu.externaltools.gnu-tools-for-stm32.11.3.rel1.win32_1.1.1.202309131626/tools/bin/../lib/gcc/arm-none-eabi/11.3.1/../../../../arm-none-eabi/lib/thumb/v7e-m+fp/hard\libc_nano.a(libc_a-memcmp.o)
                              ./Core/Src/lt7911ux.o (memcmp)
C:/ST/STM32CubeIDE_1.10.1/STM32CubeIDE/plugins/com.st.stm32cube.ide.mcu.externaltools.gnu-tools-for-stm32.11.3.rel1.win32_1.1.1.202309131626/tools/bin/../lib/gcc/arm-none-eabi/11.3.1/../../../../arm-none-eabi/lib/thumb/v7e-m+fp/hard\libc_nano.a(libc_a-memset.o)
[...]
Memory Configuration

Name             Origin             Length             Attributes
RAM              0x0000000020000000 0x0000000000040000 xrw
FLASH            0x0000000008020000 0x0000000000060000 xr
*default*        0x0000000000000000 0xffffffffffffffff

Linker script and memory map

LOAD C:/ST/STM32CubeIDE_1.10.1/STM32CubeIDE/plugins/com.st.stm32cube.ide.mcu.externaltools.gnu-tools-for-stm32.11.3.rel1.win32_1.1.1.202309131626/tools/bin/../lib/gcc/arm-none-eabi/11.3.1/thumb/v7e-m+fp/hard/crti.o
LOAD C:/ST/STM32CubeIDE_1.10.1/STM32CubeIDE/plugins/com.st.stm32cube.ide.mcu.externaltools.gnu-tools-for-stm32.11.3.rel1.win32_1.1.1.202309131626/tools/bin/../lib/gcc/arm-none-eabi/11.3.1/thumb/v7e-m+fp/hard/crtbegin.o
LOAD C:/ST/STM32CubeIDE_1.10.1/STM32CubeIDE/plugins/com.st.stm32cube.ide.mcu.externaltools.gnu-tools-for-stm32.11.3.rel1.win32_1.1.1.202309131626/tools/bin/../lib/gcc/arm-none-eabi/11.3.1/../../../../arm-none-eabi/lib/thumb/v7e-m+fp/hard/crt0.o
LOAD ./Core/Src/al3010.o
LOAD ./Core/Src/dma.o
LOAD ./Core/Src/ecx343.o
LOAD ./Core/Src/gpio.o
LOAD ./Core/Src/i2c.o
LOAD ./Core/Src/i2s.o
LOAD ./Core/Src/lt7911_fw.o
LOAD ./Core/Src/lt7911ux.o
LOAD ./Core/Src/main.o
LOAD ./Core/Src/pingpong_buf.o
LOAD ./Core/Src/rpr0521.o
LOAD ./Core/Src/spi.o
LOAD ./Core/Src/stm32f7xx_hal_msp.o
LOAD ./Core/Src/stm32f7xx_it.o
LOAD ./Core/Src/syscalls.o
LOAD ./Core/Src/sysmem.o
LOAD ./Core/Src/system_stm32f7xx.o
LOAD ./Core/Startup/startup_stm32f723veyx.o
LOAD ./Drivers/STM32F7xx_HAL_Driver/Src/stm32f7xx_hal.o
LOAD ./Drivers/STM32F7xx_HAL_Driver/Src/stm32f7xx_hal_cortex.o
LOAD ./Drivers/STM32F7xx_HAL_Driver/Src/stm32f7xx_hal_dma.o
LOAD ./Drivers/STM32F7xx_HAL_Driver/Src/stm32f7xx_hal_dma_ex.o
LOAD ./Drivers/STM32F7xx_HAL_Driver/Src/stm32f7xx_hal_exti.o
LOAD ./Drivers/STM32F7xx_HAL_Driver/Src/stm32f7xx_hal_flash.o
LOAD ./Drivers/STM32F7xx_HAL_Driver/Src/stm32f7xx_hal_flash_ex.o
LOAD ./Drivers/STM32F7xx_HAL_Driver/Src/stm32f7xx_hal_gpio.o
LOAD ./Drivers/STM32F7xx_HAL_Driver/Src/stm32f7xx_hal_i2c.o
LOAD ./Drivers/STM32F7xx_HAL_Driver/Src/stm32f7xx_hal_i2c_ex.o
LOAD ./Drivers/STM32F7xx_HAL_Driver/Src/stm32f7xx_hal_i2s.o
LOAD ./Drivers/STM32F7xx_HAL_Driver/Src/stm32f7xx_hal_pcd.o
LOAD ./Drivers/STM32F7xx_HAL_Driver/Src/stm32f7xx_hal_pcd_ex.o
LOAD ./Drivers/STM32F7xx_HAL_Driver/Src/stm32f7xx_hal_pwr.o
LOAD ./Drivers/STM32F7xx_HAL_Driver/Src/stm32f7xx_hal_pwr_ex.o
LOAD ./Drivers/STM32F7xx_HAL_Driver/Src/stm32f7xx_hal_rcc.o
LOAD ./Drivers/STM32F7xx_HAL_Driver/Src/stm32f7xx_hal_rcc_ex.o
LOAD ./Drivers/STM32F7xx_HAL_Driver/Src/stm32f7xx_hal_spi.o
LOAD ./Drivers/STM32F7xx_HAL_Driver/Src/stm32f7xx_hal_spi_ex.o
LOAD ./Drivers/STM32F7xx_HAL_Driver/Src/stm32f7xx_hal_tim.o
LOAD ./Drivers/STM32F7xx_HAL_Driver/Src/stm32f7xx_hal_tim_ex.o
LOAD ./Drivers/STM32F7xx_HAL_Driver/Src/stm32f7xx_ll_usb.o
LOAD ./Middlewares/ST/STM32_USB_Device_Library/Class/CDC/Src/usbd_cdc.o
LOAD ./Middlewares/ST/STM32_USB_Device_Library/Core/Src/usbd_core.o
LOAD ./Middlewares/ST/STM32_USB_Device_Library/Core/Src/usbd_ctlreq.o
LOAD ./Middlewares/ST/STM32_USB_Device_Library/Core/Src/usbd_ioreq.o
LOAD ./USB_DEVICE/App/usb_device.o
LOAD ./USB_DEVICE/App/usbd_cdc_if.o
LOAD ./USB_DEVICE/App/usbd_desc.o
LOAD ./USB_DEVICE/Target/usbd_conf.o
START GROUP
LOAD C:/ST/STM32CubeIDE_1.10.1/STM32CubeIDE/plugins/com.st.stm32cube.ide.mcu.externaltools.gnu-tools-for-stm32.11.3.rel1.win32_1.1.1.202309131626/tools/bin/../lib/gcc/arm-none-eabi/11.3.1/../../../../arm-none-eabi/lib/thumb/v7e-m+fp/hard\libc_nano.a
LOAD C:/ST/STM32CubeIDE_1.10.1/STM32CubeIDE/plugins/com.st.stm32cube.ide.mcu.externaltools.gnu-tools-for-stm32.11.3.rel1.win32_1.1.1.202309131626/tools/bin/../lib/gcc/arm-none-eabi/11.3.1/../../../../arm-none-eabi/lib/thumb/v7e-m+fp/hard\libm.a
END GROUP
START GROUP
LOAD C:/ST/STM32CubeIDE_1.10.1/STM32CubeIDE/plugins/com.st.stm32cube.ide.mcu.externaltools.gnu-tools-for-stm32.11.3.rel1.win32_1.1.1.202309131626/tools/bin/../lib/gcc/arm-none-eabi/11.3.1/thumb/v7e-m+fp/hard\libgcc.a
LOAD C:/ST/STM32CubeIDE_1.10.1/STM32CubeIDE/plugins/com.st.stm32cube.ide.mcu.externaltools.gnu-tools-for-stm32.11.3.rel1.win32_1.1.1.202309131626/tools/bin/../lib/gcc/arm-none-eabi/11.3.1/../../../../arm-none-eabi/lib/thumb/v7e-m+fp/hard\libc_nano.a
END GROUP
START GROUP
LOAD C:/ST/STM32CubeIDE_1.10.1/STM32CubeIDE/plugins/com.st.stm32cube.ide.mcu.externaltools.gnu-tools-for-stm32.11.3.rel1.win32_1.1.1.202309131626/tools/bin/../lib/gcc/arm-none-eabi/11.3.1/thumb/v7e-m+fp/hard\libgcc.a
LOAD C:/ST/STM32CubeIDE_1.10.1/STM32CubeIDE/plugins/com.st.stm32cube.ide.mcu.externaltools.gnu-tools-for-stm32.11.3.rel1.win32_1.1.1.202309131626/tools/bin/../lib/gcc/arm-none-eabi/11.3.1/../../../../arm-none-eabi/lib/thumb/v7e-m+fp/hard\libc_nano.a
LOAD C:/ST/STM32CubeIDE_1.10.1/STM32CubeIDE/plugins/com.st.stm32cube.ide.mcu.externaltools.gnu-tools-for-stm32.11.3.rel1.win32_1.1.1.202309131626/tools/bin/../lib/gcc/arm-none-eabi/11.3.1/../../../../arm-none-eabi/lib/thumb/v7e-m+fp/hard\libnosys.a
END GROUP
START GROUP
LOAD C:/ST/STM32CubeIDE_1.10.1/STM32CubeIDE/plugins/com.st.stm32cube.ide.mcu.externaltools.gnu-tools-for-stm32.11.3.rel1.win32_1.1.1.202309131626/tools/bin/../lib/gcc/arm-none-eabi/11.3.1/thumb/v7e-m+fp/hard\libgcc.a
LOAD C:/ST/STM32CubeIDE_1.10.1/STM32CubeIDE/plugins/com.st.stm32cube.ide.mcu.externaltools.gnu-tools-for-stm32.11.3.rel1.win32_1.1.1.202309131626/tools/bin/../lib/gcc/arm-none-eabi/11.3.1/../../../../arm-none-eabi/lib/thumb/v7e-m+fp/hard\libc_nano.a
LOAD C:/ST/STM32CubeIDE_1.10.1/STM32CubeIDE/plugins/com.st.stm32cube.ide.mcu.externaltools.gnu-tools-for-stm32.11.3.rel1.win32_1.1.1.202309131626/tools/bin/../lib/gcc/arm-none-eabi/11.3.1/../../../../arm-none-eabi/lib/thumb/v7e-m+fp/hard\libnosys.a
END GROUP
LOAD C:/ST/STM32CubeIDE_1.10.1/STM32CubeIDE/plugins/com.st.stm32cube.ide.mcu.externaltools.gnu-tools-for-stm32.11.3.rel1.win32_1.1.1.202309131626/tools/bin/../lib/gcc/arm-none-eabi/11.3.1/thumb/v7e-m+fp/hard/crtend.o
LOAD C:/ST/STM32CubeIDE_1.10.1/STM32CubeIDE/plugins/com.st.stm32cube.ide.mcu.externaltools.gnu-tools-for-stm32.11.3.rel1.win32_1.1.1.202309131626/tools/bin/../lib/gcc/arm-none-eabi/11.3.1/thumb/v7e-m+fp/hard/crtn.o
                0x0000000020040000                _estack = (ORIGIN (RAM) + LENGTH (RAM))
                0x0000000000000200                _Min_Heap_Size = 0x200
                0x0000000000000400                _Min_Stack_Size = 0x400

.isr_vector     0x0000000008020000      0x1e0
                0x0000000008020000                . = ALIGN (0x4)
 *(.isr_vector)
 .isr_vector    0x0000000008020000      0x1e0 ./Core/Startup/startup_stm32f723veyx.o
                0x0000000008020000                g_pfnVectors
                0x00000000080201e0                . = ALIGN (0x4)

.text           0x00000000080201e0     0x69d4
                0x00000000080201e0                . = ALIGN (0x4)
 *(.text)
 .text          0x00000000080201e0       0x40 C:/ST/STM32CubeIDE_1.10.1/STM32CubeIDE/plugins/com.st.stm32cube.ide.mcu.externaltools.gnu-tools-for-stm32.11.3.rel1.win32_1.1.1.202309131626/tools/bin/../lib/gcc/arm-none-eabi/11.3.1/thumb/v7e-m+fp/hard/crtbegin.o
 .text          0x0000000008020220       0xa0 C:/ST/STM32CubeIDE_1.10.1/STM32CubeIDE/plugins/com.st.stm32cube.ide.mcu.externaltools.gnu-tools-for-stm32.11.3.rel1.win32_1.1.1.202309131626/tools/bin/../lib/gcc/arm-none-eabi/11.3.1/../../../../arm-none-eabi/lib/thumb/v7e-m+fp/hard\libc_nano.a(libc_a-memchr.o)
                0x0000000008020220                memchr
 .text          0x00000000080202c0       0x30 C:/ST/STM32CubeIDE_1.10.1/STM32CubeIDE/plugins/com.st.stm32cube.ide.mcu.externaltools.gnu-tools-for-stm32.11.3.rel1.win32_1.1.1.202309131626/tools/bin/../lib/gcc/arm-none-eabi/11.3.1/thumb/v7e-m+fp/hard\libgcc.a(_aeabi_uldivmod.o)
                0x00000000080202c0                __aeabi_uldivmod
 .text          0x00000000080202f0      0x2c8 C:/ST/STM32CubeIDE_1.10.1/STM32CubeIDE/plugins/com.st.stm32cube.ide.mcu.externaltools.gnu-tools-for-stm32.11.3.rel1.win32_1.1.1.202309131626/tools/bin/../lib/gcc/arm-none-eabi/11.3.1/thumb/v7e-m+fp/hard\libgcc.a(_udivmoddi4.o)
                0x00000000080202f0                __udivmoddi4
 .text          0x00000000080205b8        0x4 C:/ST/STM32CubeIDE_1.10.1/STM32CubeIDE/plugins/com.st.stm32cube.ide.mcu.externaltools.gnu-tools-for-stm32.11.3.rel1.win32_1.1.1.202309131626/tools/bin/../lib/gcc/arm-none-eabi/11.3.1/thumb/v7e-m+fp/hard\libgcc.a(_dvmd_tls.o)
                0x00000000080205b8                __aeabi_idiv0
                0x00000000080205b8                __aeabi_ldiv0
 *(.text*)
 .text.MX_DMA_Init
                0x00000000080205bc       0x30 ./Core/Src/dma.o
                0x00000000080205bc                MX_DMA_Init
 .text.MX_GPIO_Init
                0x00000000080205ec      0x18c ./Core/Src/gpio.o
                0x00000000080205ec                MX_GPIO_Init
 .text.MX_I2C1_Init
                0x0000000008020778       0x58 ./Core/Src/i2c.o
                0x0000000008020778                MX_I2C1_Init
 .text.MX_I2C3_Init
                0x00000000080207d0       0x58 ./Core/Src/i2c.o
                0x00000000080207d0                MX_I2C3_Init
 .text.HAL_I2C_MspInit
                0x0000000008020828      0x15c ./Core/Src/i2c.o
                0x0000000008020828                HAL_I2C_MspInit
 .text.MX_I2S3_Init
                0x0000000008020984       0x3c ./Core/Src/i2s.o
                0x0000000008020984                MX_I2S3_Init
 .text.HAL_I2S_MspInit
                0x00000000080209c0      0x10c ./Core/Src/i2s.o
                0x00000000080209c0                HAL_I2S_MspInit
 .text.LT7911_Init
                0x0000000008020acc       0x2c ./Core/Src/lt7911ux.o
                0x0000000008020acc                LT7911_Init
 .text.HDMI_WriteI2C_Byte
                0x0000000008020af8       0x2c ./Core/Src/lt7911ux.o
                0x0000000008020af8                HDMI_WriteI2C_Byte
 .text.HDMI_WriteI2C_ByteN
                0x0000000008020b24       0x24 ./Core/Src/lt7911ux.o
                0x0000000008020b24                HDMI_WriteI2C_ByteN
 .text.HDMI_ReadI2C_ByteN
                0x0000000008020b48       0x24 ./Core/Src/lt7911ux.o
                0x0000000008020b48                HDMI_ReadI2C_ByteN
 .text.LT7911_ReadChipId
                0x0000000008020b6c       0x38 ./Core/Src/lt7911ux.o
                0x0000000008020b6c                LT7911_ReadChipId
 .text.LT7911_Config
                0x0000000008020ba4       0x46 ./Core/Src/lt7911ux.o
                0x0000000008020ba4                LT7911_Config
 .text.LT7911_BlockErase
                0x0000000008020bea       0xa6 ./Core/Src/lt7911ux.o
                0x0000000008020bea                LT7911_BlockErase
 .text.LT7911_ReadbackFirmware
                0x0000000008020c90       0xdc ./Core/Src/lt7911ux.o
                0x0000000008020c90                LT7911_ReadbackFirmware
 .text.LT7911_WriteCRC
                0x0000000008020d6c       0x8c ./Core/Src/lt7911ux.o
                0x0000000008020d6c                LT7911_WriteCRC
 .text.LT7911_WriteFirmware
                0x0000000008020df8       0xfc ./Core/Src/lt7911ux.o
                0x0000000008020df8                LT7911_WriteFirmware
 .text.BitsReverse
                0x0000000008020ef4       0x22 ./Core/Src/lt7911ux.o
                0x0000000008020ef4                BitsReverse
 .text.GetCRC   0x0000000008020f16       0xb6 ./Core/Src/lt7911ux.o
                0x0000000008020f16                GetCRC
 .text.lt7911uxc_version
                0x0000000008020fcc       0x20 ./Core/Src/lt7911ux.o
                0x0000000008020fcc                lt7911uxc_version
 .text.lt7911_firmware_update_init
                0x0000000008020fec      0x150 ./Core/Src/lt7911ux.o
                0x0000000008020fec                lt7911_firmware_update_init
 .text.boot_UserDFU
                0x000000000802113c       0xc4 ./Core/Src/main.o
                0x000000000802113c                boot_UserDFU
 .text.SystemClock_Config
                0x0000000008021200       0xa8 ./Core/Src/main.o
                0x0000000008021200                SystemClock_Config
 .text.HAL_GPIO_EXTI_Callback
                0x00000000080212a8       0x20 ./Core/Src/main.o
                0x00000000080212a8                HAL_GPIO_EXTI_Callback
 .text.HAL_I2S_RxCpltCallback
                0x00000000080212c8       0x20 ./Core/Src/main.o
                0x00000000080212c8                HAL_I2S_RxCpltCallback
 .text.MPU_Config
                0x00000000080212e8       0x38 ./Core/Src/main.o
                0x00000000080212e8                MPU_Config
 .text.startup.main
                0x0000000008021320      0x108 ./Core/Src/main.o
                0x0000000008021320                main
 .text.Error_Handler
                0x0000000008021428        0x4 ./Core/Src/main.o
                0x0000000008021428                Error_Handler
 .text.MX_SPI2_Init
                0x000000000802142c       0x50 ./Core/Src/spi.o
                0x000000000802142c                MX_SPI2_Init
 .text.MX_SPI4_Init
                0x000000000802147c       0x50 ./Core/Src/spi.o
                0x000000000802147c                MX_SPI4_Init
 .text.HAL_SPI_MspInit
                0x00000000080214cc       0xe0 ./Core/Src/spi.o
                0x00000000080214cc                HAL_SPI_MspInit
 .text.HAL_MspInit
                0x00000000080215ac       0x30 ./Core/Src/stm32f7xx_hal_msp.o
                0x00000000080215ac                HAL_MspInit
 .text.NMI_Handler
                0x00000000080215dc        0x2 ./Core/Src/stm32f7xx_it.o
                0x00000000080215dc                NMI_Handler
 .text.HardFault_Handler
                0x00000000080215de        0x2 ./Core/Src/stm32f7xx_it.o
                0x00000000080215de                HardFault_Handler
 .text.MemManage_Handler
                0x00000000080215e0        0x2 ./Core/Src/stm32f7xx_it.o
                0x00000000080215e0                MemManage_Handler
 .text.BusFault_Handler
                0x00000000080215e2        0x2 ./Core/Src/stm32f7xx_it.o
                0x00000000080215e2                BusFault_Handler
 .text.UsageFault_Handler
                0x00000000080215e4        0x2 ./Core/Src/stm32f7xx_it.o
                0x00000000080215e4                UsageFault_Handler
 .text.SVC_Handler
                0x00000000080215e6        0x2 ./Core/Src/stm32f7xx_it.o
                0x00000000080215e6                SVC_Handler
 .text.DebugMon_Handler
                0x00000000080215e8        0x2 ./Core/Src/stm32f7xx_it.o
                0x00000000080215e8                DebugMon_Handler
 .text.PendSV_Handler
                0x00000000080215ea        0x2 ./Core/Src/stm32f7xx_it.o
                0x00000000080215ea                PendSV_Handler
 .text.SysTick_Handler
                0x00000000080215ec        0x4 ./Core/Src/stm32f7xx_it.o
                0x00000000080215ec                SysTick_Handler
 .text.EXTI0_IRQHandler
                0x00000000080215f0        0x6 ./Core/Src/stm32f7xx_it.o
                0x00000000080215f0                EXTI0_IRQHandler
 *fill*         0x00000000080215f6        0x2 
 .text.DMA1_Stream0_IRQHandler
                0x00000000080215f8        0xc ./Core/Src/stm32f7xx_it.o
                0x00000000080215f8                DMA1_Stream0_IRQHandler
 .text.EXTI9_5_IRQHandler
                0x0000000008021604        0x8 ./Core/Src/stm32f7xx_it.o
                0x0000000008021604                EXTI9_5_IRQHandler
 .text.I2C1_EV_IRQHandler
                0x000000000802160c        0xc ./Core/Src/stm32f7xx_it.o
                0x000000000802160c                I2C1_EV_IRQHandler
 .text.I2C1_ER_IRQHandler
                0x0000000008021618        0xc ./Core/Src/stm32f7xx_it.o
                0x0000000008021618                I2C1_ER_IRQHandler
 .text.SPI3_IRQHandler
                0x0000000008021624        0xc ./Core/Src/stm32f7xx_it.o
                0x0000000008021624                SPI3_IRQHandler
 .text.OTG_FS_IRQHandler
                0x0000000008021630        0xc ./Core/Src/stm32f7xx_it.o
                0x0000000008021630                OTG_FS_IRQHandler
 .text.I2C3_EV_IRQHandler
                0x000000000802163c        0xc ./Core/Src/stm32f7xx_it.o
                0x000000000802163c                I2C3_EV_IRQHandler
 .text.I2C3_ER_IRQHandler
                0x0000000008021648        0xc ./Core/Src/stm32f7xx_it.o
                0x0000000008021648                I2C3_ER_IRQHandler
 .text._sbrk    0x0000000008021654       0x40 ./Core/Src/sysmem.o
                0x0000000008021654                _sbrk
 .text.SystemInit
                0x0000000008021694       0x1c ./Core/Src/system_stm32f7xx.o
                0x0000000008021694                SystemInit
 .text.Reset_Handler
                0x00000000080216b0       0x50 ./Core/Startup/startup_stm32f723veyx.o
                0x00000000080216b0                Reset_Handler
 .text.Default_Handler
                0x0000000008021700        0x2 ./Core/Startup/startup_stm32f723veyx.o
                0x0000000008021700                RTC_Alarm_IRQHandler
                0x0000000008021700                EXTI2_IRQHandler
                0x0000000008021700                TIM8_CC_IRQHandler
                0x0000000008021700                UART8_IRQHandler
                0x0000000008021700                SPI4_IRQHandler
                0x0000000008021700                TIM1_CC_IRQHandler
                0x0000000008021700                DMA2_Stream5_IRQHandler
                0x0000000008021700                DMA1_Stream5_IRQHandler
                0x0000000008021700                PVD_IRQHandler
                0x0000000008021700                TAMP_STAMP_IRQHandler
                0x0000000008021700                EXTI3_IRQHandler
                0x0000000008021700                TIM8_TRG_COM_TIM14_IRQHandler
                0x0000000008021700                TIM1_UP_TIM10_IRQHandler
                0x0000000008021700                TIM8_UP_TIM13_IRQHandler
                0x0000000008021700                I2C2_EV_IRQHandler
                0x0000000008021700                DMA1_Stream2_IRQHandler
                0x0000000008021700                CAN1_RX0_IRQHandler
                0x0000000008021700                FPU_IRQHandler
                0x0000000008021700                OTG_HS_WKUP_IRQHandler
                0x0000000008021700                DMA2_Stream2_IRQHandler
                0x0000000008021700                SPI1_IRQHandler
                0x0000000008021700                TIM6_DAC_IRQHandler
                0x0000000008021700                TIM1_BRK_TIM9_IRQHandler
                0x0000000008021700                DMA2_Stream3_IRQHandler
                0x0000000008021700                SAI2_IRQHandler
                0x0000000008021700                USART6_IRQHandler
                0x0000000008021700                USART3_IRQHandler
                0x0000000008021700                CAN1_RX1_IRQHandler
                0x0000000008021700                UART5_IRQHandler
                0x0000000008021700                DMA2_Stream0_IRQHandler
                0x0000000008021700                TIM4_IRQHandler
                0x0000000008021700                QUADSPI_IRQHandler
                0x0000000008021700                DMA1_Stream6_IRQHandler
                0x0000000008021700                DMA1_Stream1_IRQHandler
                0x0000000008021700                UART4_IRQHandler
                0x0000000008021700                TIM3_IRQHandler
                0x0000000008021700                RCC_IRQHandler
                0x0000000008021700                TIM8_BRK_TIM12_IRQHandler
                0x0000000008021700                Default_Handler
                0x0000000008021700                EXTI15_10_IRQHandler
                0x0000000008021700                ADC_IRQHandler
                0x0000000008021700                DMA1_Stream7_IRQHandler
                0x0000000008021700                SPI5_IRQHandler
                0x0000000008021700                TIM7_IRQHandler
                0x0000000008021700                SDMMC1_IRQHandler
                0x0000000008021700                TIM5_IRQHandler
                0x0000000008021700                DMA2_Stream7_IRQHandler
                0x0000000008021700                RTC_WKUP_IRQHandler
                0x0000000008021700                SPI2_IRQHandler
                0x0000000008021700                OTG_HS_EP1_IN_IRQHandler
                0x0000000008021700                CAN1_TX_IRQHandler
                0x0000000008021700                EXTI4_IRQHandler
                0x0000000008021700                RNG_IRQHandler
                0x0000000008021700                OTG_HS_EP1_OUT_IRQHandler
                0x0000000008021700                WWDG_IRQHandler
                0x0000000008021700                TIM2_IRQHandler
                0x0000000008021700                OTG_FS_WKUP_IRQHandler
                0x0000000008021700                TIM1_TRG_COM_TIM11_IRQHandler
                0x0000000008021700                OTG_HS_IRQHandler
                0x0000000008021700                EXTI1_IRQHandler
                0x0000000008021700                SDMMC2_IRQHandler
                0x0000000008021700                UART7_IRQHandler
                0x0000000008021700                USART2_IRQHandler
                0x0000000008021700                I2C2_ER_IRQHandler
                0x0000000008021700                DMA2_Stream1_IRQHandler
                0x0000000008021700                CAN1_SCE_IRQHandler
                0x0000000008021700                FLASH_IRQHandler
                0x0000000008021700                DMA2_Stream4_IRQHandler
                0x0000000008021700                USART1_IRQHandler
                0x0000000008021700                DMA1_Stream4_IRQHandler
                0x0000000008021700                FMC_IRQHandler
                0x0000000008021700                LPTIM1_IRQHandler
                0x0000000008021700                DMA2_Stream6_IRQHandler
                0x0000000008021700                SAI1_IRQHandler
                0x0000000008021700                DMA1_Stream3_IRQHandler
 *fill*         0x0000000008021702        0x2 
 .text.HAL_InitTick
                0x0000000008021704       0x48 ./Drivers/STM32F7xx_HAL_Driver/Src/stm32f7xx_hal.o
                0x0000000008021704                HAL_InitTick
 .text.HAL_Init
                0x000000000802174c       0x16 ./Drivers/STM32F7xx_HAL_Driver/Src/stm32f7xx_hal.o
                0x000000000802174c                HAL_Init
 *fill*         0x0000000008021762        0x2 
 .text.HAL_IncTick
                0x0000000008021764       0x18 ./Drivers/STM32F7xx_HAL_Driver/Src/stm32f7xx_hal.o
                0x0000000008021764                HAL_IncTick
 .text.HAL_GetTick
                0x000000000802177c        0xc ./Drivers/STM32F7xx_HAL_Driver/Src/stm32f7xx_hal.o
                0x000000000802177c                HAL_GetTick
 .text.HAL_Delay
                0x0000000008021788       0x24 ./Drivers/STM32F7xx_HAL_Driver/Src/stm32f7xx_hal.o
                0x0000000008021788                HAL_Delay
 .text.HAL_NVIC_SetPriorityGrouping
                0x00000000080217ac       0x24 ./Drivers/STM32F7xx_HAL_Driver/Src/stm32f7xx_hal_cortex.o
                0x00000000080217ac                HAL_NVIC_SetPriorityGrouping
 .text.HAL_NVIC_SetPriority
                0x00000000080217d0       0x64 ./Drivers/STM32F7xx_HAL_Driver/Src/stm32f7xx_hal_cortex.o
                0x00000000080217d0                HAL_NVIC_SetPriority
 .text.HAL_NVIC_EnableIRQ
                0x0000000008021834       0x1c ./Drivers/STM32F7xx_HAL_Driver/Src/stm32f7xx_hal_cortex.o
                0x0000000008021834                HAL_NVIC_EnableIRQ
 .text.HAL_NVIC_DisableIRQ
                0x0000000008021850       0x24 ./Drivers/STM32F7xx_HAL_Driver/Src/stm32f7xx_hal_cortex.o
                0x0000000008021850                HAL_NVIC_DisableIRQ
 .text.HAL_SYSTICK_Config
                0x0000000008021874       0x28 ./Drivers/STM32F7xx_HAL_Driver/Src/stm32f7xx_hal_cortex.o
                0x0000000008021874                HAL_SYSTICK_Config
 .text.HAL_MPU_Disable
                0x000000000802189c       0x1c ./Drivers/STM32F7xx_HAL_Driver/Src/stm32f7xx_hal_cortex.o
                0x000000000802189c                HAL_MPU_Disable
 .text.HAL_MPU_Enable
                0x00000000080218b8       0x20 ./Drivers/STM32F7xx_HAL_Driver/Src/stm32f7xx_hal_cortex.o
                0x00000000080218b8                HAL_MPU_Enable
 .text.HAL_MPU_ConfigRegion
                0x00000000080218d8       0x58 ./Drivers/STM32F7xx_HAL_Driver/Src/stm32f7xx_hal_cortex.o
                0x00000000080218d8                HAL_MPU_ConfigRegion
 .text.DMA_CalcBaseAndBitshift
                0x0000000008021930       0x2c ./Drivers/STM32F7xx_HAL_Driver/Src/stm32f7xx_hal_dma.o
 .text.HAL_DMA_Init
                0x000000000802195c       0xfc ./Drivers/STM32F7xx_HAL_Driver/Src/stm32f7xx_hal_dma.o
                0x000000000802195c                HAL_DMA_Init
 .text.HAL_DMA_Abort_IT
                0x0000000008021a58       0x24 ./Drivers/STM32F7xx_HAL_Driver/Src/stm32f7xx_hal_dma.o
                0x0000000008021a58                HAL_DMA_Abort_IT
 .text.HAL_DMA_IRQHandler
                0x0000000008021a7c      0x17c ./Drivers/STM32F7xx_HAL_Driver/Src/stm32f7xx_hal_dma.o
                0x0000000008021a7c                HAL_DMA_IRQHandler
 .text.HAL_DMA_GetState
                0x0000000008021bf8        0x6 ./Drivers/STM32F7xx_HAL_Driver/Src/stm32f7xx_hal_dma.o
                0x0000000008021bf8                HAL_DMA_GetState
 *fill*         0x0000000008021bfe        0x2 
 .text.HAL_GPIO_Init
                0x0000000008021c00      0x1ac ./Drivers/STM32F7xx_HAL_Driver/Src/stm32f7xx_hal_gpio.o
                0x0000000008021c00                HAL_GPIO_Init
 .text.HAL_GPIO_DeInit
                0x0000000008021dac      0x128 ./Drivers/STM32F7xx_HAL_Driver/Src/stm32f7xx_hal_gpio.o
                0x0000000008021dac                HAL_GPIO_DeInit
 .text.HAL_GPIO_WritePin
                0x0000000008021ed4        0xa ./Drivers/STM32F7xx_HAL_Driver/Src/stm32f7xx_hal_gpio.o
                0x0000000008021ed4                HAL_GPIO_WritePin
 *fill*         0x0000000008021ede        0x2 
 .text.HAL_GPIO_EXTI_IRQHandler
                0x0000000008021ee0       0x18 ./Drivers/STM32F7xx_HAL_Driver/Src/stm32f7xx_hal_gpio.o
                0x0000000008021ee0                HAL_GPIO_EXTI_IRQHandler
 .text.I2C_Flush_TXDR
                0x0000000008021ef8       0x1c ./Drivers/STM32F7xx_HAL_Driver/Src/stm32f7xx_hal_i2c.o
 .text.I2C_TransferConfig
                0x0000000008021f14       0x2c ./Drivers/STM32F7xx_HAL_Driver/Src/stm32f7xx_hal_i2c.o
 .text.I2C_Disable_IRQ
                0x0000000008021f40       0x42 ./Drivers/STM32F7xx_HAL_Driver/Src/stm32f7xx_hal_i2c.o
 .text.I2C_IsErrorOccurred
                0x0000000008021f82      0x100 ./Drivers/STM32F7xx_HAL_Driver/Src/stm32f7xx_hal_i2c.o
 .text.I2C_WaitOnTXISFlagUntilTimeout
                0x0000000008022082       0x4e ./Drivers/STM32F7xx_HAL_Driver/Src/stm32f7xx_hal_i2c.o
 .text.I2C_WaitOnFlagUntilTimeout
                0x00000000080220d0       0x54 ./Drivers/STM32F7xx_HAL_Driver/Src/stm32f7xx_hal_i2c.o
 .text.I2C_WaitOnSTOPFlagUntilTimeout
                0x0000000008022124       0x4a ./Drivers/STM32F7xx_HAL_Driver/Src/stm32f7xx_hal_i2c.o
 .text.HAL_I2C_Init
                0x000000000802216e       0xa2 ./Drivers/STM32F7xx_HAL_Driver/Src/stm32f7xx_hal_i2c.o
                0x000000000802216e                HAL_I2C_Init
 .text.HAL_I2C_Mem_Write
                0x0000000008022210      0x1b4 ./Drivers/STM32F7xx_HAL_Driver/Src/stm32f7xx_hal_i2c.o
                0x0000000008022210                HAL_I2C_Mem_Write
 .text.HAL_I2C_Mem_Read
                0x00000000080223c4      0x1bc ./Drivers/STM32F7xx_HAL_Driver/Src/stm32f7xx_hal_i2c.o
                0x00000000080223c4                HAL_I2C_Mem_Read
 .text.HAL_I2C_EV_IRQHandler
                0x0000000008022580        0xe ./Drivers/STM32F7xx_HAL_Driver/Src/stm32f7xx_hal_i2c.o
                0x0000000008022580                HAL_I2C_EV_IRQHandler
 .text.HAL_I2C_SlaveTxCpltCallback
                0x000000000802258e        0x2 ./Drivers/STM32F7xx_HAL_Driver/Src/stm32f7xx_hal_i2c.o
                0x000000000802258e                HAL_I2C_SlaveTxCpltCallback
 .text.HAL_I2C_SlaveRxCpltCallback
                0x0000000008022590        0x2 ./Drivers/STM32F7xx_HAL_Driver/Src/stm32f7xx_hal_i2c.o
                0x0000000008022590                HAL_I2C_SlaveRxCpltCallback
 .text.I2C_ITSlaveSeqCplt
                0x0000000008022592       0x6c ./Drivers/STM32F7xx_HAL_Driver/Src/stm32f7xx_hal_i2c.o
 .text.HAL_I2C_AddrCallback
                0x00000000080225fe        0x2 ./Drivers/STM32F7xx_HAL_Driver/Src/stm32f7xx_hal_i2c.o
                0x00000000080225fe                HAL_I2C_AddrCallback
 .text.I2C_ITAddrCplt.constprop.0
                0x0000000008022600       0x88 ./Drivers/STM32F7xx_HAL_Driver/Src/stm32f7xx_hal_i2c.o
 .text.HAL_I2C_ListenCpltCallback
                0x0000000008022688        0x2 ./Drivers/STM32F7xx_HAL_Driver/Src/stm32f7xx_hal_i2c.o
                0x0000000008022688                HAL_I2C_ListenCpltCallback
 *fill*         0x000000000802268a        0x2 
 .text.I2C_ITListenCplt
                0x000000000802268c       0x60 ./Drivers/STM32F7xx_HAL_Driver/Src/stm32f7xx_hal_i2c.o
 .text.HAL_I2C_ErrorCallback
                0x00000000080226ec        0x2 ./Drivers/STM32F7xx_HAL_Driver/Src/stm32f7xx_hal_i2c.o
                0x00000000080226ec                HAL_I2C_ErrorCallback
 .text.HAL_I2C_AbortCpltCallback
                0x00000000080226ee        0x2 ./Drivers/STM32F7xx_HAL_Driver/Src/stm32f7xx_hal_i2c.o
                0x00000000080226ee                HAL_I2C_AbortCpltCallback
 .text.I2C_TreatErrorCallback
                0x00000000080226f0       0x2c ./Drivers/STM32F7xx_HAL_Driver/Src/stm32f7xx_hal_i2c.o
 .text.I2C_ITError
                0x000000000802271c       0xe4 ./Drivers/STM32F7xx_HAL_Driver/Src/stm32f7xx_hal_i2c.o
 .text.HAL_I2C_ER_IRQHandler
                0x0000000008022800       0x60 ./Drivers/STM32F7xx_HAL_Driver/Src/stm32f7xx_hal_i2c.o
                0x0000000008022800                HAL_I2C_ER_IRQHandler
 .text.I2C_ITSlaveCplt.constprop.0
                0x0000000008022860      0x12c ./Drivers/STM32F7xx_HAL_Driver/Src/stm32f7xx_hal_i2c.o
 .text.I2C_Slave_ISR_IT
                0x000000000802298c      0x112 ./Drivers/STM32F7xx_HAL_Driver/Src/stm32f7xx_hal_i2c.o
 .text.I2C_DMAAbort
                0x0000000008022a9e       0x16 ./Drivers/STM32F7xx_HAL_Driver/Src/stm32f7xx_hal_i2c.o
 .text.HAL_I2CEx_ConfigAnalogFilter
                0x0000000008022ab4       0x4c ./Drivers/STM32F7xx_HAL_Driver/Src/stm32f7xx_hal_i2c_ex.o
                0x0000000008022ab4                HAL_I2CEx_ConfigAnalogFilter
 .text.HAL_I2CEx_ConfigDigitalFilter
                0x0000000008022b00       0x4a ./Drivers/STM32F7xx_HAL_Driver/Src/stm32f7xx_hal_i2c_ex.o
                0x0000000008022b00                HAL_I2CEx_ConfigDigitalFilter
 *fill*         0x0000000008022b4a        0x2 
 .text.HAL_I2S_Init
                0x0000000008022b4c      0x134 ./Drivers/STM32F7xx_HAL_Driver/Src/stm32f7xx_hal_i2s.o
                0x0000000008022b4c                HAL_I2S_Init
 .text.HAL_I2S_TxCpltCallback
                0x0000000008022c80        0x2 ./Drivers/STM32F7xx_HAL_Driver/Src/stm32f7xx_hal_i2s.o
                0x0000000008022c80                HAL_I2S_TxCpltCallback
 .text.HAL_I2S_ErrorCallback
                0x0000000008022c82        0x2 ./Drivers/STM32F7xx_HAL_Driver/Src/stm32f7xx_hal_i2s.o
                0x0000000008022c82                HAL_I2S_ErrorCallback
 .text.HAL_I2S_IRQHandler
                0x0000000008022c84       0xb4 ./Drivers/STM32F7xx_HAL_Driver/Src/stm32f7xx_hal_i2s.o
                0x0000000008022c84                HAL_I2S_IRQHandler
 .text.HAL_PCD_Init
                0x0000000008022d38      0x112 ./Drivers/STM32F7xx_HAL_Driver/Src/stm32f7xx_hal_pcd.o
                0x0000000008022d38                HAL_PCD_Init
 .text.HAL_PCD_DeInit
                0x0000000008022e4a       0x2a ./Drivers/STM32F7xx_HAL_Driver/Src/stm32f7xx_hal_pcd.o
                0x0000000008022e4a                HAL_PCD_DeInit
 .text.HAL_PCD_Start
                0x0000000008022e74       0x2a ./Drivers/STM32F7xx_HAL_Driver/Src/stm32f7xx_hal_pcd.o
                0x0000000008022e74                HAL_PCD_Start
 .text.HAL_PCD_Stop
                0x0000000008022e9e       0x32 ./Drivers/STM32F7xx_HAL_Driver/Src/stm32f7xx_hal_pcd.o
                0x0000000008022e9e                HAL_PCD_Stop
 .text.HAL_PCD_SetAddress
                0x0000000008022ed0       0x28 ./Drivers/STM32F7xx_HAL_Driver/Src/stm32f7xx_hal_pcd.o
                0x0000000008022ed0                HAL_PCD_SetAddress
 .text.HAL_PCD_EP_Open
                0x0000000008022ef8       0x70 ./Drivers/STM32F7xx_HAL_Driver/Src/stm32f7xx_hal_pcd.o
                0x0000000008022ef8                HAL_PCD_EP_Open
 .text.HAL_PCD_EP_Close
                0x0000000008022f68       0x5e ./Drivers/STM32F7xx_HAL_Driver/Src/stm32f7xx_hal_pcd.o
                0x0000000008022f68                HAL_PCD_EP_Close
 .text.HAL_PCD_EP_Receive
                0x0000000008022fc6       0x48 ./Drivers/STM32F7xx_HAL_Driver/Src/stm32f7xx_hal_pcd.o
                0x0000000008022fc6                HAL_PCD_EP_Receive
 .text.HAL_PCD_EP_GetRxCount
                0x000000000802300e       0x10 ./Drivers/STM32F7xx_HAL_Driver/Src/stm32f7xx_hal_pcd.o
                0x000000000802300e                HAL_PCD_EP_GetRxCount
 .text.HAL_PCD_EP_Transmit
                0x000000000802301e       0x40 ./Drivers/STM32F7xx_HAL_Driver/Src/stm32f7xx_hal_pcd.o
                0x000000000802301e                HAL_PCD_EP_Transmit
 .text.HAL_PCD_EP_SetStall
                0x000000000802305e       0x74 ./Drivers/STM32F7xx_HAL_Driver/Src/stm32f7xx_hal_pcd.o
                0x000000000802305e                HAL_PCD_EP_SetStall
 .text.HAL_PCD_EP_ClrStall
                0x00000000080230d2       0x6c ./Drivers/STM32F7xx_HAL_Driver/Src/stm32f7xx_hal_pcd.o
                0x00000000080230d2                HAL_PCD_EP_ClrStall
 .text.HAL_PCD_EP_Abort
                0x000000000802313e       0x20 ./Drivers/STM32F7xx_HAL_Driver/Src/stm32f7xx_hal_pcd.o
                0x000000000802313e                HAL_PCD_EP_Abort
 *fill*         0x000000000802315e        0x2 
 .text.HAL_PCD_IRQHandler
                0x0000000008023160      0x6cc ./Drivers/STM32F7xx_HAL_Driver/Src/stm32f7xx_hal_pcd.o
                0x0000000008023160                HAL_PCD_IRQHandler
 .text.HAL_PCDEx_SetTxFiFo
                0x000000000802382c       0x40 ./Drivers/STM32F7xx_HAL_Driver/Src/stm32f7xx_hal_pcd_ex.o
                0x000000000802382c                HAL_PCDEx_SetTxFiFo
 .text.HAL_PCDEx_SetRxFiFo
                0x000000000802386c        0x8 ./Drivers/STM32F7xx_HAL_Driver/Src/stm32f7xx_hal_pcd_ex.o
                0x000000000802386c                HAL_PCDEx_SetRxFiFo
 .text.HAL_PCDEx_ActivateLPM
                0x0000000008023874       0x26 ./Drivers/STM32F7xx_HAL_Driver/Src/stm32f7xx_hal_pcd_ex.o
                0x0000000008023874                HAL_PCDEx_ActivateLPM
 *fill*         0x000000000802389a        0x2 
 .text.HAL_PWREx_EnableOverDrive
                0x000000000802389c       0x70 ./Drivers/STM32F7xx_HAL_Driver/Src/stm32f7xx_hal_pwr_ex.o
                0x000000000802389c                HAL_PWREx_EnableOverDrive
 .text.HAL_RCC_OscConfig
                0x000000000802390c      0x374 ./Drivers/STM32F7xx_HAL_Driver/Src/stm32f7xx_hal_rcc.o
                0x000000000802390c                HAL_RCC_OscConfig
 .text.HAL_RCC_GetSysClockFreq
                0x0000000008023c80       0x5c ./Drivers/STM32F7xx_HAL_Driver/Src/stm32f7xx_hal_rcc.o
                0x0000000008023c80                HAL_RCC_GetSysClockFreq
 .text.HAL_RCC_ClockConfig
                0x0000000008023cdc      0x13c ./Drivers/STM32F7xx_HAL_Driver/Src/stm32f7xx_hal_rcc.o
                0x0000000008023cdc                HAL_RCC_ClockConfig
 .text.HAL_RCC_GetHCLKFreq
                0x0000000008023e18        0xc ./Drivers/STM32F7xx_HAL_Driver/Src/stm32f7xx_hal_rcc.o
                0x0000000008023e18                HAL_RCC_GetHCLKFreq
 .text.HAL_RCCEx_PeriphCLKConfig
                0x0000000008023e24      0x45c ./Drivers/STM32F7xx_HAL_Driver/Src/stm32f7xx_hal_rcc_ex.o
                0x0000000008023e24                HAL_RCCEx_PeriphCLKConfig
 .text.HAL_SPI_Init
                0x0000000008024280       0xdc ./Drivers/STM32F7xx_HAL_Driver/Src/stm32f7xx_hal_spi.o
                0x0000000008024280                HAL_SPI_Init
 .text.USB_CoreReset
                0x000000000802435c       0x4c ./Drivers/STM32F7xx_HAL_Driver/Src/stm32f7xx_ll_usb.o
 .text.USB_CoreInit
                0x00000000080243a8      0x100 ./Drivers/STM32F7xx_HAL_Driver/Src/stm32f7xx_ll_usb.o
                0x00000000080243a8                USB_CoreInit
 .text.USB_SetTurnaroundTime
                0x00000000080244a8       0xe0 ./Drivers/STM32F7xx_HAL_Driver/Src/stm32f7xx_ll_usb.o
                0x00000000080244a8                USB_SetTurnaroundTime
 .text.USB_EnableGlobalInt
                0x0000000008024588        0xc ./Drivers/STM32F7xx_HAL_Driver/Src/stm32f7xx_ll_usb.o
                0x0000000008024588                USB_EnableGlobalInt
 .text.USB_DisableGlobalInt
                0x0000000008024594        0xc ./Drivers/STM32F7xx_HAL_Driver/Src/stm32f7xx_ll_usb.o
                0x0000000008024594                USB_DisableGlobalInt
 .text.USB_SetCurrentMode
                0x00000000080245a0       0x5c ./Drivers/STM32F7xx_HAL_Driver/Src/stm32f7xx_ll_usb.o
                0x00000000080245a0                USB_SetCurrentMode
 .text.USB_FlushTxFifo
                0x00000000080245fc       0x4c ./Drivers/STM32F7xx_HAL_Driver/Src/stm32f7xx_ll_usb.o
                0x00000000080245fc                USB_FlushTxFifo
 .text.USB_FlushRxFifo
                0x0000000008024648       0x48 ./Drivers/STM32F7xx_HAL_Driver/Src/stm32f7xx_ll_usb.o
                0x0000000008024648                USB_FlushRxFifo
 .text.USB_SetDevSpeed
                0x0000000008024690        0xe ./Drivers/STM32F7xx_HAL_Driver/Src/stm32f7xx_ll_usb.o
                0x0000000008024690                USB_SetDevSpeed
 *fill*         0x000000000802469e        0x2 
 .text.USB_DevInit
                0x00000000080246a0      0x170 ./Drivers/STM32F7xx_HAL_Driver/Src/stm32f7xx_ll_usb.o
                0x00000000080246a0                USB_DevInit
 .text.USB_GetDevSpeed
                0x0000000008024810       0x16 ./Drivers/STM32F7xx_HAL_Driver/Src/stm32f7xx_ll_usb.o
                0x0000000008024810                USB_GetDevSpeed
 .text.USB_ActivateEndpoint
                0x0000000008024826       0x7e ./Drivers/STM32F7xx_HAL_Driver/Src/stm32f7xx_ll_usb.o
                0x0000000008024826                USB_ActivateEndpoint
 .text.USB_DeactivateEndpoint
                0x00000000080248a4       0xac ./Drivers/STM32F7xx_HAL_Driver/Src/stm32f7xx_ll_usb.o
                0x00000000080248a4                USB_DeactivateEndpoint
 .text.USB_EP0StartXfer
                0x0000000008024950       0xf4 ./Drivers/STM32F7xx_HAL_Driver/Src/stm32f7xx_ll_usb.o
                0x0000000008024950                USB_EP0StartXfer
 .text.USB_EPStopXfer
                0x0000000008024a44       0x84 ./Drivers/STM32F7xx_HAL_Driver/Src/stm32f7xx_ll_usb.o
                0x0000000008024a44                USB_EPStopXfer
 .text.USB_WritePacket
                0x0000000008024ac8       0x26 ./Drivers/STM32F7xx_HAL_Driver/Src/stm32f7xx_ll_usb.o
                0x0000000008024ac8                USB_WritePacket
 *fill*         0x0000000008024aee        0x2 
 .text.USB_EPStartXfer
                0x0000000008024af0      0x1d0 ./Drivers/STM32F7xx_HAL_Driver/Src/stm32f7xx_ll_usb.o
                0x0000000008024af0                USB_EPStartXfer
 .text.USB_ReadPacket
                0x0000000008024cc0       0x40 ./Drivers/STM32F7xx_HAL_Driver/Src/stm32f7xx_ll_usb.o
                0x0000000008024cc0                USB_ReadPacket
 .text.USB_EPSetStall
                0x0000000008024d00       0x56 ./Drivers/STM32F7xx_HAL_Driver/Src/stm32f7xx_ll_usb.o
                0x0000000008024d00                USB_EPSetStall
 .text.USB_EPClearStall
                0x0000000008024d56       0x52 ./Drivers/STM32F7xx_HAL_Driver/Src/stm32f7xx_ll_usb.o
                0x0000000008024d56                USB_EPClearStall
 .text.USB_StopDevice
                0x0000000008024da8       0x40 ./Drivers/STM32F7xx_HAL_Driver/Src/stm32f7xx_ll_usb.o
                0x0000000008024da8                USB_StopDevice
 .text.USB_SetDevAddress
                0x0000000008024de8       0x20 ./Drivers/STM32F7xx_HAL_Driver/Src/stm32f7xx_ll_usb.o
                0x0000000008024de8                USB_SetDevAddress
 .text.USB_DevConnect
                0x0000000008024e08       0x1c ./Drivers/STM32F7xx_HAL_Driver/Src/stm32f7xx_ll_usb.o
                0x0000000008024e08                USB_DevConnect
 .text.USB_DevDisconnect
                0x0000000008024e24       0x1c ./Drivers/STM32F7xx_HAL_Driver/Src/stm32f7xx_ll_usb.o
                0x0000000008024e24                USB_DevDisconnect
 .text.USB_ReadInterrupts
                0x0000000008024e40        0x8 ./Drivers/STM32F7xx_HAL_Driver/Src/stm32f7xx_ll_usb.o
                0x0000000008024e40                USB_ReadInterrupts
 .text.USB_ReadDevAllOutEpInterrupt
                0x0000000008024e48       0x10 ./Drivers/STM32F7xx_HAL_Driver/Src/stm32f7xx_ll_usb.o
                0x0000000008024e48                USB_ReadDevAllOutEpInterrupt
 .text.USB_ReadDevAllInEpInterrupt
                0x0000000008024e58       0x10 ./Drivers/STM32F7xx_HAL_Driver/Src/stm32f7xx_ll_usb.o
                0x0000000008024e58                USB_ReadDevAllInEpInterrupt
 .text.USB_ReadDevOutEPInterrupt
                0x0000000008024e68       0x12 ./Drivers/STM32F7xx_HAL_Driver/Src/stm32f7xx_ll_usb.o
                0x0000000008024e68                USB_ReadDevOutEPInterrupt
 .text.USB_ReadDevInEPInterrupt
                0x0000000008024e7a       0x22 ./Drivers/STM32F7xx_HAL_Driver/Src/stm32f7xx_ll_usb.o
                0x0000000008024e7a                USB_ReadDevInEPInterrupt
 .text.USB_GetMode
                0x0000000008024e9c        0x8 ./Drivers/STM32F7xx_HAL_Driver/Src/stm32f7xx_ll_usb.o
                0x0000000008024e9c                USB_GetMode
 .text.USB_ActivateSetup
                0x0000000008024ea4       0x20 ./Drivers/STM32F7xx_HAL_Driver/Src/stm32f7xx_ll_usb.o
                0x0000000008024ea4                USB_ActivateSetup
 .text.USB_EP0_OutStart
                0x0000000008024ec4       0x4c ./Drivers/STM32F7xx_HAL_Driver/Src/stm32f7xx_ll_usb.o
                0x0000000008024ec4                USB_EP0_OutStart
 .text.USBD_CDC_EP0_RxReady
                0x0000000008024f10       0x36 ./Middlewares/ST/STM32_USB_Device_Library/Class/CDC/Src/usbd_cdc.o
 *fill*         0x0000000008024f46        0x2 
 .text.USBD_CDC_GetDeviceQualifierDescriptor
                0x0000000008024f48        0xc ./Middlewares/ST/STM32_USB_Device_Library/Class/CDC/Src/usbd_cdc.o
                0x0000000008024f48                USBD_CDC_GetDeviceQualifierDescriptor
 .text.USBD_CDC_GetFSCfgDesc
                0x0000000008024f54       0x48 ./Middlewares/ST/STM32_USB_Device_Library/Class/CDC/Src/usbd_cdc.o
 .text.USBD_CDC_GetOtherSpeedCfgDesc
                0x0000000008024f9c        0x4 ./Middlewares/ST/STM32_USB_Device_Library/Class/CDC/Src/usbd_cdc.o
 .text.USBD_CDC_GetHSCfgDesc
                0x0000000008024fa0       0x48 ./Middlewares/ST/STM32_USB_Device_Library/Class/CDC/Src/usbd_cdc.o
 .text.USBD_CDC_DataOut
                0x0000000008024fe8       0x38 ./Middlewares/ST/STM32_USB_Device_Library/Class/CDC/Src/usbd_cdc.o
 .text.USBD_CDC_DataIn
                0x0000000008025020       0x68 ./Middlewares/ST/STM32_USB_Device_Library/Class/CDC/Src/usbd_cdc.o
 .text.USBD_CDC_Setup
                0x0000000008025088      0x108 ./Middlewares/ST/STM32_USB_Device_Library/Class/CDC/Src/usbd_cdc.o
 .text.USBD_CDC_DeInit
                0x0000000008025190       0x5a ./Middlewares/ST/STM32_USB_Device_Library/Class/CDC/Src/usbd_cdc.o
 .text.USBD_CDC_Init
                0x00000000080251ea       0xd0 ./Middlewares/ST/STM32_USB_Device_Library/Class/CDC/Src/usbd_cdc.o
 .text.USBD_CDC_RegisterInterface
                0x00000000080252ba       0x16 ./Middlewares/ST/STM32_USB_Device_Library/Class/CDC/Src/usbd_cdc.o
                0x00000000080252ba                USBD_CDC_RegisterInterface
 .text.USBD_CDC_SetTxBuffer
                0x00000000080252d0       0x1c ./Middlewares/ST/STM32_USB_Device_Library/Class/CDC/Src/usbd_cdc.o
                0x00000000080252d0                USBD_CDC_SetTxBuffer
 .text.USBD_CDC_SetRxBuffer
                0x00000000080252ec       0x18 ./Middlewares/ST/STM32_USB_Device_Library/Class/CDC/Src/usbd_cdc.o
                0x00000000080252ec                USBD_CDC_SetRxBuffer
 .text.USBD_CDC_TransmitPacket
                0x0000000008025304       0x36 ./Middlewares/ST/STM32_USB_Device_Library/Class/CDC/Src/usbd_cdc.o
                0x0000000008025304                USBD_CDC_TransmitPacket
 .text.USBD_CDC_ReceivePacket
                0x000000000802533a       0x34 ./Middlewares/ST/STM32_USB_Device_Library/Class/CDC/Src/usbd_cdc.o
                0x000000000802533a                USBD_CDC_ReceivePacket
 .text.USBD_Init
                0x000000000802536e       0x26 ./Middlewares/ST/STM32_USB_Device_Library/Core/Src/usbd_core.o
                0x000000000802536e                USBD_Init
 .text.USBD_DeInit
                0x0000000008025394       0x34 ./Middlewares/ST/STM32_USB_Device_Library/Core/Src/usbd_core.o
                0x0000000008025394                USBD_DeInit
 .text.USBD_RegisterClass
                0x00000000080253c8       0x32 ./Middlewares/ST/STM32_USB_Device_Library/Core/Src/usbd_core.o
                0x00000000080253c8                USBD_RegisterClass
 .text.USBD_Start
                0x00000000080253fa        0x4 ./Middlewares/ST/STM32_USB_Device_Library/Core/Src/usbd_core.o
                0x00000000080253fa                USBD_Start
 .text.USBD_Stop
                0x00000000080253fe       0x1a ./Middlewares/ST/STM32_USB_Device_Library/Core/Src/usbd_core.o
                0x00000000080253fe                USBD_Stop
 .text.USBD_SetClassConfig
                0x0000000008025418        0xe ./Middlewares/ST/STM32_USB_Device_Library/Core/Src/usbd_core.o
                0x0000000008025418                USBD_SetClassConfig
 .text.USBD_ClrClassConfig
                0x0000000008025426       0x12 ./Middlewares/ST/STM32_USB_Device_Library/Core/Src/usbd_core.o
                0x0000000008025426                USBD_ClrClassConfig
 .text.USBD_LL_SetupStage
                0x0000000008025438       0x60 ./Middlewares/ST/STM32_USB_Device_Library/Core/Src/usbd_core.o
                0x0000000008025438                USBD_LL_SetupStage
 .text.USBD_LL_DataOutStage
                0x0000000008025498       0x6a ./Middlewares/ST/STM32_USB_Device_Library/Core/Src/usbd_core.o
                0x0000000008025498                USBD_LL_DataOutStage
 .text.USBD_LL_DataInStage
                0x0000000008025502       0xae ./Middlewares/ST/STM32_USB_Device_Library/Core/Src/usbd_core.o
                0x0000000008025502                USBD_LL_DataInStage
 .text.USBD_LL_Reset
                0x00000000080255b0       0x5e ./Middlewares/ST/STM32_USB_Device_Library/Core/Src/usbd_core.o
                0x00000000080255b0                USBD_LL_Reset
 .text.USBD_LL_SetSpeed
                0x000000000802560e        0x6 ./Middlewares/ST/STM32_USB_Device_Library/Core/Src/usbd_core.o
                0x000000000802560e                USBD_LL_SetSpeed
 .text.USBD_LL_Suspend
                0x0000000008025614       0x14 ./Middlewares/ST/STM32_USB_Device_Library/Core/Src/usbd_core.o
                0x0000000008025614                USBD_LL_Suspend
 .text.USBD_LL_Resume
                0x0000000008025628       0x16 ./Middlewares/ST/STM32_USB_Device_Library/Core/Src/usbd_core.o
                0x0000000008025628                USBD_LL_Resume
 .text.USBD_LL_SOF
                0x000000000802563e       0x1a ./Middlewares/ST/STM32_USB_Device_Library/Core/Src/usbd_core.o
                0x000000000802563e                USBD_LL_SOF
 .text.USBD_LL_IsoINIncomplete
                0x0000000008025658       0x28 ./Middlewares/ST/STM32_USB_Device_Library/Core/Src/usbd_core.o
                0x0000000008025658                USBD_LL_IsoINIncomplete
 .text.USBD_LL_IsoOUTIncomplete
                0x0000000008025680       0x28 ./Middlewares/ST/STM32_USB_Device_Library/Core/Src/usbd_core.o
                0x0000000008025680                USBD_LL_IsoOUTIncomplete
 .text.USBD_LL_DevConnected
                0x00000000080256a8        0x4 ./Middlewares/ST/STM32_USB_Device_Library/Core/Src/usbd_core.o
                0x00000000080256a8                USBD_LL_DevConnected
 .text.USBD_LL_DevDisconnected
                0x00000000080256ac       0x20 ./Middlewares/ST/STM32_USB_Device_Library/Core/Src/usbd_core.o
                0x00000000080256ac                USBD_LL_DevDisconnected
 .text.USBD_CoreFindIF
                0x00000000080256cc        0x4 ./Middlewares/ST/STM32_USB_Device_Library/Core/Src/usbd_core.o
                0x00000000080256cc                USBD_CoreFindIF
 .text.USBD_CoreFindEP
                0x00000000080256d0        0x4 ./Middlewares/ST/STM32_USB_Device_Library/Core/Src/usbd_core.o
                0x00000000080256d0                USBD_CoreFindEP
 .text.USBD_GetEpDesc
                0x00000000080256d4       0x24 ./Middlewares/ST/STM32_USB_Device_Library/Core/Src/usbd_core.o
                0x00000000080256d4                USBD_GetEpDesc
 .text.USBD_CtlError.constprop.0
                0x00000000080256f8       0x16 ./Middlewares/ST/STM32_USB_Device_Library/Core/Src/usbd_ctlreq.o
 *fill*         0x000000000802570e        0x2 
 .text.USBD_StdDevReq
                0x0000000008025710      0x2b8 ./Middlewares/ST/STM32_USB_Device_Library/Core/Src/usbd_ctlreq.o
                0x0000000008025710                USBD_StdDevReq
 .text.USBD_StdItfReq
                0x00000000080259c8       0x5e ./Middlewares/ST/STM32_USB_Device_Library/Core/Src/usbd_ctlreq.o
                0x00000000080259c8                USBD_StdItfReq
 .text.USBD_StdEPReq
                0x0000000008025a26      0x13c ./Middlewares/ST/STM32_USB_Device_Library/Core/Src/usbd_ctlreq.o
                0x0000000008025a26                USBD_StdEPReq
 .text.USBD_ParseSetupRequest
                0x0000000008025b62       0x16 ./Middlewares/ST/STM32_USB_Device_Library/Core/Src/usbd_ctlreq.o
                0x0000000008025b62                USBD_ParseSetupRequest
 .text.USBD_CtlError
                0x0000000008025b78       0x16 ./Middlewares/ST/STM32_USB_Device_Library/Core/Src/usbd_ctlreq.o
                0x0000000008025b78                USBD_CtlError
 .text.USBD_GetString
                0x0000000008025b8e       0x38 ./Middlewares/ST/STM32_USB_Device_Library/Core/Src/usbd_ctlreq.o
                0x0000000008025b8e                USBD_GetString
 .text.USBD_CtlSendData
                0x0000000008025bc6       0x1a ./Middlewares/ST/STM32_USB_Device_Library/Core/Src/usbd_ioreq.o
                0x0000000008025bc6                USBD_CtlSendData
 .text.USBD_CtlContinueSendData
                0x0000000008025be0       0x10 ./Middlewares/ST/STM32_USB_Device_Library/Core/Src/usbd_ioreq.o
                0x0000000008025be0                USBD_CtlContinueSendData
 .text.USBD_CtlPrepareRx
                0x0000000008025bf0       0x1a ./Middlewares/ST/STM32_USB_Device_Library/Core/Src/usbd_ioreq.o
                0x0000000008025bf0                USBD_CtlPrepareRx
 .text.USBD_CtlContinueRx
                0x0000000008025c0a       0x10 ./Middlewares/ST/STM32_USB_Device_Library/Core/Src/usbd_ioreq.o
                0x0000000008025c0a                USBD_CtlContinueRx
 .text.USBD_CtlSendStatus
                0x0000000008025c1a       0x16 ./Middlewares/ST/STM32_USB_Device_Library/Core/Src/usbd_ioreq.o
                0x0000000008025c1a                USBD_CtlSendStatus
 .text.USBD_CtlReceiveStatus
                0x0000000008025c30       0x16 ./Middlewares/ST/STM32_USB_Device_Library/Core/Src/usbd_ioreq.o
                0x0000000008025c30                USBD_CtlReceiveStatus
 *fill*         0x0000000008025c46        0x2 
 .text.MX_USB_DEVICE_Init
                0x0000000008025c48       0x50 ./USB_DEVICE/App/usb_device.o
                0x0000000008025c48                MX_USB_DEVICE_Init
 .text.CDC_DeInit_FS
                0x0000000008025c98        0x4 ./USB_DEVICE/App/usbd_cdc_if.o
 .text.CDC_Control_FS
                0x0000000008025c9c       0x48 ./USB_DEVICE/App/usbd_cdc_if.o
 .text.CDC_TransmitCplt_FS
                0x0000000008025ce4        0x4 ./USB_DEVICE/App/usbd_cdc_if.o
 .text.CDC_Receive_FS
                0x0000000008025ce8       0x1c ./USB_DEVICE/App/usbd_cdc_if.o
 .text.CDC_Init_FS
                0x0000000008025d04       0x28 ./USB_DEVICE/App/usbd_cdc_if.o
 .text.CDC_Transmit_FS
                0x0000000008025d2c       0x2c ./USB_DEVICE/App/usbd_cdc_if.o
                0x0000000008025d2c                CDC_Transmit_FS
 .text.usb_printf
                0x0000000008025d58       0x40 ./USB_DEVICE/App/usbd_cdc_if.o
                0x0000000008025d58                usb_printf
 .text.USBD_FS_DeviceDescriptor
                0x0000000008025d98        0xc ./USB_DEVICE/App/usbd_desc.o
                0x0000000008025d98                USBD_FS_DeviceDescriptor
 .text.USBD_FS_LangIDStrDescriptor
                0x0000000008025da4        0xc ./USB_DEVICE/App/usbd_desc.o
                0x0000000008025da4                USBD_FS_LangIDStrDescriptor
 .text.USBD_FS_USR_BOSDescriptor
                0x0000000008025db0        0xc ./USB_DEVICE/App/usbd_desc.o
                0x0000000008025db0                USBD_FS_USR_BOSDescriptor
 .text.IntToUnicode
                0x0000000008025dbc       0x2a ./USB_DEVICE/App/usbd_desc.o
 *fill*         0x0000000008025de6        0x2 
 .text.USBD_FS_SerialStrDescriptor
                0x0000000008025de8       0x3c ./USB_DEVICE/App/usbd_desc.o
                0x0000000008025de8                USBD_FS_SerialStrDescriptor
 .text.USBD_FS_ManufacturerStrDescriptor
                0x0000000008025e24       0x1c ./USB_DEVICE/App/usbd_desc.o
                0x0000000008025e24                USBD_FS_ManufacturerStrDescriptor
 .text.USBD_FS_ProductStrDescriptor
                0x0000000008025e40       0x1c ./USB_DEVICE/App/usbd_desc.o
                0x0000000008025e40                USBD_FS_ProductStrDescriptor
 .text.USBD_FS_ConfigStrDescriptor
                0x0000000008025e5c       0x1c ./USB_DEVICE/App/usbd_desc.o
                0x0000000008025e5c                USBD_FS_ConfigStrDescriptor
 .text.USBD_FS_InterfaceStrDescriptor
                0x0000000008025e78       0x1c ./USB_DEVICE/App/usbd_desc.o
                0x0000000008025e78                USBD_FS_InterfaceStrDescriptor
 .text.HAL_PCD_MspInit
                0x0000000008025e94       0xa8 ./USB_DEVICE/Target/usbd_conf.o
                0x0000000008025e94                HAL_PCD_MspInit
 .text.HAL_PCD_MspDeInit
                0x0000000008025f3c       0x34 ./USB_DEVICE/Target/usbd_conf.o
                0x0000000008025f3c                HAL_PCD_MspDeInit
 .text.HAL_PCD_SetupStageCallback
                0x0000000008025f70        0xc ./USB_DEVICE/Target/usbd_conf.o
                0x0000000008025f70                HAL_PCD_SetupStageCallback
 .text.HAL_PCD_DataOutStageCallback
                0x0000000008025f7c       0x12 ./USB_DEVICE/Target/usbd_conf.o
                0x0000000008025f7c                HAL_PCD_DataOutStageCallback
 .text.HAL_PCD_DataInStageCallback
                0x0000000008025f8e       0x10 ./USB_DEVICE/Target/usbd_conf.o
                0x0000000008025f8e                HAL_PCD_DataInStageCallback
 .text.HAL_PCD_SOFCallback
                0x0000000008025f9e        0x8 ./USB_DEVICE/Target/usbd_conf.o
                0x0000000008025f9e                HAL_PCD_SOFCallback
 .text.HAL_PCD_ResetCallback
                0x0000000008025fa6       0x26 ./USB_DEVICE/Target/usbd_conf.o
                0x0000000008025fa6                HAL_PCD_ResetCallback
 .text.HAL_PCD_SuspendCallback
                0x0000000008025fcc       0x30 ./USB_DEVICE/Target/usbd_conf.o
                0x0000000008025fcc                HAL_PCD_SuspendCallback
 .text.HAL_PCD_ResumeCallback
                0x0000000008025ffc        0x8 ./USB_DEVICE/Target/usbd_conf.o
                0x0000000008025ffc                HAL_PCD_ResumeCallback
 .text.HAL_PCD_ISOOUTIncompleteCallback
                0x0000000008026004        0x8 ./USB_DEVICE/Target/usbd_conf.o
                0x0000000008026004                HAL_PCD_ISOOUTIncompleteCallback
 .text.HAL_PCD_ISOINIncompleteCallback
                0x000000000802600c        0x8 ./USB_DEVICE/Target/usbd_conf.o
                0x000000000802600c                HAL_PCD_ISOINIncompleteCallback
 .text.HAL_PCD_ConnectCallback
                0x0000000008026014        0x8 ./USB_DEVICE/Target/usbd_conf.o
                0x0000000008026014                HAL_PCD_ConnectCallback
 .text.HAL_PCD_DisconnectCallback
                0x000000000802601c        0x8 ./USB_DEVICE/Target/usbd_conf.o
                0x000000000802601c                HAL_PCD_DisconnectCallback
 .text.USBD_LL_Init
                0x0000000008026024       0x5c ./USB_DEVICE/Target/usbd_conf.o
                0x0000000008026024                USBD_LL_Init
 .text.USBD_LL_IsStallEP
                0x0000000008026080       0x26 ./USB_DEVICE/Target/usbd_conf.o
                0x0000000008026080                USBD_LL_IsStallEP
 .text.USBD_LL_GetRxDataSize
                0x00000000080260a6        0x8 ./USB_DEVICE/Target/usbd_conf.o
                0x00000000080260a6                USBD_LL_GetRxDataSize
 *fill*         0x00000000080260ae        0x2 
 .text.HAL_PCDEx_LPM_Callback
                0x00000000080260b0       0x64 ./USB_DEVICE/Target/usbd_conf.o
                0x00000000080260b0                HAL_PCDEx_LPM_Callback
 .text.USBD_Get_USB_Status
                0x0000000008026114       0x10 ./USB_DEVICE/Target/usbd_conf.o
                0x0000000008026114                USBD_Get_USB_Status
 .text.USBD_LL_DeInit
                0x0000000008026124       0x12 ./USB_DEVICE/Target/usbd_conf.o
                0x0000000008026124                USBD_LL_DeInit
 .text.USBD_LL_Start
                0x0000000008026136       0x12 ./USB_DEVICE/Target/usbd_conf.o
                0x0000000008026136                USBD_LL_Start
 .text.USBD_LL_Stop
                0x0000000008026148       0x12 ./USB_DEVICE/Target/usbd_conf.o
                0x0000000008026148                USBD_LL_Stop
 .text.USBD_LL_OpenEP
                0x000000000802615a       0x18 ./USB_DEVICE/Target/usbd_conf.o
                0x000000000802615a                USBD_LL_OpenEP
 .text.USBD_LL_CloseEP
                0x0000000008026172       0x12 ./USB_DEVICE/Target/usbd_conf.o
                0x0000000008026172                USBD_LL_CloseEP
 .text.USBD_LL_StallEP
                0x0000000008026184       0x12 ./USB_DEVICE/Target/usbd_conf.o
                0x0000000008026184                USBD_LL_StallEP
 .text.USBD_LL_ClearStallEP
                0x0000000008026196       0x12 ./USB_DEVICE/Target/usbd_conf.o
                0x0000000008026196                USBD_LL_ClearStallEP
 .text.USBD_LL_SetUSBAddress
                0x00000000080261a8       0x12 ./USB_DEVICE/Target/usbd_conf.o
                0x00000000080261a8                USBD_LL_SetUSBAddress
 .text.USBD_LL_Transmit
                0x00000000080261ba       0x12 ./USB_DEVICE/Target/usbd_conf.o
                0x00000000080261ba                USBD_LL_Transmit
 .text.USBD_LL_PrepareReceive
                0x00000000080261cc       0x12 ./USB_DEVICE/Target/usbd_conf.o
                0x00000000080261cc                USBD_LL_PrepareReceive
 *fill*         0x00000000080261de        0x2 
 .text.malloc   0x00000000080261e0       0x10 C:/ST/STM32CubeIDE_1.10.1/STM32CubeIDE/plugins/com.st.stm32cube.ide.mcu.externaltools.gnu-tools-for-stm32.11.3.rel1.win32_1.1.1.202309131626/tools/bin/../lib/gcc/arm-none-eabi/11.3.1/../../../../arm-none-eabi/lib/thumb/v7e-m+fp/hard\libc_nano.a(libc_a-malloc.o)
                0x00000000080261e0                malloc
 .text.free     0x00000000080261f0       0x10 C:/ST/STM32CubeIDE_1.10.1/STM32CubeIDE/plugins/com.st.stm32cube.ide.mcu.externaltools.gnu-tools-for-stm32.11.3.rel1.win32_1.1.1.202309131626/tools/bin/../lib/gcc/arm-none-eabi/11.3.1/../../../../arm-none-eabi/lib/thumb/v7e-m+fp/hard\libc_nano.a(libc_a-malloc.o)
                0x00000000080261f0                free
 .text.sbrk_aligned
                0x0000000008026200       0x40 C:/ST/STM32CubeIDE_1.10.1/STM32CubeIDE/plugins/com.st.stm32cube.ide.mcu.externaltools.gnu-tools-for-stm32.11.3.rel1.win32_1.1.1.202309131626/tools/bin/../lib/gcc/arm-none-eabi/11.3.1/../../../../arm-none-eabi/lib/thumb/v7e-m+fp/hard\libc_nano.a(libc_a-mallocr.o)
 .text._malloc_r
                0x0000000008026240      0x100 C:/ST/STM32CubeIDE_1.10.1/STM32CubeIDE/plugins/com.st.stm32cube.ide.mcu.externaltools.gnu-tools-for-stm32.11.3.rel1.win32_1.1.1.202309131626/tools/bin/../lib/gcc/arm-none-eabi/11.3.1/../../../../arm-none-eabi/lib/thumb/v7e-m+fp/hard\libc_nano.a(libc_a-mallocr.o)
                0x0000000008026240                _malloc_r
 .text.__malloc_lock
                0x0000000008026340        0xc C:/ST/STM32CubeIDE_1.10.1/STM32CubeIDE/plugins/com.st.stm32cube.ide.mcu.externaltools.gnu-tools-for-stm32.11.3.rel1.win32_1.1.1.202309131626/tools/bin/../lib/gcc/arm-none-eabi/11.3.1/../../../../arm-none-eabi/lib/thumb/v7e-m+fp/hard\libc_nano.a(libc_a-mlock.o)
                0x0000000008026340                __malloc_lock
 .text.__malloc_unlock
                0x000000000802634c        0xc C:/ST/STM32CubeIDE_1.10.1/STM32CubeIDE/plugins/com.st.stm32cube.ide.mcu.externaltools.gnu-tools-for-stm32.11.3.rel1.win32_1.1.1.202309131626/tools/bin/../lib/gcc/arm-none-eabi/11.3.1/../../../../arm-none-eabi/lib/thumb/v7e-m+fp/hard\libc_nano.a(libc_a-mlock.o)
                0x000000000802634c                __malloc_unlock
 .text._vsnprintf_r
                0x0000000008026358       0x56 C:/ST/STM32CubeIDE_1.10.1/STM32CubeIDE/plugins/com.st.stm32cube.ide.mcu.externaltools.gnu-tools-for-stm32.11.3.rel1.win32_1.1.1.202309131626/tools/bin/../lib/gcc/arm-none-eabi/11.3.1/../../../../arm-none-eabi/lib/thumb/v7e-m+fp/hard\libc_nano.a(libc_a-vsnprintf.o)
                0x0000000008026358                _vsniprintf_r
                0x0000000008026358                _vsnprintf_r
 *fill*         0x00000000080263ae        0x2 
 .text.vsnprintf
                0x00000000080263b0       0x1c C:/ST/STM32CubeIDE_1.10.1/STM32CubeIDE/plugins/com.st.stm32cube.ide.mcu.externaltools.gnu-tools-for-stm32.11.3.rel1.win32_1.1.1.202309131626/tools/bin/../lib/gcc/arm-none-eabi/11.3.1/../../../../arm-none-eabi/lib/thumb/v7e-m+fp/hard\libc_nano.a(libc_a-vsnprintf.o)
                0x00000000080263b0                vsniprintf
                0x00000000080263b0                vsnprintf
 .text.memcmp   0x00000000080263cc       0x20 C:/ST/STM32CubeIDE_1.10.1/STM32CubeIDE/plugins/com.st.stm32cube.ide.mcu.externaltools.gnu-tools-for-stm32.11.3.rel1.win32_1.1.1.202309131626/tools/bin/../lib/gcc/arm-none-eabi/11.3.1/../../../../arm-none-eabi/lib/thumb/v7e-m+fp/hard\libc_nano.a(libc_a-memcmp.o)
                0x00000000080263cc                memcmp
 .text.memset   0x00000000080263ec       0x10 C:/ST/STM32CubeIDE_1.10.1/STM32CubeIDE/plugins/com.st.stm32cube.ide.mcu.externaltools.gnu-tools-for-stm32.11.3.rel1.win32_1.1.1.202309131626/tools/bin/../lib/gcc/arm-none-eabi/11.3.1/../../../../arm-none-eabi/lib/thumb/v7e-m+fp/hard\libc_nano.a(libc_a-memset.o)
                0x00000000080263ec                memset
 .text._sbrk_r  0x00000000080263fc       0x20 C:/ST/STM32CubeIDE_1.10.1/STM32CubeIDE/plugins/com.st.stm32cube.ide.mcu.externaltools.gnu-tools-for-stm32.11.3.rel1.win32_1.1.1.202309131626/tools/bin/../lib/gcc/arm-none-eabi/11.3.1/../../../../arm-none-eabi/lib/thumb/v7e-m+fp/hard\libc_nano.a(libc_a-sbrkr.o)
                0x00000000080263fc                _sbrk_r
 .text.__errno  0x000000000802641c        0xc C:/ST/STM32CubeIDE_1.10.1/STM32CubeIDE/plugins/com.st.stm32cube.ide.mcu.externaltools.gnu-tools-for-stm32.11.3.rel1.win32_1.1.1.202309131626/tools/bin/../lib/gcc/arm-none-eabi/11.3.1/../../../../arm-none-eabi/lib/thumb/v7e-m+fp/hard\libc_nano.a(libc_a-errno.o)
                0x000000000802641c                __errno
 .text.__libc_init_array
                0x0000000008026428       0x48 C:/ST/STM32CubeIDE_1.10.1/STM32CubeIDE/plugins/com.st.stm32cube.ide.mcu.externaltools.gnu-tools-for-stm32.11.3.rel1.win32_1.1.1.202309131626/tools/bin/../lib/gcc/arm-none-eabi/11.3.1/../../../../arm-none-eabi/lib/thumb/v7e-m+fp/hard\libc_nano.a(libc_a-init.o)
                0x0000000008026428                __libc_init_array
 .text.__retarget_lock_acquire_recursive
                0x0000000008026470        0x2 C:/ST/STM32CubeIDE_1.10.1/STM32CubeIDE/plugins/com.st.stm32cube.ide.mcu.externaltools.gnu-tools-for-stm32.11.3.rel1.win32_1.1.1.202309131626/tools/bin/../lib/gcc/arm-none-eabi/11.3.1/../../../../arm-none-eabi/lib/thumb/v7e-m+fp/hard\libc_nano.a(libc_a-lock.o)
                0x0000000008026470                __retarget_lock_acquire_recursive
 .text.__retarget_lock_release_recursive
                0x0000000008026472        0x2 C:/ST/STM32CubeIDE_1.10.1/STM32CubeIDE/plugins/com.st.stm32cube.ide.mcu.externaltools.gnu-tools-for-stm32.11.3.rel1.win32_1.1.1.202309131626/tools/bin/../lib/gcc/arm-none-eabi/11.3.1/../../../../arm-none-eabi/lib/thumb/v7e-m+fp/hard\libc_nano.a(libc_a-lock.o)
                0x0000000008026472                __retarget_lock_release_recursive
 .text.memcpy   0x0000000008026474       0x1c C:/ST/STM32CubeIDE_1.10.1/STM32CubeIDE/plugins/com.st.stm32cube.ide.mcu.externaltools.gnu-tools-for-stm32.11.3.rel1.win32_1.1.1.202309131626/tools/bin/../lib/gcc/arm-none-eabi/11.3.1/../../../../arm-none-eabi/lib/thumb/v7e-m+fp/hard\libc_nano.a(libc_a-memcpy-stub.o)
                0x0000000008026474                memcpy
 .text._free_r  0x0000000008026490       0x98 C:/ST/STM32CubeIDE_1.10.1/STM32CubeIDE/plugins/com.st.stm32cube.ide.mcu.externaltools.gnu-tools-for-stm32.11.3.rel1.win32_1.1.1.202309131626/tools/bin/../lib/gcc/arm-none-eabi/11.3.1/../../../../arm-none-eabi/lib/thumb/v7e-m+fp/hard\libc_nano.a(libc_a-freer.o)
                0x0000000008026490                _free_r
 .text.__ssputs_r
                0x0000000008026528       0xb4 C:/ST/STM32CubeIDE_1.10.1/STM32CubeIDE/plugins/com.st.stm32cube.ide.mcu.externaltools.gnu-tools-for-stm32.11.3.rel1.win32_1.1.1.202309131626/tools/bin/../lib/gcc/arm-none-eabi/11.3.1/../../../../arm-none-eabi/lib/thumb/v7e-m+fp/hard\libc_nano.a(libc_a-nano-svfprintf.o)
                0x0000000008026528                __ssputs_r
 .text._svfprintf_r
                0x00000000080265dc      0x1fc C:/ST/STM32CubeIDE_1.10.1/STM32CubeIDE/plugins/com.st.stm32cube.ide.mcu.externaltools.gnu-tools-for-stm32.11.3.rel1.win32_1.1.1.202309131626/tools/bin/../lib/gcc/arm-none-eabi/11.3.1/../../../../arm-none-eabi/lib/thumb/v7e-m+fp/hard\libc_nano.a(libc_a-nano-svfprintf.o)
                0x00000000080265dc                _svfiprintf_r
                0x00000000080265dc                _svfprintf_r
 .text._printf_common
                0x00000000080267d8       0xda C:/ST/STM32CubeIDE_1.10.1/STM32CubeIDE/plugins/com.st.stm32cube.ide.mcu.externaltools.gnu-tools-for-stm32.11.3.rel1.win32_1.1.1.202309131626/tools/bin/../lib/gcc/arm-none-eabi/11.3.1/../../../../arm-none-eabi/lib/thumb/v7e-m+fp/hard\libc_nano.a(libc_a-nano-vfprintf_i.o)
                0x00000000080267d8                _printf_common
 *fill*         0x00000000080268b2        0x2 
 .text._printf_i
                0x00000000080268b4      0x244 C:/ST/STM32CubeIDE_1.10.1/STM32CubeIDE/plugins/com.st.stm32cube.ide.mcu.externaltools.gnu-tools-for-stm32.11.3.rel1.win32_1.1.1.202309131626/tools/bin/../lib/gcc/arm-none-eabi/11.3.1/../../../../arm-none-eabi/lib/thumb/v7e-m+fp/hard\libc_nano.a(libc_a-nano-vfprintf_i.o)
                0x00000000080268b4                _printf_i
 .text.memmove  0x0000000008026af8       0x34 C:/ST/STM32CubeIDE_1.10.1/STM32CubeIDE/plugins/com.st.stm32cube.ide.mcu.externaltools.gnu-tools-for-stm32.11.3.rel1.win32_1.1.1.202309131626/tools/bin/../lib/gcc/arm-none-eabi/11.3.1/../../../../arm-none-eabi/lib/thumb/v7e-m+fp/hard\libc_nano.a(libc_a-memmove.o)
                0x0000000008026af8                memmove
 .text._realloc_r
                0x0000000008026b2c       0x5e C:/ST/STM32CubeIDE_1.10.1/STM32CubeIDE/plugins/com.st.stm32cube.ide.mcu.externaltools.gnu-tools-for-stm32.11.3.rel1.win32_1.1.1.202309131626/tools/bin/../lib/gcc/arm-none-eabi/11.3.1/../../../../arm-none-eabi/lib/thumb/v7e-m+fp/hard\libc_nano.a(libc_a-reallocr.o)
                0x0000000008026b2c                _realloc_r
 .text._malloc_usable_size_r
                0x0000000008026b8a       0x10 C:/ST/STM32CubeIDE_1.10.1/STM32CubeIDE/plugins/com.st.stm32cube.ide.mcu.externaltools.gnu-tools-for-stm32.11.3.rel1.win32_1.1.1.202309131626/tools/bin/../lib/gcc/arm-none-eabi/11.3.1/../../../../arm-none-eabi/lib/thumb/v7e-m+fp/hard\libc_nano.a(libc_a-msizer.o)
                0x0000000008026b8a                _malloc_usable_size_r
 *(.glue_7)
 .glue_7        0x0000000008026b9a        0x0 linker stubs
 *(.glue_7t)
 .glue_7t       0x0000000008026b9a        0x0 linker stubs
 *(.eh_frame)
 *fill*         0x0000000008026b9a        0x2 
 .eh_frame      0x0000000008026b9c        0x0 C:/ST/STM32CubeIDE_1.10.1/STM32CubeIDE/plugins/com.st.stm32cube.ide.mcu.externaltools.gnu-tools-for-stm32.11.3.rel1.win32_1.1.1.202309131626/tools/bin/../lib/gcc/arm-none-eabi/11.3.1/thumb/v7e-m+fp/hard/crtbegin.o
 *(.init)
 .init          0x0000000008026b9c        0x4 C:/ST/STM32CubeIDE_1.10.1/STM32CubeIDE/plugins/com.st.stm32cube.ide.mcu.externaltools.gnu-tools-for-stm32.11.3.rel1.win32_1.1.1.202309131626/tools/bin/../lib/gcc/arm-none-eabi/11.3.1/thumb/v7e-m+fp/hard/crti.o
                0x0000000008026b9c                _init
 .init          0x0000000008026ba0        0x8 C:/ST/STM32CubeIDE_1.10.1/STM32CubeIDE/plugins/com.st.stm32cube.ide.mcu.externaltools.gnu-tools-for-stm32.11.3.rel1.win32_1.1.1.202309131626/tools/bin/../lib/gcc/arm-none-eabi/11.3.1/thumb/v7e-m+fp/hard/crtn.o
 *(.fini)
 .fini          0x0000000008026ba8        0x4 C:/ST/STM32CubeIDE_1.10.1/STM32CubeIDE/plugins/com.st.stm32cube.ide.mcu.externaltools.gnu-tools-for-stm32.11.3.rel1.win32_1.1.1.202309131626/tools/bin/../lib/gcc/arm-none-eabi/11.3.1/thumb/v7e-m+fp/hard/crti.o
                0x0000000008026ba8                _fini
 .fini          0x0000000008026bac        0x8 C:/ST/STM32CubeIDE_1.10.1/STM32CubeIDE/plugins/com.st.stm32cube.ide.mcu.externaltools.gnu-tools-for-stm32.11.3.rel1.win32_1.1.1.202309131626/tools/bin/../lib/gcc/arm-none-eabi/11.3.1/thumb/v7e-m+fp/hard/crtn.o
                0x0000000008026bb4                . = ALIGN (0x4)
                0x0000000008026bb4                _etext = .

.vfp11_veneer   0x0000000008026bb4        0x0
 .vfp11_veneer  0x0000000008026bb4        0x0 linker stubs

.v4_bx          0x0000000008026bb4        0x0
 .v4_bx         0x0000000008026bb4        0x0 linker stubs

.iplt           0x0000000008026bb4        0x0
 .iplt          0x0000000008026bb4        0x0 C:/ST/STM32CubeIDE_1.10.1/STM32CubeIDE/plugins/com.st.stm32cube.ide.mcu.externaltools.gnu-tools-for-stm32.11.3.rel1.win32_1.1.1.202309131626/tools/bin/../lib/gcc/arm-none-eabi/11.3.1/thumb/v7e-m+fp/hard/crtbegin.o

.rodata         0x0000000008026bb4     0xb848
                0x0000000008026bb4                . = ALIGN (0x4)
 *(.rodata)
 .rodata        0x0000000008026bb4       0x14 ./Core/Src/lt7911ux.o
 *(.rodata*)
 .rodata.LT7911_FW
                0x0000000008026bc8     0xb689 ./Core/Src/lt7911_fw.o
                0x0000000008026bc8                LT7911_FW
 .rodata.LT7911_ReadbackFirmware.str1.1
                0x0000000008032251       0x10 ./Core/Src/lt7911ux.o
 .rodata.LT7911_WriteFirmware.str1.1
                0x0000000008032261        0xf ./Core/Src/lt7911ux.o
 .rodata.lt7911_firmware_update_init.str1.1
                0x0000000008032270       0xe6 ./Core/Src/lt7911ux.o
 .rodata.__FUNCTION__.0
                0x0000000008032356       0x15 ./Core/Src/lt7911ux.o
 .rodata.AHBPrescTable
                0x000000000803236b       0x10 ./Core/Src/system_stm32f7xx.o
                0x000000000803236b                AHBPrescTable
 .rodata.flagBitshiftOffset.0
                0x000000000803237b        0x8 ./Drivers/STM32F7xx_HAL_Driver/Src/stm32f7xx_hal_dma.o
 .rodata.USBD_FS_ManufacturerStrDescriptor.str1.1
                0x0000000008032383       0x13 ./USB_DEVICE/App/usbd_desc.o
 .rodata.USBD_FS_ProductStrDescriptor.str1.1
                0x0000000008032396       0x16 ./USB_DEVICE/App/usbd_desc.o
 .rodata.USBD_FS_ConfigStrDescriptor.str1.1
                0x00000000080323ac        0xb ./USB_DEVICE/App/usbd_desc.o
 .rodata.USBD_FS_InterfaceStrDescriptor.str1.1
                0x00000000080323b7        0xe ./USB_DEVICE/App/usbd_desc.o
 .rodata.CSWTCH.24
                0x00000000080323c5        0x4 ./USB_DEVICE/Target/usbd_conf.o
 .rodata._svfprintf_r.str1.1
                0x00000000080323c9       0x11 C:/ST/STM32CubeIDE_1.10.1/STM32CubeIDE/plugins/com.st.stm32cube.ide.mcu.externaltools.gnu-tools-for-stm32.11.3.rel1.win32_1.1.1.202309131626/tools/bin/../lib/gcc/arm-none-eabi/11.3.1/../../../../arm-none-eabi/lib/thumb/v7e-m+fp/hard\libc_nano.a(libc_a-nano-svfprintf.o)
 .rodata._printf_i.str1.1
                0x00000000080323da       0x22 C:/ST/STM32CubeIDE_1.10.1/STM32CubeIDE/plugins/com.st.stm32cube.ide.mcu.externaltools.gnu-tools-for-stm32.11.3.rel1.win32_1.1.1.202309131626/tools/bin/../lib/gcc/arm-none-eabi/11.3.1/../../../../arm-none-eabi/lib/thumb/v7e-m+fp/hard\libc_nano.a(libc_a-nano-vfprintf_i.o)
                0x00000000080323fc                . = ALIGN (0x4)

.ARM.extab      0x00000000080323fc        0x0
                0x00000000080323fc                . = ALIGN (0x4)
 *(.ARM.extab* .gnu.linkonce.armextab.*)
                0x00000000080323fc                . = ALIGN (0x4)

.ARM            0x00000000080323fc        0x8
                0x00000000080323fc                . = ALIGN (0x4)
                0x00000000080323fc                __exidx_start = .
 *(.ARM.exidx*)
 .ARM.exidx     0x00000000080323fc        0x8 C:/ST/STM32CubeIDE_1.10.1/STM32CubeIDE/plugins/com.st.stm32cube.ide.mcu.externaltools.gnu-tools-for-stm32.11.3.rel1.win32_1.1.1.202309131626/tools/bin/../lib/gcc/arm-none-eabi/11.3.1/thumb/v7e-m+fp/hard\libgcc.a(_udivmoddi4.o)
                0x0000000008032404                __exidx_end = .
                0x0000000008032404                . = ALIGN (0x4)

.rel.dyn        0x0000000008032404        0x0
 .rel.iplt      0x0000000008032404        0x0 C:/ST/STM32CubeIDE_1.10.1/STM32CubeIDE/plugins/com.st.stm32cube.ide.mcu.externaltools.gnu-tools-for-stm32.11.3.rel1.win32_1.1.1.202309131626/tools/bin/../lib/gcc/arm-none-eabi/11.3.1/thumb/v7e-m+fp/hard/crtbegin.o

.preinit_array  0x0000000008032404        0x0
                0x0000000008032404                . = ALIGN (0x4)
                0x0000000008032404                PROVIDE (__preinit_array_start = .)
 *(.preinit_array*)
                0x0000000008032404                PROVIDE (__preinit_array_end = .)
                0x0000000008032404                . = ALIGN (0x4)

.init_array     0x0000000008032404        0x4
                0x0000000008032404                . = ALIGN (0x4)
                0x0000000008032404                PROVIDE (__init_array_start = .)
 *(SORT_BY_NAME(.init_array.*))
 *(.init_array*)
 .init_array    0x0000000008032404        0x4 C:/ST/STM32CubeIDE_1.10.1/STM32CubeIDE/plugins/com.st.stm32cube.ide.mcu.externaltools.gnu-tools-for-stm32.11.3.rel1.win32_1.1.1.202309131626/tools/bin/../lib/gcc/arm-none-eabi/11.3.1/thumb/v7e-m+fp/hard/crtbegin.o
                0x0000000008032408                PROVIDE (__init_array_end = .)
                0x0000000008032408                . = ALIGN (0x4)

.fini_array     0x0000000008032408        0x4
                0x0000000008032408                . = ALIGN (0x4)
                [!provide]                        PROVIDE (__fini_array_start = .)
 *(SORT_BY_NAME(.fini_array.*))
 *(.fini_array*)
 .fini_array    0x0000000008032408        0x4 C:/ST/STM32CubeIDE_1.10.1/STM32CubeIDE/plugins/com.st.stm32cube.ide.mcu.externaltools.gnu-tools-for-stm32.11.3.rel1.win32_1.1.1.202309131626/tools/bin/../lib/gcc/arm-none-eabi/11.3.1/thumb/v7e-m+fp/hard/crtbegin.o
                [!provide]                        PROVIDE (__fini_array_end = .)
                0x000000000803240c                . = ALIGN (0x4)
                0x000000000803240c                _sidata = LOADADDR (.data)

.data           0x0000000020000000      0x160 load address 0x000000000803240c
                0x0000000020000000                . = ALIGN (0x4)
                0x0000000020000000                _sdata = .
 *(.data)
 *(.data*)
 .data.SystemCoreClock
                0x0000000020000000        0x4 ./Core/Src/system_stm32f7xx.o
                0x0000000020000000                SystemCoreClock
 .data.uwTickFreq
                0x0000000020000004        0x1 ./Drivers/STM32F7xx_HAL_Driver/Src/stm32f7xx_hal.o
                0x0000000020000004                uwTickFreq
 *fill*         0x0000000020000005        0x3 
 .data.uwTickPrio
                0x0000000020000008        0x4 ./Drivers/STM32F7xx_HAL_Driver/Src/stm32f7xx_hal.o
                0x0000000020000008                uwTickPrio
 .data.USBD_CDC
                0x000000002000000c       0x38 ./Middlewares/ST/STM32_USB_Device_Library/Class/CDC/Src/usbd_cdc.o
                0x000000002000000c                USBD_CDC
 .data.USBD_CDC_CfgDesc
                0x0000000020000044       0x43 ./Middlewares/ST/STM32_USB_Device_Library/Class/CDC/Src/usbd_cdc.o
 *fill*         0x0000000020000087        0x1 
 .data.USBD_CDC_DeviceQualifierDesc
                0x0000000020000088        0xa ./Middlewares/ST/STM32_USB_Device_Library/Class/CDC/Src/usbd_cdc.o
 *fill*         0x0000000020000092        0x2 
 .data.LineCoding
                0x0000000020000094        0x8 ./USB_DEVICE/App/usbd_cdc_if.o
                0x0000000020000094                LineCoding
 .data.USBD_Interface_fops_FS
                0x000000002000009c       0x14 ./USB_DEVICE/App/usbd_cdc_if.o
                0x000000002000009c                USBD_Interface_fops_FS
 .data.FS_Desc  0x00000000200000b0       0x20 ./USB_DEVICE/App/usbd_desc.o
                0x00000000200000b0                FS_Desc
 .data.USBD_FS_BOSDesc
                0x00000000200000d0        0xc ./USB_DEVICE/App/usbd_desc.o
                0x00000000200000d0                USBD_FS_BOSDesc
 .data.USBD_FS_DeviceDesc
                0x00000000200000dc       0x12 ./USB_DEVICE/App/usbd_desc.o
                0x00000000200000dc                USBD_FS_DeviceDesc
 *fill*         0x00000000200000ee        0x2 
 .data.USBD_LangIDDesc
                0x00000000200000f0        0x4 ./USB_DEVICE/App/usbd_desc.o
                0x00000000200000f0                USBD_LangIDDesc
 .data.USBD_StringSerial
                0x00000000200000f4       0x1a ./USB_DEVICE/App/usbd_desc.o
                0x00000000200000f4                USBD_StringSerial
 *fill*         0x000000002000010e        0x2 
 .data._impure_data
                0x0000000020000110       0x4c C:/ST/STM32CubeIDE_1.10.1/STM32CubeIDE/plugins/com.st.stm32cube.ide.mcu.externaltools.gnu-tools-for-stm32.11.3.rel1.win32_1.1.1.202309131626/tools/bin/../lib/gcc/arm-none-eabi/11.3.1/../../../../arm-none-eabi/lib/thumb/v7e-m+fp/hard\libc_nano.a(libc_a-impure.o)
                0x0000000020000110                _impure_data
 .data._impure_ptr
                0x000000002000015c        0x4 C:/ST/STM32CubeIDE_1.10.1/STM32CubeIDE/plugins/com.st.stm32cube.ide.mcu.externaltools.gnu-tools-for-stm32.11.3.rel1.win32_1.1.1.202309131626/tools/bin/../lib/gcc/arm-none-eabi/11.3.1/../../../../arm-none-eabi/lib/thumb/v7e-m+fp/hard\libc_nano.a(libc_a-impure.o)
                0x000000002000015c                _impure_ptr
 *(.RamFunc)
 *(.RamFunc*)
                0x0000000020000160                . = ALIGN (0x4)
                0x0000000020000160                _edata = .

.igot.plt       0x0000000020000160        0x0 load address 0x000000000803256c
 .igot.plt      0x0000000020000160        0x0 C:/ST/STM32CubeIDE_1.10.1/STM32CubeIDE/plugins/com.st.stm32cube.ide.mcu.externaltools.gnu-tools-for-stm32.11.3.rel1.win32_1.1.1.202309131626/tools/bin/../lib/gcc/arm-none-eabi/11.3.1/thumb/v7e-m+fp/hard/crtbegin.o
                0x0000000020000160                . = ALIGN (0x4)

.bss            0x0000000020000160     0xd474 load address 0x000000000803256c
                0x0000000020000160                _sbss = .
                0x0000000020000160                __bss_start__ = _sbss
 *(.bss)
 .bss           0x0000000020000160       0x1c C:/ST/STM32CubeIDE_1.10.1/STM32CubeIDE/plugins/com.st.stm32cube.ide.mcu.externaltools.gnu-tools-for-stm32.11.3.rel1.win32_1.1.1.202309131626/tools/bin/../lib/gcc/arm-none-eabi/11.3.1/thumb/v7e-m+fp/hard/crtbegin.o
 *(.bss*)
 .bss.hi2c1     0x000000002000017c       0x54 ./Core/Src/i2c.o
                0x000000002000017c                hi2c1
 .bss.hi2c3     0x00000000200001d0       0x54 ./Core/Src/i2c.o
                0x00000000200001d0                hi2c3
 .bss.hdma_spi3_rx
                0x0000000020000224       0x60 ./Core/Src/i2s.o
                0x0000000020000224                hdma_spi3_rx
 .bss.hi2s3     0x0000000020000284       0x40 ./Core/Src/i2s.o
                0x0000000020000284                hi2s3
 .bss.FW_CRC    0x00000000200002c4        0x1 ./Core/Src/lt7911ux.o
                0x00000000200002c4                FW_CRC
 .bss.compare_bin
                0x00000000200002c5     0xb6a9 ./Core/Src/lt7911ux.o
                0x00000000200002c5                compare_bin
 .bss.als_ready
                0x000000002000b96e        0x1 ./Core/Src/main.o
                0x000000002000b96e                als_ready
 *fill*         0x000000002000b96f        0x1 
 .bss.i2s_data  0x000000002000b970       0x40 ./Core/Src/main.o
                0x000000002000b970                i2s_data
 .bss.ps_ready  0x000000002000b9b0        0x1 ./Core/Src/main.o
                0x000000002000b9b0                ps_ready
 *fill*         0x000000002000b9b1        0x1 
 .bss.sample_data
                0x000000002000b9b2       0x20 ./Core/Src/main.o
                0x000000002000b9b2                sample_data
 *fill*         0x000000002000b9d2        0x2 
 .bss.hspi2     0x000000002000b9d4       0x64 ./Core/Src/spi.o
                0x000000002000b9d4                hspi2
 .bss.hspi4     0x000000002000ba38       0x64 ./Core/Src/spi.o
                0x000000002000ba38                hspi4
 .bss.__sbrk_heap_end
                0x000000002000ba9c        0x4 ./Core/Src/sysmem.o
 .bss.uwTick    0x000000002000baa0        0x4 ./Drivers/STM32F7xx_HAL_Driver/Src/stm32f7xx_hal.o
                0x000000002000baa0                uwTick
 .bss.cfgidx.0  0x000000002000baa4        0x1 ./Middlewares/ST/STM32_USB_Device_Library/Core/Src/usbd_ctlreq.o
 *fill*         0x000000002000baa5        0x3 
 .bss.hUsbDeviceFS
                0x000000002000baa8      0x2dc ./USB_DEVICE/App/usb_device.o
                0x000000002000baa8                hUsbDeviceFS
 .bss.UserRxBufferFS
                0x000000002000bd84      0x800 ./USB_DEVICE/App/usbd_cdc_if.o
                0x000000002000bd84                UserRxBufferFS
 .bss.UserTxBufferFS
                0x000000002000c584      0x800 ./USB_DEVICE/App/usbd_cdc_if.o
                0x000000002000c584                UserTxBufferFS
 .bss.USBD_StrDesc
                0x000000002000cd84      0x200 ./USB_DEVICE/App/usbd_desc.o
                0x000000002000cd84                USBD_StrDesc
 .bss.hpcd_USB_OTG_FS
                0x000000002000cf84      0x508 ./USB_DEVICE/Target/usbd_conf.o
                0x000000002000cf84                hpcd_USB_OTG_FS
 .bss.__malloc_free_list
                0x000000002000d48c        0x4 C:/ST/STM32CubeIDE_1.10.1/STM32CubeIDE/plugins/com.st.stm32cube.ide.mcu.externaltools.gnu-tools-for-stm32.11.3.rel1.win32_1.1.1.202309131626/tools/bin/../lib/gcc/arm-none-eabi/11.3.1/../../../../arm-none-eabi/lib/thumb/v7e-m+fp/hard\libc_nano.a(libc_a-mallocr.o)
                0x000000002000d48c                __malloc_free_list
 .bss.__malloc_sbrk_start
                0x000000002000d490        0x4 C:/ST/STM32CubeIDE_1.10.1/STM32CubeIDE/plugins/com.st.stm32cube.ide.mcu.externaltools.gnu-tools-for-stm32.11.3.rel1.win32_1.1.1.202309131626/tools/bin/../lib/gcc/arm-none-eabi/11.3.1/../../../../arm-none-eabi/lib/thumb/v7e-m+fp/hard\libc_nano.a(libc_a-mallocr.o)
                0x000000002000d490                __malloc_sbrk_start
 .bss.__sf      0x000000002000d494      0x138 C:/ST/STM32CubeIDE_1.10.1/STM32CubeIDE/plugins/com.st.stm32cube.ide.mcu.externaltools.gnu-tools-for-stm32.11.3.rel1.win32_1.1.1.202309131626/tools/bin/../lib/gcc/arm-none-eabi/11.3.1/../../../../arm-none-eabi/lib/thumb/v7e-m+fp/hard\libc_nano.a(libc_a-findfp.o)
                0x000000002000d494                __sf
 .bss.errno     0x000000002000d5cc        0x4 C:/ST/STM32CubeIDE_1.10.1/STM32CubeIDE/plugins/com.st.stm32cube.ide.mcu.externaltools.gnu-tools-for-stm32.11.3.rel1.win32_1.1.1.202309131626/tools/bin/../lib/gcc/arm-none-eabi/11.3.1/../../../../arm-none-eabi/lib/thumb/v7e-m+fp/hard\libc_nano.a(libc_a-reent.o)
                0x000000002000d5cc                errno
 .bss.__lock___malloc_recursive_mutex
                0x000000002000d5d0        0x1 C:/ST/STM32CubeIDE_1.10.1/STM32CubeIDE/plugins/com.st.stm32cube.ide.mcu.externaltools.gnu-tools-for-stm32.11.3.rel1.win32_1.1.1.202309131626/tools/bin/../lib/gcc/arm-none-eabi/11.3.1/../../../../arm-none-eabi/lib/thumb/v7e-m+fp/hard\libc_nano.a(libc_a-lock.o)
                0x000000002000d5d0                __lock___malloc_recursive_mutex
 *(COMMON)
                0x000000002000d5d4                . = ALIGN (0x4)
 *fill*         0x000000002000d5d1        0x3 
                0x000000002000d5d4                _ebss = .
                0x000000002000d5d4                __bss_end__ = _ebss

._user_heap_stack
                0x000000002000d5d4      0x604 load address 0x000000000803256c
                0x000000002000d5d8                . = ALIGN (0x8)
 *fill*         0x000000002000d5d4        0x4 
                [!provide]                        PROVIDE (end = .)
                0x000000002000d5d8                PROVIDE (_end = .)
                0x000000002000d7d8                . = (. + _Min_Heap_Size)
 *fill*         0x000000002000d5d8      0x200 
                0x000000002000dbd8                . = (. + _Min_Stack_Size)
 *fill*         0x000000002000d7d8      0x400 
                0x000000002000dbd8                . = ALIGN (0x8)

/DISCARD/
 libc.a(*)
 libm.a(*)
 libgcc.a(*)

.ARM.attributes
                0x0000000000000000       0x30
 *(.ARM.attributes)
 .ARM.attributes
                0x0000000000000000       0x1e C:/ST/STM32CubeIDE_1.10.1/STM32CubeIDE/plugins/com.st.stm32cube.ide.mcu.externaltools.gnu-tools-for-stm32.11.3.rel1.win32_1.1.1.202309131626/tools/bin/../lib/gcc/arm-none-eabi/11.3.1/thumb/v7e-m+fp/hard/crti.o
 .ARM.attributes
                0x000000000000001e       0x34 C:/ST/STM32CubeIDE_1.10.1/STM32CubeIDE/plugins/com.st.stm32cube.ide.mcu.externaltools.gnu-tools-for-stm32.11.3.rel1.win32_1.1.1.202309131626/tools/bin/../lib/gcc/arm-none-eabi/11.3.1/thumb/v7e-m+fp/hard/crtbegin.o
 .ARM.attributes
                0x0000000000000052       0x34 ./Core/Src/dma.o
 .ARM.attributes
                0x0000000000000086       0x34 ./Core/Src/gpio.o
 .ARM.attributes
                0x00000000000000ba       0x34 ./Core/Src/i2c.o
 .ARM.attributes
                0x00000000000000ee       0x34 ./Core/Src/i2s.o
 .ARM.attributes
                0x0000000000000122       0x34 ./Core/Src/lt7911_fw.o
 .ARM.attributes
                0x0000000000000156       0x34 ./Core/Src/lt7911ux.o
 .ARM.attributes
                0x000000000000018a       0x34 ./Core/Src/main.o
 .ARM.attributes
                0x00000000000001be       0x34 ./Core/Src/spi.o
 .ARM.attributes
                0x00000000000001f2       0x34 ./Core/Src/stm32f7xx_hal_msp.o
 .ARM.attributes
                0x0000000000000226       0x34 ./Core/Src/stm32f7xx_it.o
 .ARM.attributes
                0x000000000000025a       0x34 ./Core/Src/sysmem.o
 .ARM.attributes
                0x000000000000028e       0x34 ./Core/Src/system_stm32f7xx.o
 .ARM.attributes
                0x00000000000002c2       0x21 ./Core/Startup/startup_stm32f723veyx.o
 .ARM.attributes
                0x00000000000002e3       0x34 ./Drivers/STM32F7xx_HAL_Driver/Src/stm32f7xx_hal.o
 .ARM.attributes
                0x0000000000000317       0x34 ./Drivers/STM32F7xx_HAL_Driver/Src/stm32f7xx_hal_cortex.o
 .ARM.attributes
                0x000000000000034b       0x34 ./Drivers/STM32F7xx_HAL_Driver/Src/stm32f7xx_hal_dma.o
 .ARM.attributes
                0x000000000000037f       0x34 ./Drivers/STM32F7xx_HAL_Driver/Src/stm32f7xx_hal_gpio.o
 .ARM.attributes
                0x00000000000003b3       0x34 ./Drivers/STM32F7xx_HAL_Driver/Src/stm32f7xx_hal_i2c.o
 .ARM.attributes
                0x00000000000003e7       0x34 ./Drivers/STM32F7xx_HAL_Driver/Src/stm32f7xx_hal_i2c_ex.o
 .ARM.attributes
                0x000000000000041b       0x34 ./Drivers/STM32F7xx_HAL_Driver/Src/stm32f7xx_hal_i2s.o
 .ARM.attributes
                0x000000000000044f       0x34 ./Drivers/STM32F7xx_HAL_Driver/Src/stm32f7xx_hal_pcd.o
 .ARM.attributes
                0x0000000000000483       0x34 ./Drivers/STM32F7xx_HAL_Driver/Src/stm32f7xx_hal_pcd_ex.o
 .ARM.attributes
                0x00000000000004b7       0x34 ./Drivers/STM32F7xx_HAL_Driver/Src/stm32f7xx_hal_pwr_ex.o
 .ARM.attributes
                0x00000000000004eb       0x34 ./Drivers/STM32F7xx_HAL_Driver/Src/stm32f7xx_hal_rcc.o
 .ARM.attributes
                0x000000000000051f       0x34 ./Drivers/STM32F7xx_HAL_Driver/Src/stm32f7xx_hal_rcc_ex.o
 .ARM.attributes
                0x0000000000000553       0x34 ./Drivers/STM32F7xx_HAL_Driver/Src/stm32f7xx_hal_spi.o
 .ARM.attributes
                0x0000000000000587       0x34 ./Drivers/STM32F7xx_HAL_Driver/Src/stm32f7xx_ll_usb.o
 .ARM.attributes
                0x00000000000005bb       0x34 ./Middlewares/ST/STM32_USB_Device_Library/Class/CDC/Src/usbd_cdc.o
 .ARM.attributes
                0x00000000000005ef       0x34 ./Middlewares/ST/STM32_USB_Device_Library/Core/Src/usbd_core.o
 .ARM.attributes
                0x0000000000000623       0x34 ./Middlewares/ST/STM32_USB_Device_Library/Core/Src/usbd_ctlreq.o
 .ARM.attributes
                0x0000000000000657       0x34 ./Middlewares/ST/STM32_USB_Device_Library/Core/Src/usbd_ioreq.o
 .ARM.attributes
                0x000000000000068b       0x34 ./USB_DEVICE/App/usb_device.o
 .ARM.attributes
                0x00000000000006bf       0x34 ./USB_DEVICE/App/usbd_cdc_if.o
 .ARM.attributes
                0x00000000000006f3       0x34 ./USB_DEVICE/App/usbd_desc.o
 .ARM.attributes
                0x0000000000000727       0x34 ./USB_DEVICE/Target/usbd_conf.o
 .ARM.attributes
                0x000000000000075b       0x34 C:/ST/STM32CubeIDE_1.10.1/STM32CubeIDE/plugins/com.st.stm32cube.ide.mcu.externaltools.gnu-tools-for-stm32.11.3.rel1.win32_1.1.1.202309131626/tools/bin/../lib/gcc/arm-none-eabi/11.3.1/../../../../arm-none-eabi/lib/thumb/v7e-m+fp/hard\libc_nano.a(libc_a-malloc.o)
 .ARM.attributes
                0x000000000000078f       0x34 C:/ST/STM32CubeIDE_1.10.1/STM32CubeIDE/plugins/com.st.stm32cube.ide.mcu.externaltools.gnu-tools-for-stm32.11.3.rel1.win32_1.1.1.202309131626/tools/bin/../lib/gcc/arm-none-eabi/11.3.1/../../../../arm-none-eabi/lib/thumb/v7e-m+fp/hard\libc_nano.a(libc_a-mallocr.o)
 .ARM.attributes
                0x00000000000007c3       0x34 C:/ST/STM32CubeIDE_1.10.1/STM32CubeIDE/plugins/com.st.stm32cube.ide.mcu.externaltools.gnu-tools-for-stm32.11.3.rel1.win32_1.1.1.202309131626/tools/bin/../lib/gcc/arm-none-eabi/11.3.1/../../../../arm-none-eabi/lib/thumb/v7e-m+fp/hard\libc_nano.a(libc_a-mlock.o)
 .ARM.attributes
                0x00000000000007f7       0x34 C:/ST/STM32CubeIDE_1.10.1/STM32CubeIDE/plugins/com.st.stm32cube.ide.mcu.externaltools.gnu-tools-for-stm32.11.3.rel1.win32_1.1.1.202309131626/tools/bin/../lib/gcc/arm-none-eabi/11.3.1/../../../../arm-none-eabi/lib/thumb/v7e-m+fp/hard\libc_nano.a(libc_a-findfp.o)
 .ARM.attributes
                0x000000000000082b       0x34 C:/ST/STM32CubeIDE_1.10.1/STM32CubeIDE/plugins/com.st.stm32cube.ide.mcu.externaltools.gnu-tools-for-stm32.11.3.rel1.win32_1.1.1.202309131626/tools/bin/../lib/gcc/arm-none-eabi/11.3.1/../../../../arm-none-eabi/lib/thumb/v7e-m+fp/hard\libc_nano.a(libc_a-vsnprintf.o)
 .ARM.attributes
                0x000000000000085f       0x34 C:/ST/STM32CubeIDE_1.10.1/STM32CubeIDE/plugins/com.st.stm32cube.ide.mcu.externaltools.gnu-tools-for-stm32.11.3.rel1.win32_1.1.1.202309131626/tools/bin/../lib/gcc/arm-none-eabi/11.3.1/../../../../arm-none-eabi/lib/thumb/v7e-m+fp/hard\libc_nano.a(libc_a-memcmp.o)
 .ARM.attributes
                0x0000000000000893       0x34 C:/ST/STM32CubeIDE_1.10.1/STM32CubeIDE/plugins/com.st.stm32cube.ide.mcu.externaltools.gnu-tools-for-stm32.11.3.rel1.win32_1.1.1.202309131626/tools/bin/../lib/gcc/arm-none-eabi/11.3.1/../../../../arm-none-eabi/lib/thumb/v7e-m+fp/hard\libc_nano.a(libc_a-memset.o)
 .ARM.attributes
                0x00000000000008c7       0x34 C:/ST/STM32CubeIDE_1.10.1/STM32CubeIDE/plugins/com.st.stm32cube.ide.mcu.externaltools.gnu-tools-for-stm32.11.3.rel1.win32_1.1.1.202309131626/tools/bin/../lib/gcc/arm-none-eabi/11.3.1/../../../../arm-none-eabi/lib/thumb/v7e-m+fp/hard\libc_nano.a(libc_a-reent.o)
 .ARM.attributes